
As-needed library included to satisfy reference by file (symbol)

libarsal.so                   /home/heratom/Firefly-project/out/arsdk-native/build/libARCommands/obj/gen/Sources/ARCOMMANDS_Decoder.c.o (ARSAL_Mutex_Lock)
libc.so.6                     /home/heratom/Firefly-project/out/arsdk-native/build/libARCommands/obj/gen/Sources/ARCOMMANDS_ReadWrite.c.o (strcpy@@GLIBC_2.2.5)

Discarded input sections

 .text          0x0000000000000000        0x0 /usr/lib/gcc/x86_64-linux-gnu/4.8/../../../x86_64-linux-gnu/crti.o
 .data          0x0000000000000000        0x0 /usr/lib/gcc/x86_64-linux-gnu/4.8/../../../x86_64-linux-gnu/crti.o
 .bss           0x0000000000000000        0x0 /usr/lib/gcc/x86_64-linux-gnu/4.8/../../../x86_64-linux-gnu/crti.o
 .note.GNU-stack
                0x0000000000000000        0x0 /usr/lib/gcc/x86_64-linux-gnu/4.8/../../../x86_64-linux-gnu/crti.o
 .gnu_debuglink
                0x0000000000000000        0xc /usr/lib/gcc/x86_64-linux-gnu/4.8/../../../x86_64-linux-gnu/crti.o
 .data          0x0000000000000000        0x0 /usr/lib/gcc/x86_64-linux-gnu/4.8/crtbeginS.o
 .note.GNU-stack
                0x0000000000000000        0x0 /usr/lib/gcc/x86_64-linux-gnu/4.8/crtbeginS.o
 .text          0x0000000000000000        0x0 /home/heratom/Firefly-project/out/arsdk-native/build/libARCommands/obj/gen/Sources/ARCOMMANDS_Generator.c.o
 .data          0x0000000000000000        0x0 /home/heratom/Firefly-project/out/arsdk-native/build/libARCommands/obj/gen/Sources/ARCOMMANDS_Generator.c.o
 .bss           0x0000000000000000        0x0 /home/heratom/Firefly-project/out/arsdk-native/build/libARCommands/obj/gen/Sources/ARCOMMANDS_Generator.c.o
 .note.GNU-stack
                0x0000000000000000        0x0 /home/heratom/Firefly-project/out/arsdk-native/build/libARCommands/obj/gen/Sources/ARCOMMANDS_Generator.c.o
 .text          0x0000000000000000        0x0 /home/heratom/Firefly-project/out/arsdk-native/build/libARCommands/obj/gen/Sources/ARCOMMANDS_Decoder.c.o
 .data          0x0000000000000000        0x0 /home/heratom/Firefly-project/out/arsdk-native/build/libARCommands/obj/gen/Sources/ARCOMMANDS_Decoder.c.o
 .note.GNU-stack
                0x0000000000000000        0x0 /home/heratom/Firefly-project/out/arsdk-native/build/libARCommands/obj/gen/Sources/ARCOMMANDS_Decoder.c.o
 .text          0x0000000000000000        0x0 /home/heratom/Firefly-project/out/arsdk-native/build/libARCommands/obj/gen/Sources/ARCOMMANDS_Filter.c.o
 .data          0x0000000000000000        0x0 /home/heratom/Firefly-project/out/arsdk-native/build/libARCommands/obj/gen/Sources/ARCOMMANDS_Filter.c.o
 .bss           0x0000000000000000        0x0 /home/heratom/Firefly-project/out/arsdk-native/build/libARCommands/obj/gen/Sources/ARCOMMANDS_Filter.c.o
 .note.GNU-stack
                0x0000000000000000        0x0 /home/heratom/Firefly-project/out/arsdk-native/build/libARCommands/obj/gen/Sources/ARCOMMANDS_Filter.c.o
 .text          0x0000000000000000        0x0 /home/heratom/Firefly-project/out/arsdk-native/build/libARCommands/obj/gen/Sources/ARCOMMANDS_ReadWrite.c.o
 .data          0x0000000000000000        0x0 /home/heratom/Firefly-project/out/arsdk-native/build/libARCommands/obj/gen/Sources/ARCOMMANDS_ReadWrite.c.o
 .bss           0x0000000000000000        0x0 /home/heratom/Firefly-project/out/arsdk-native/build/libARCommands/obj/gen/Sources/ARCOMMANDS_ReadWrite.c.o
 .note.GNU-stack
                0x0000000000000000        0x0 /home/heratom/Firefly-project/out/arsdk-native/build/libARCommands/obj/gen/Sources/ARCOMMANDS_ReadWrite.c.o
 .text          0x0000000000000000        0x0 /home/heratom/Firefly-project/out/arsdk-native/build/libARCommands/obj/Sources/ARCOMMANDS_Version.c.o
 .data          0x0000000000000000        0x0 /home/heratom/Firefly-project/out/arsdk-native/build/libARCommands/obj/Sources/ARCOMMANDS_Version.c.o
 .bss           0x0000000000000000        0x0 /home/heratom/Firefly-project/out/arsdk-native/build/libARCommands/obj/Sources/ARCOMMANDS_Version.c.o
 .note.GNU-stack
                0x0000000000000000        0x0 /home/heratom/Firefly-project/out/arsdk-native/build/libARCommands/obj/Sources/ARCOMMANDS_Version.c.o
 .text          0x0000000000000000        0x0 /usr/lib/gcc/x86_64-linux-gnu/4.8/crtendS.o
 .data          0x0000000000000000        0x0 /usr/lib/gcc/x86_64-linux-gnu/4.8/crtendS.o
 .bss           0x0000000000000000        0x0 /usr/lib/gcc/x86_64-linux-gnu/4.8/crtendS.o
 .note.GNU-stack
                0x0000000000000000        0x0 /usr/lib/gcc/x86_64-linux-gnu/4.8/crtendS.o
 .text          0x0000000000000000        0x0 /usr/lib/gcc/x86_64-linux-gnu/4.8/../../../x86_64-linux-gnu/crtn.o
 .data          0x0000000000000000        0x0 /usr/lib/gcc/x86_64-linux-gnu/4.8/../../../x86_64-linux-gnu/crtn.o
 .bss           0x0000000000000000        0x0 /usr/lib/gcc/x86_64-linux-gnu/4.8/../../../x86_64-linux-gnu/crtn.o
 .note.GNU-stack
[...]
Memory Configuration

Name             Origin             Length             Attributes
*default*        0x0000000000000000 0xffffffffffffffff

Linker script and memory map

LOAD /usr/lib/gcc/x86_64-linux-gnu/4.8/../../../x86_64-linux-gnu/crti.o
LOAD /usr/lib/gcc/x86_64-linux-gnu/4.8/crtbeginS.o
LOAD /home/heratom/Firefly-project/out/arsdk-native/build/libARCommands/obj/gen/Sources/ARCOMMANDS_Generator.c.o
LOAD /home/heratom/Firefly-project/out/arsdk-native/build/libARCommands/obj/gen/Sources/ARCOMMANDS_Decoder.c.o
LOAD /home/heratom/Firefly-project/out/arsdk-native/build/libARCommands/obj/gen/Sources/ARCOMMANDS_Filter.c.o
LOAD /home/heratom/Firefly-project/out/arsdk-native/build/libARCommands/obj/gen/Sources/ARCOMMANDS_ReadWrite.c.o
LOAD /home/heratom/Firefly-project/out/arsdk-native/build/libARCommands/obj/Sources/ARCOMMANDS_Version.c.o
LOAD /home/heratom/Firefly-project/out/arsdk-native/staging/usr/lib/libarsal.so
LOAD /usr/lib/gcc/x86_64-linux-gnu/4.8/../../../x86_64-linux-gnu/librt.so
LOAD /usr/lib/gcc/x86_64-linux-gnu/4.8/libstdc++.so
LOAD /usr/lib/gcc/x86_64-linux-gnu/4.8/../../../x86_64-linux-gnu/libm.so
LOAD /usr/lib/gcc/x86_64-linux-gnu/4.8/libgcc_s.so
LOAD /usr/lib/gcc/x86_64-linux-gnu/4.8/../../../x86_64-linux-gnu/libpthread.so
START GROUP
LOAD /lib/x86_64-linux-gnu/libpthread.so.0
LOAD /usr/lib/x86_64-linux-gnu/libpthread_nonshared.a
END GROUP
LOAD /usr/lib/gcc/x86_64-linux-gnu/4.8/../../../x86_64-linux-gnu/libc.so
START GROUP
LOAD /lib/x86_64-linux-gnu/libc.so.6
LOAD /usr/lib/x86_64-linux-gnu/libc_nonshared.a
LOAD /lib/x86_64-linux-gnu/ld-linux-x86-64.so.2
END GROUP
LOAD /usr/lib/gcc/x86_64-linux-gnu/4.8/libgcc_s.so
LOAD /usr/lib/gcc/x86_64-linux-gnu/4.8/crtendS.o
LOAD /usr/lib/gcc/x86_64-linux-gnu/4.8/../../../x86_64-linux-gnu/crtn.o
                0x00000000000001c8                . = (0x0 + SIZEOF_HEADERS)

.note.gnu.build-id
                0x00000000000001c8       0x24
 *(.note.gnu.build-id)
 .note.gnu.build-id
                0x00000000000001c8       0x24 /usr/lib/gcc/x86_64-linux-gnu/4.8/../../../x86_64-linux-gnu/crti.o

.hash
 *(.hash)

.gnu.hash       0x00000000000001f0     0x2a38
 *(.gnu.hash)
 .gnu.hash      0x00000000000001f0     0x2a38 /usr/lib/gcc/x86_64-linux-gnu/4.8/../../../x86_64-linux-gnu/crti.o

.dynsym         0x0000000000002c28     0x8628
 *(.dynsym)
 .dynsym        0x0000000000002c28     0x8628 /usr/lib/gcc/x86_64-linux-gnu/4.8/../../../x86_64-linux-gnu/crti.o

.dynstr         0x000000000000b250    0x16c19
 *(.dynstr)
 .dynstr        0x000000000000b250    0x16c19 /usr/lib/gcc/x86_64-linux-gnu/4.8/../../../x86_64-linux-gnu/crti.o

.gnu.version    0x0000000000021e6a      0xb2e
 *(.gnu.version)
 .gnu.version   0x0000000000021e6a      0xb2e /usr/lib/gcc/x86_64-linux-gnu/4.8/../../../x86_64-linux-gnu/crti.o

.gnu.version_d  0x0000000000022998        0x0
 *(.gnu.version_d)
 .gnu.version_d
                0x0000000000000000        0x0 /usr/lib/gcc/x86_64-linux-gnu/4.8/../../../x86_64-linux-gnu/crti.o

.gnu.version_r  0x0000000000022998       0x40
 *(.gnu.version_r)
 .gnu.version_r
                0x0000000000022998       0x40 /usr/lib/gcc/x86_64-linux-gnu/4.8/../../../x86_64-linux-gnu/crti.o

.rela.dyn       0x00000000000229d8       0xc0
 *(.rela.init)
 *(.rela.text .rela.text.* .rela.gnu.linkonce.t.*)
 .rela.text     0x0000000000000000        0x0 /usr/lib/gcc/x86_64-linux-gnu/4.8/../../../x86_64-linux-gnu/crti.o
 *(.rela.fini)
 *(.rela.rodata .rela.rodata.* .rela.gnu.linkonce.r.*)
 *(.rela.data .rela.data.* .rela.gnu.linkonce.d.*)
 .rela.data.rel
                0x00000000000229d8       0x18 /usr/lib/gcc/x86_64-linux-gnu/4.8/../../../x86_64-linux-gnu/crti.o
 *(.rela.tdata .rela.tdata.* .rela.gnu.linkonce.td.*)
 *(.rela.tbss .rela.tbss.* .rela.gnu.linkonce.tb.*)
 *(.rela.ctors)
 *(.rela.dtors)
 *(.rela.got)
 .rela.got      0x00000000000229f0       0x78 /usr/lib/gcc/x86_64-linux-gnu/4.8/../../../x86_64-linux-gnu/crti.o
 *(.rela.bss .rela.bss.* .rela.gnu.linkonce.b.*)
 *(.rela.ldata .rela.ldata.* .rela.gnu.linkonce.l.*)
 *(.rela.lbss .rela.lbss.* .rela.gnu.linkonce.lb.*)
 *(.rela.lrodata .rela.lrodata.* .rela.gnu.linkonce.lr.*)
 *(.rela.ifunc)
 .rela.ifunc    0x0000000000000000        0x0 /usr/lib/gcc/x86_64-linux-gnu/4.8/../../../x86_64-linux-gnu/crti.o
 .rela.fini_array
                0x0000000000022a68       0x18 /usr/lib/gcc/x86_64-linux-gnu/4.8/../../../x86_64-linux-gnu/crti.o
 .rela.init_array
                0x0000000000022a80       0x18 /usr/lib/gcc/x86_64-linux-gnu/4.8/../../../x86_64-linux-gnu/crti.o

.rela.plt       0x0000000000022a98      0x390
 *(.rela.plt)
 .rela.plt      0x0000000000022a98      0x390 /usr/lib/gcc/x86_64-linux-gnu/4.8/../../../x86_64-linux-gnu/crti.o
 *(.rela.iplt)

.init           0x0000000000022e28       0x1a
 *(SORT(.init))
 .init          0x0000000000022e28       0x15 /usr/lib/gcc/x86_64-linux-gnu/4.8/../../../x86_64-linux-gnu/crti.o
                0x0000000000022e28                _init
 .init          0x0000000000022e3d        0x5 /usr/lib/gcc/x86_64-linux-gnu/4.8/../../../x86_64-linux-gnu/crtn.o

.plt            0x0000000000022e50      0x270
 *(.plt)
 .plt           0x0000000000022e50      0x270 /usr/lib/gcc/x86_64-linux-gnu/4.8/../../../x86_64-linux-gnu/crti.o
 *(.iplt)

.text           0x00000000000230c0    0x44a13
 *(.text.unlikely .text.*_unlikely .text.unlikely.*)
 *(.text.exit .text.exit.*)
 *(.text.startup .text.startup.*)
 *(.text.hot .text.hot.*)
 *(.text .stub .text.* .gnu.linkonce.t.*)
 .text          0x00000000000230c0       0xe5 /usr/lib/gcc/x86_64-linux-gnu/4.8/crtbeginS.o
 *fill*         0x00000000000231a5        0xb 
 .text.ARCOMMANDS_Generator_GenerateGenericDefault
                0x00000000000231b0       0x7a /home/heratom/Firefly-project/out/arsdk-native/build/libARCommands/obj/gen/Sources/ARCOMMANDS_Generator.c.o
                0x00000000000231b0                ARCOMMANDS_Generator_GenerateGenericDefault
 *fill*         0x000000000002322a        0x6 
 .text.ARCOMMANDS_Generator_GenerateARDrone3PilotingFlatTrim
                0x0000000000023230       0x7a /home/heratom/Firefly-project/out/arsdk-native/build/libARCommands/obj/gen/Sources/ARCOMMANDS_Generator.c.o
                0x0000000000023230                ARCOMMANDS_Generator_GenerateARDrone3PilotingFlatTrim
 *fill*         0x00000000000232aa        0x6 
 .text.ARCOMMANDS_Generator_GenerateARDrone3PilotingTakeOff
                0x00000000000232b0       0x7a /home/heratom/Firefly-project/out/arsdk-native/build/libARCommands/obj/gen/Sources/ARCOMMANDS_Generator.c.o
                0x00000000000232b0                ARCOMMANDS_Generator_GenerateARDrone3PilotingTakeOff
 *fill*         0x000000000002332a        0x6 
 .text.ARCOMMANDS_Generator_GenerateARDrone3PilotingPCMD
                0x0000000000023330      0x14c /home/heratom/Firefly-project/out/arsdk-native/build/libARCommands/obj/gen/Sources/ARCOMMANDS_Generator.c.o
                0x0000000000023330                ARCOMMANDS_Generator_GenerateARDrone3PilotingPCMD
 *fill*         0x000000000002347c        0x4 
 .text.ARCOMMANDS_Generator_GenerateARDrone3PilotingLanding
                0x0000000000023480       0x7a /home/heratom/Firefly-project/out/arsdk-native/build/libARCommands/obj/gen/Sources/ARCOMMANDS_Generator.c.o
                0x0000000000023480                ARCOMMANDS_Generator_GenerateARDrone3PilotingLanding
 *fill*         0x00000000000234fa        0x6 
 .text.ARCOMMANDS_Generator_GenerateARDrone3PilotingEmergency
                0x0000000000023500       0x7a /home/heratom/Firefly-project/out/arsdk-native/build/libARCommands/obj/gen/Sources/ARCOMMANDS_Generator.c.o
                0x0000000000023500                ARCOMMANDS_Generator_GenerateARDrone3PilotingEmergency
 *fill*         0x000000000002357a        0x6 
 .text.ARCOMMANDS_Generator_GenerateARDrone3PilotingNavigateHome
                0x0000000000023580       0xa0 /home/heratom/Firefly-project/out/arsdk-native/build/libARCommands/obj/gen/Sources/ARCOMMANDS_Generator.c.o
                0x0000000000023580                ARCOMMANDS_Generator_GenerateARDrone3PilotingNavigateHome
 .text.ARCOMMANDS_Generator_GenerateARDrone3PilotingAutoTakeOffMode
                0x0000000000023620       0xa0 /home/heratom/Firefly-project/out/arsdk-native/build/libARCommands/obj/gen/Sources/ARCOMMANDS_Generator.c.o
                0x0000000000023620                ARCOMMANDS_Generator_GenerateARDrone3PilotingAutoTakeOffMode
 .text.ARCOMMANDS_Generator_GenerateARDrone3PilotingMoveBy
                0x00000000000236c0       0xfe /home/heratom/Firefly-project/out/arsdk-native/build/libARCommands/obj/gen/Sources/ARCOMMANDS_Generator.c.o
                0x00000000000236c0                ARCOMMANDS_Generator_GenerateARDrone3PilotingMoveBy
 *fill*         0x00000000000237be        0x2 
 .text.ARCOMMANDS_Generator_GenerateARDrone3PilotingUserTakeOff
                0x00000000000237c0       0xa0 /home/heratom/Firefly-project/out/arsdk-native/build/libARCommands/obj/gen/Sources/ARCOMMANDS_Generator.c.o
                0x00000000000237c0                ARCOMMANDS_Generator_GenerateARDrone3PilotingUserTakeOff
 .text.ARCOMMANDS_Generator_GenerateARDrone3PilotingCircle
                0x0000000000023860       0xa0 /home/heratom/Firefly-project/out/arsdk-native/build/libARCommands/obj/gen/Sources/ARCOMMANDS_Generator.c.o
                0x0000000000023860                ARCOMMANDS_Generator_GenerateARDrone3PilotingCircle
 .text.ARCOMMANDS_Generator_GenerateARDrone3AnimationsFlip
                0x0000000000023900       0xa0 /home/heratom/Firefly-project/out/arsdk-native/build/libARCommands/obj/gen/Sources/ARCOMMANDS_Generator.c.o
                0x0000000000023900                ARCOMMANDS_Generator_GenerateARDrone3AnimationsFlip
 .text.ARCOMMANDS_Generator_GenerateARDrone3CameraOrientation
                0x00000000000239a0       0xb6 /home/heratom/Firefly-project/out/arsdk-native/build/libARCommands/obj/gen/Sources/ARCOMMANDS_Generator.c.o
                0x00000000000239a0                ARCOMMANDS_Generator_GenerateARDrone3CameraOrientation
 *fill*         0x0000000000023a56        0xa 
 .text.ARCOMMANDS_Generator_GenerateARDrone3MediaRecordPicture
                0x0000000000023a60       0xa0 /home/heratom/Firefly-project/out/arsdk-native/build/libARCommands/obj/gen/Sources/ARCOMMANDS_Generator.c.o
                0x0000000000023a60                ARCOMMANDS_Generator_GenerateARDrone3MediaRecordPicture
 .text.ARCOMMANDS_Generator_GenerateARDrone3MediaRecordVideo
                0x0000000000023b00       0xb6 /home/heratom/Firefly-project/out/arsdk-native/build/libARCommands/obj/gen/Sources/ARCOMMANDS_Generator.c.o
                0x0000000000023b00                ARCOMMANDS_Generator_GenerateARDrone3MediaRecordVideo
 *fill*         0x0000000000023bb6        0xa 
 .text.ARCOMMANDS_Generator_GenerateARDrone3MediaRecordPictureV2
                0x0000000000023bc0       0x82 /home/heratom/Firefly-project/out/arsdk-native/build/libARCommands/obj/gen/Sources/ARCOMMANDS_Generator.c.o
                0x0000000000023bc0                ARCOMMANDS_Generator_GenerateARDrone3MediaRecordPictureV2
 *fill*         0x0000000000023c42        0xe 
 .text.ARCOMMANDS_Generator_GenerateARDrone3MediaRecordVideoV2
                0x0000000000023c50       0xa0 /home/heratom/Firefly-project/out/arsdk-native/build/libARCommands/obj/gen/Sources/ARCOMMANDS_Generator.c.o
                0x0000000000023c50                ARCOMMANDS_Generator_GenerateARDrone3MediaRecordVideoV2
 .text.ARCOMMANDS_Generator_GenerateARDrone3NetworkWifiScan
                0x0000000000023cf0       0xa0 /home/heratom/Firefly-project/out/arsdk-native/build/libARCommands/obj/gen/Sources/ARCOMMANDS_Generator.c.o
                0x0000000000023cf0                ARCOMMANDS_Generator_GenerateARDrone3NetworkWifiScan
 .text.ARCOMMANDS_Generator_GenerateARDrone3NetworkWifiAuthChannel
                0x0000000000023d90       0x82 /home/heratom/Firefly-project/out/arsdk-native/build/libARCommands/obj/gen/Sources/ARCOMMANDS_Generator.c.o
                0x0000000000023d90                ARCOMMANDS_Generator_GenerateARDrone3NetworkWifiAuthChannel
 *fill*         0x0000000000023e12        0xe 
 .text.ARCOMMANDS_Generator_GenerateARDrone3PilotingSettingsMaxAltitude
                0x0000000000023e20       0x9e /home/heratom/Firefly-project/out/arsdk-native/build/libARCommands/obj/gen/Sources/ARCOMMANDS_Generator.c.o
                0x0000000000023e20                ARCOMMANDS_Generator_GenerateARDrone3PilotingSettingsMaxAltitude
 *fill*         0x0000000000023ebe        0x2 
 .text.ARCOMMANDS_Generator_GenerateARDrone3PilotingSettingsMaxTilt
                0x0000000000023ec0       0x9e /home/heratom/Firefly-project/out/arsdk-native/build/libARCommands/obj/gen/Sources/ARCOMMANDS_Generator.c.o
                0x0000000000023ec0                ARCOMMANDS_Generator_GenerateARDrone3PilotingSettingsMaxTilt
 *fill*         0x0000000000023f5e        0x2 
 .text.ARCOMMANDS_Generator_GenerateARDrone3PilotingSettingsAbsolutControl
                0x0000000000023f60       0xa8 /home/heratom/Firefly-project/out/arsdk-native/build/libARCommands/obj/gen/Sources/ARCOMMANDS_Generator.c.o
                0x0000000000023f60                ARCOMMANDS_Generator_GenerateARDrone3PilotingSettingsAbsolutControl
 *fill*         0x0000000000024008        0x8 
 .text.ARCOMMANDS_Generator_GenerateARDrone3PilotingSettingsMaxDistance
                0x0000000000024010       0x9e /home/heratom/Firefly-project/out/arsdk-native/build/libARCommands/obj/gen/Sources/ARCOMMANDS_Generator.c.o
                0x0000000000024010                ARCOMMANDS_Generator_GenerateARDrone3PilotingSettingsMaxDistance
 *fill*         0x00000000000240ae        0x2 
 .text.ARCOMMANDS_Generator_GenerateARDrone3PilotingSettingsNoFlyOverMaxDistance
                0x00000000000240b0       0xa8 /home/heratom/Firefly-project/out/arsdk-native/build/libARCommands/obj/gen/Sources/ARCOMMANDS_Generator.c.o
                0x00000000000240b0                ARCOMMANDS_Generator_GenerateARDrone3PilotingSettingsNoFlyOverMaxDistance
 *fill*         0x0000000000024158        0x8 
 .text.ARCOMMANDS_Generator_GenerateARDrone3PilotingSettingsSetAutonomousFlightMaxHorizontalSpeed
                0x0000000000024160       0x9e /home/heratom/Firefly-project/out/arsdk-native/build/libARCommands/obj/gen/Sources/ARCOMMANDS_Generator.c.o
                0x0000000000024160                ARCOMMANDS_Generator_GenerateARDrone3PilotingSettingsSetAutonomousFlightMaxHorizontalSpeed
 *fill*         0x00000000000241fe        0x2 
 .text.ARCOMMANDS_Generator_GenerateARDrone3PilotingSettingsSetAutonomousFlightMaxVerticalSpeed
                0x0000000000024200       0x9e /home/heratom/Firefly-project/out/arsdk-native/build/libARCommands/obj/gen/Sources/ARCOMMANDS_Generator.c.o
                0x0000000000024200                ARCOMMANDS_Generator_GenerateARDrone3PilotingSettingsSetAutonomousFlightMaxVerticalSpeed
 *fill*         0x000000000002429e        0x2 
 .text.ARCOMMANDS_Generator_GenerateARDrone3PilotingSettingsSetAutonomousFlightMaxHorizontalAcceleration
                0x00000000000242a0       0x9e /home/heratom/Firefly-project/out/arsdk-native/build/libARCommands/obj/gen/Sources/ARCOMMANDS_Generator.c.o
                0x00000000000242a0                ARCOMMANDS_Generator_GenerateARDrone3PilotingSettingsSetAutonomousFlightMaxHorizontalAcceleration
 *fill*         0x000000000002433e        0x2 
 .text.ARCOMMANDS_Generator_GenerateARDrone3PilotingSettingsSetAutonomousFlightMaxVerticalAcceleration
                0x0000000000024340       0x9e /home/heratom/Firefly-project/out/arsdk-native/build/libARCommands/obj/gen/Sources/ARCOMMANDS_Generator.c.o
                0x0000000000024340                ARCOMMANDS_Generator_GenerateARDrone3PilotingSettingsSetAutonomousFlightMaxVerticalAcceleration
 *fill*         0x00000000000243de        0x2 
 .text.ARCOMMANDS_Generator_GenerateARDrone3PilotingSettingsSetAutonomousFlightMaxRotationSpeed
                0x00000000000243e0       0x9e /home/heratom/Firefly-project/out/arsdk-native/build/libARCommands/obj/gen/Sources/ARCOMMANDS_Generator.c.o
                0x00000000000243e0                ARCOMMANDS_Generator_GenerateARDrone3PilotingSettingsSetAutonomousFlightMaxRotationSpeed
 *fill*         0x000000000002447e        0x2 
 .text.ARCOMMANDS_Generator_GenerateARDrone3PilotingSettingsBankedTurn
                0x0000000000024480       0xa8 /home/heratom/Firefly-project/out/arsdk-native/build/libARCommands/obj/gen/Sources/ARCOMMANDS_Generator.c.o
                0x0000000000024480                ARCOMMANDS_Generator_GenerateARDrone3PilotingSettingsBankedTurn
 *fill*         0x0000000000024528        0x8 
 .text.ARCOMMANDS_Generator_GenerateARDrone3PilotingSettingsMinAltitude
                0x0000000000024530       0x9e /home/heratom/Firefly-project/out/arsdk-native/build/libARCommands/obj/gen/Sources/ARCOMMANDS_Generator.c.o
                0x0000000000024530                ARCOMMANDS_Generator_GenerateARDrone3PilotingSettingsMinAltitude
 *fill*         0x00000000000245ce        0x2 
 .text.ARCOMMANDS_Generator_GenerateARDrone3PilotingSettingsCirclingDirection
                0x00000000000245d0       0xa0 /home/heratom/Firefly-project/out/arsdk-native/build/libARCommands/obj/gen/Sources/ARCOMMANDS_Generator.c.o
                0x00000000000245d0                ARCOMMANDS_Generator_GenerateARDrone3PilotingSettingsCirclingDirection
 .text.ARCOMMANDS_Generator_GenerateARDrone3PilotingSettingsCirclingRadius
                0x0000000000024670       0xa8 /home/heratom/Firefly-project/out/arsdk-native/build/libARCommands/obj/gen/Sources/ARCOMMANDS_Generator.c.o
                0x0000000000024670                ARCOMMANDS_Generator_GenerateARDrone3PilotingSettingsCirclingRadius
 *fill*         0x0000000000024718        0x8 
 .text.ARCOMMANDS_Generator_GenerateARDrone3PilotingSettingsCirclingAltitude
                0x0000000000024720       0xa8 /home/heratom/Firefly-project/out/arsdk-native/build/libARCommands/obj/gen/Sources/ARCOMMANDS_Generator.c.o
                0x0000000000024720                ARCOMMANDS_Generator_GenerateARDrone3PilotingSettingsCirclingAltitude
 *fill*         0x00000000000247c8        0x8 
 .text.ARCOMMANDS_Generator_GenerateARDrone3PilotingSettingsPitchMode
                0x00000000000247d0       0xa0 /home/heratom/Firefly-project/out/arsdk-native/build/libARCommands/obj/gen/Sources/ARCOMMANDS_Generator.c.o
                0x00000000000247d0                ARCOMMANDS_Generator_GenerateARDrone3PilotingSettingsPitchMode
 .text.ARCOMMANDS_Generator_GenerateARDrone3PilotingSettingsLandingMode
                0x0000000000024870       0xa0 /home/heratom/Firefly-project/out/arsdk-native/build/libARCommands/obj/gen/Sources/ARCOMMANDS_Generator.c.o
                0x0000000000024870                ARCOMMANDS_Generator_GenerateARDrone3PilotingSettingsLandingMode
 .text.ARCOMMANDS_Generator_GenerateARDrone3SpeedSettingsMaxVerticalSpeed
                0x0000000000024910       0x9e /home/heratom/Firefly-project/out/arsdk-native/build/libARCommands/obj/gen/Sources/ARCOMMANDS_Generator.c.o
                0x0000000000024910                ARCOMMANDS_Generator_GenerateARDrone3SpeedSettingsMaxVerticalSpeed
 *fill*         0x00000000000249ae        0x2 
 .text.ARCOMMANDS_Generator_GenerateARDrone3SpeedSettingsMaxRotationSpeed
                0x00000000000249b0       0x9e /home/heratom/Firefly-project/out/arsdk-native/build/libARCommands/obj/gen/Sources/ARCOMMANDS_Generator.c.o
                0x00000000000249b0                ARCOMMANDS_Generator_GenerateARDrone3SpeedSettingsMaxRotationSpeed
 *fill*         0x0000000000024a4e        0x2 
 .text.ARCOMMANDS_Generator_GenerateARDrone3SpeedSettingsHullProtection
                0x0000000000024a50       0xa8 /home/heratom/Firefly-project/out/arsdk-native/build/libARCommands/obj/gen/Sources/ARCOMMANDS_Generator.c.o
                0x0000000000024a50                ARCOMMANDS_Generator_GenerateARDrone3SpeedSettingsHullProtection
 *fill*         0x0000000000024af8        0x8 
 .text.ARCOMMANDS_Generator_GenerateARDrone3SpeedSettingsOutdoor
                0x0000000000024b00       0xa8 /home/heratom/Firefly-project/out/arsdk-native/build/libARCommands/obj/gen/Sources/ARCOMMANDS_Generator.c.o
                0x0000000000024b00                ARCOMMANDS_Generator_GenerateARDrone3SpeedSettingsOutdoor
 *fill*         0x0000000000024ba8        0x8 
 .text.ARCOMMANDS_Generator_GenerateARDrone3SpeedSettingsMaxPitchRollRotationSpeed
                0x0000000000024bb0       0x9e /home/heratom/Firefly-project/out/arsdk-native/build/libARCommands/obj/gen/Sources/ARCOMMANDS_Generator.c.o
                0x0000000000024bb0                ARCOMMANDS_Generator_GenerateARDrone3SpeedSettingsMaxPitchRollRotationSpeed
 *fill*         0x0000000000024c4e        0x2 
 .text.ARCOMMANDS_Generator_GenerateARDrone3NetworkSettingsWifiSelection
                0x0000000000024c50       0xe4 /home/heratom/Firefly-project/out/arsdk-native/build/libARCommands/obj/gen/Sources/ARCOMMANDS_Generator.c.o
                0x0000000000024c50                ARCOMMANDS_Generator_GenerateARDrone3NetworkSettingsWifiSelection
 *fill*         0x0000000000024d34        0xc 
 .text.ARCOMMANDS_Generator_GenerateARDrone3NetworkSettingsWifiSecurity
                0x0000000000024d40      0x10c /home/heratom/Firefly-project/out/arsdk-native/build/libARCommands/obj/gen/Sources/ARCOMMANDS_Generator.c.o
                0x0000000000024d40                ARCOMMANDS_Generator_GenerateARDrone3NetworkSettingsWifiSecurity
 *fill*         0x0000000000024e4c        0x4 
 .text.ARCOMMANDS_Generator_GenerateARDrone3PictureSettingsPictureFormatSelection
                0x0000000000024e50       0xa0 /home/heratom/Firefly-project/out/arsdk-native/build/libARCommands/obj/gen/Sources/ARCOMMANDS_Generator.c.o
                0x0000000000024e50                ARCOMMANDS_Generator_GenerateARDrone3PictureSettingsPictureFormatSelection
 .text.ARCOMMANDS_Generator_GenerateARDrone3PictureSettingsAutoWhiteBalanceSelection
                0x0000000000024ef0       0xa0 /home/heratom/Firefly-project/out/arsdk-native/build/libARCommands/obj/gen/Sources/ARCOMMANDS_Generator.c.o
                0x0000000000024ef0                ARCOMMANDS_Generator_GenerateARDrone3PictureSettingsAutoWhiteBalanceSelection
 .text.ARCOMMANDS_Generator_GenerateARDrone3PictureSettingsExpositionSelection
                0x0000000000024f90       0x9e /home/heratom/Firefly-project/out/arsdk-native/build/libARCommands/obj/gen/Sources/ARCOMMANDS_Generator.c.o
                0x0000000000024f90                ARCOMMANDS_Generator_GenerateARDrone3PictureSettingsExpositionSelection
 *fill*         0x000000000002502e        0x2 
 .text.ARCOMMANDS_Generator_GenerateARDrone3PictureSettingsSaturationSelection
                0x0000000000025030       0x9e /home/heratom/Firefly-project/out/arsdk-native/build/libARCommands/obj/gen/Sources/ARCOMMANDS_Generator.c.o
                0x0000000000025030                ARCOMMANDS_Generator_GenerateARDrone3PictureSettingsSaturationSelection
 *fill*         0x00000000000250ce        0x2 
 .text.ARCOMMANDS_Generator_GenerateARDrone3PictureSettingsTimelapseSelection
                0x00000000000250d0       0xc8 /home/heratom/Firefly-project/out/arsdk-native/build/libARCommands/obj/gen/Sources/ARCOMMANDS_Generator.c.o
                0x00000000000250d0                ARCOMMANDS_Generator_GenerateARDrone3PictureSettingsTimelapseSelection
 *fill*         0x0000000000025198        0x8 
 .text.ARCOMMANDS_Generator_GenerateARDrone3PictureSettingsVideoAutorecordSelection
                0x00000000000251a0       0xb6 /home/heratom/Firefly-project/out/arsdk-native/build/libARCommands/obj/gen/Sources/ARCOMMANDS_Generator.c.o
                0x00000000000251a0                ARCOMMANDS_Generator_GenerateARDrone3PictureSettingsVideoAutorecordSelection
 *fill*         0x0000000000025256        0xa 
 .text.ARCOMMANDS_Generator_GenerateARDrone3PictureSettingsVideoStabilizationMode
                0x0000000000025260       0xa0 /home/heratom/Firefly-project/out/arsdk-native/build/libARCommands/obj/gen/Sources/ARCOMMANDS_Generator.c.o
                0x0000000000025260                ARCOMMANDS_Generator_GenerateARDrone3PictureSettingsVideoStabilizationMode
 .text.ARCOMMANDS_Generator_GenerateARDrone3MediaStreamingVideoEnable
                0x0000000000025300       0xa0 /home/heratom/Firefly-project/out/arsdk-native/build/libARCommands/obj/gen/Sources/ARCOMMANDS_Generator.c.o
                0x0000000000025300                ARCOMMANDS_Generator_GenerateARDrone3MediaStreamingVideoEnable
 .text.ARCOMMANDS_Generator_GenerateARDrone3GPSSettingsSetHome
                0x00000000000253a0       0xde /home/heratom/Firefly-project/out/arsdk-native/build/libARCommands/obj/gen/Sources/ARCOMMANDS_Generator.c.o
                0x00000000000253a0                ARCOMMANDS_Generator_GenerateARDrone3GPSSettingsSetHome
 *fill*         0x000000000002547e        0x2 
 .text.ARCOMMANDS_Generator_GenerateARDrone3GPSSettingsResetHome
                0x0000000000025480       0x82 /home/heratom/Firefly-project/out/arsdk-native/build/libARCommands/obj/gen/Sources/ARCOMMANDS_Generator.c.o
                0x0000000000025480                ARCOMMANDS_Generator_GenerateARDrone3GPSSettingsResetHome
 *fill*         0x0000000000025502        0xe 
 .text.ARCOMMANDS_Generator_GenerateARDrone3GPSSettingsSendControllerGPS
                0x0000000000025510      0x11e /home/heratom/Firefly-project/out/arsdk-native/build/libARCommands/obj/gen/Sources/ARCOMMANDS_Generator.c.o
                0x0000000000025510                ARCOMMANDS_Generator_GenerateARDrone3GPSSettingsSendControllerGPS
 *fill*         0x000000000002562e        0x2 
 .text.ARCOMMANDS_Generator_GenerateARDrone3GPSSettingsHomeType
                0x0000000000025630       0xa0 /home/heratom/Firefly-project/out/arsdk-native/build/libARCommands/obj/gen/Sources/ARCOMMANDS_Generator.c.o
                0x0000000000025630                ARCOMMANDS_Generator_GenerateARDrone3GPSSettingsHomeType
 .text.ARCOMMANDS_Generator_GenerateARDrone3GPSSettingsReturnHomeDelay
                0x00000000000256d0       0xa8 /home/heratom/Firefly-project/out/arsdk-native/build/libARCommands/obj/gen/Sources/ARCOMMANDS_Generator.c.o
                0x00000000000256d0                ARCOMMANDS_Generator_GenerateARDrone3GPSSettingsReturnHomeDelay
 *fill*         0x0000000000025778        0x8 
 .text.ARCOMMANDS_Generator_GenerateARDrone3AntiflickeringElectricFrequency
                0x0000000000025780       0xa0 /home/heratom/Firefly-project/out/arsdk-native/build/libARCommands/obj/gen/Sources/ARCOMMANDS_Generator.c.o
                0x0000000000025780                ARCOMMANDS_Generator_GenerateARDrone3AntiflickeringElectricFrequency
 .text.ARCOMMANDS_Generator_GenerateARDrone3AntiflickeringSetMode
                0x0000000000025820       0xa0 /home/heratom/Firefly-project/out/arsdk-native/build/libARCommands/obj/gen/Sources/ARCOMMANDS_Generator.c.o
                0x0000000000025820                ARCOMMANDS_Generator_GenerateARDrone3AntiflickeringSetMode
 .text.ARCOMMANDS_Generator_GenerateARDrone3MediaRecordStatePictureStateChanged
                0x00000000000258c0       0xb6 /home/heratom/Firefly-project/out/arsdk-native/build/libARCommands/obj/gen/Sources/ARCOMMANDS_Generator.c.o
                0x00000000000258c0                ARCOMMANDS_Generator_GenerateARDrone3MediaRecordStatePictureStateChanged
 *fill*         0x0000000000025976        0xa 
 .text.ARCOMMANDS_Generator_GenerateARDrone3MediaRecordStateVideoStateChanged
                0x0000000000025980       0xb6 /home/heratom/Firefly-project/out/arsdk-native/build/libARCommands/obj/gen/Sources/ARCOMMANDS_Generator.c.o
                0x0000000000025980                ARCOMMANDS_Generator_GenerateARDrone3MediaRecordStateVideoStateChanged
 *fill*         0x0000000000025a36        0xa 
 .text.ARCOMMANDS_Generator_GenerateARDrone3MediaRecordStatePictureStateChangedV2
                0x0000000000025a40       0xb6 /home/heratom/Firefly-project/out/arsdk-native/build/libARCommands/obj/gen/Sources/ARCOMMANDS_Generator.c.o
                0x0000000000025a40                ARCOMMANDS_Generator_GenerateARDrone3MediaRecordStatePictureStateChangedV2
 *fill*         0x0000000000025af6        0xa 
 .text.ARCOMMANDS_Generator_GenerateARDrone3MediaRecordStateVideoStateChangedV2
                0x0000000000025b00       0xb6 /home/heratom/Firefly-project/out/arsdk-native/build/libARCommands/obj/gen/Sources/ARCOMMANDS_Generator.c.o
                0x0000000000025b00                ARCOMMANDS_Generator_GenerateARDrone3MediaRecordStateVideoStateChangedV2
 *fill*         0x0000000000025bb6        0xa 
 .text.ARCOMMANDS_Generator_GenerateARDrone3MediaRecordEventPictureEventChanged
                0x0000000000025bc0       0xae /home/heratom/Firefly-project/out/arsdk-native/build/libARCommands/obj/gen/Sources/ARCOMMANDS_Generator.c.o
                0x0000000000025bc0                ARCOMMANDS_Generator_GenerateARDrone3MediaRecordEventPictureEventChanged
 *fill*         0x0000000000025c6e        0x2 
 .text.ARCOMMANDS_Generator_GenerateARDrone3MediaRecordEventVideoEventChanged
                0x0000000000025c70       0xb6 /home/heratom/Firefly-project/out/arsdk-native/build/libARCommands/obj/gen/Sources/ARCOMMANDS_Generator.c.o
                0x0000000000025c70                ARCOMMANDS_Generator_GenerateARDrone3MediaRecordEventVideoEventChanged
 *fill*         0x0000000000025d26        0xa 
 .text.ARCOMMANDS_Generator_GenerateARDrone3PilotingStateFlatTrimChanged
                0x0000000000025d30       0x7a /home/heratom/Firefly-project/out/arsdk-native/build/libARCommands/obj/gen/Sources/ARCOMMANDS_Generator.c.o
                0x0000000000025d30                ARCOMMANDS_Generator_GenerateARDrone3PilotingStateFlatTrimChanged
 *fill*         0x0000000000025daa        0x6 
 .text.ARCOMMANDS_Generator_GenerateARDrone3PilotingStateFlyingStateChanged
                0x0000000000025db0       0xa0 /home/heratom/Firefly-project/out/arsdk-native/build/libARCommands/obj/gen/Sources/ARCOMMANDS_Generator.c.o
                0x0000000000025db0                ARCOMMANDS_Generator_GenerateARDrone3PilotingStateFlyingStateChanged
 .text.ARCOMMANDS_Generator_GenerateARDrone3PilotingStateAlertStateChanged
                0x0000000000025e50       0xa0 /home/heratom/Firefly-project/out/arsdk-native/build/libARCommands/obj/gen/Sources/ARCOMMANDS_Generator.c.o
                0x0000000000025e50                ARCOMMANDS_Generator_GenerateARDrone3PilotingStateAlertStateChanged
 .text.ARCOMMANDS_Generator_GenerateARDrone3PilotingStateNavigateHomeStateChanged
                0x0000000000025ef0       0xb6 /home/heratom/Firefly-project/out/arsdk-native/build/libARCommands/obj/gen/Sources/ARCOMMANDS_Generator.c.o
                0x0000000000025ef0                ARCOMMANDS_Generator_GenerateARDrone3PilotingStateNavigateHomeStateChanged
 *fill*         0x0000000000025fa6        0xa 
 .text.ARCOMMANDS_Generator_GenerateARDrone3PilotingStatePositionChanged
                0x0000000000025fb0       0xde /home/heratom/Firefly-project/out/arsdk-native/build/libARCommands/obj/gen/Sources/ARCOMMANDS_Generator.c.o
                0x0000000000025fb0                ARCOMMANDS_Generator_GenerateARDrone3PilotingStatePositionChanged
 *fill*         0x000000000002608e        0x2 
 .text.ARCOMMANDS_Generator_GenerateARDrone3PilotingStateSpeedChanged
                0x0000000000026090       0xde /home/heratom/Firefly-project/out/arsdk-native/build/libARCommands/obj/gen/Sources/ARCOMMANDS_Generator.c.o
                0x0000000000026090                ARCOMMANDS_Generator_GenerateARDrone3PilotingStateSpeedChanged
 *fill*         0x000000000002616e        0x2 
 .text.ARCOMMANDS_Generator_GenerateARDrone3PilotingStateAttitudeChanged
                0x0000000000026170       0xde /home/heratom/Firefly-project/out/arsdk-native/build/libARCommands/obj/gen/Sources/ARCOMMANDS_Generator.c.o
                0x0000000000026170                ARCOMMANDS_Generator_GenerateARDrone3PilotingStateAttitudeChanged
 *fill*         0x000000000002624e        0x2 
 .text.ARCOMMANDS_Generator_GenerateARDrone3PilotingStateAutoTakeOffModeChanged
                0x0000000000026250       0xa8 /home/heratom/Firefly-project/out/arsdk-native/build/libARCommands/obj/gen/Sources/ARCOMMANDS_Generator.c.o
                0x0000000000026250                ARCOMMANDS_Generator_GenerateARDrone3PilotingStateAutoTakeOffModeChanged
 *fill*         0x00000000000262f8        0x8 
 .text.ARCOMMANDS_Generator_GenerateARDrone3PilotingStateAltitudeChanged
                0x0000000000026300       0x9e /home/heratom/Firefly-project/out/arsdk-native/build/libARCommands/obj/gen/Sources/ARCOMMANDS_Generator.c.o
                0x0000000000026300                ARCOMMANDS_Generator_GenerateARDrone3PilotingStateAltitudeChanged
 *fill*         0x000000000002639e        0x2 
 .text.ARCOMMANDS_Generator_GenerateARDrone3PilotingEventMoveByEnd
                0x00000000000263a0      0x120 /home/heratom/Firefly-project/out/arsdk-native/build/libARCommands/obj/gen/Sources/ARCOMMANDS_Generator.c.o
                0x00000000000263a0                ARCOMMANDS_Generator_GenerateARDrone3PilotingEventMoveByEnd
 .text.ARCOMMANDS_Generator_GenerateARDrone3NetworkStateWifiScanListChanged
                0x00000000000264c0      0x12c /home/heratom/Firefly-project/out/arsdk-native/build/libARCommands/obj/gen/Sources/ARCOMMANDS_Generator.c.o
                0x00000000000264c0                ARCOMMANDS_Generator_GenerateARDrone3NetworkStateWifiScanListChanged
 *fill*         0x00000000000265ec        0x4 
 .text.ARCOMMANDS_Generator_GenerateARDrone3NetworkStateAllWifiScanChanged
                0x00000000000265f0       0x82 /home/heratom/Firefly-project/out/arsdk-native/build/libARCommands/obj/gen/Sources/ARCOMMANDS_Generator.c.o
                0x00000000000265f0                ARCOMMANDS_Generator_GenerateARDrone3NetworkStateAllWifiScanChanged
 *fill*         0x0000000000026672        0xe 
 .text.ARCOMMANDS_Generator_GenerateARDrone3NetworkStateWifiAuthChannelListChanged
                0x0000000000026680       0xe4 /home/heratom/Firefly-project/out/arsdk-native/build/libARCommands/obj/gen/Sources/ARCOMMANDS_Generator.c.o
                0x0000000000026680                ARCOMMANDS_Generator_GenerateARDrone3NetworkStateWifiAuthChannelListChanged
 *fill*         0x0000000000026764        0xc 
 .text.ARCOMMANDS_Generator_GenerateARDrone3NetworkStateAllWifiAuthChannelChanged
                0x0000000000026770       0x82 /home/heratom/Firefly-project/out/arsdk-native/build/libARCommands/obj/gen/Sources/ARCOMMANDS_Generator.c.o
                0x0000000000026770                ARCOMMANDS_Generator_GenerateARDrone3NetworkStateAllWifiAuthChannelChanged
 *fill*         0x00000000000267f2        0xe 
 .text.ARCOMMANDS_Generator_GenerateARDrone3PilotingSettingsStateMaxAltitudeChanged
                0x0000000000026800       0xde /home/heratom/Firefly-project/out/arsdk-native/build/libARCommands/obj/gen/Sources/ARCOMMANDS_Generator.c.o
                0x0000000000026800                ARCOMMANDS_Generator_GenerateARDrone3PilotingSettingsStateMaxAltitudeChanged
 *fill*         0x00000000000268de        0x2 
 .text.ARCOMMANDS_Generator_GenerateARDrone3PilotingSettingsStateMaxTiltChanged
                0x00000000000268e0       0xde /home/heratom/Firefly-project/out/arsdk-native/build/libARCommands/obj/gen/Sources/ARCOMMANDS_Generator.c.o
                0x00000000000268e0                ARCOMMANDS_Generator_GenerateARDrone3PilotingSettingsStateMaxTiltChanged
 *fill*         0x00000000000269be        0x2 
 .text.ARCOMMANDS_Generator_GenerateARDrone3PilotingSettingsStateAbsolutControlChanged
                0x00000000000269c0       0xa8 /home/heratom/Firefly-project/out/arsdk-native/build/libARCommands/obj/gen/Sources/ARCOMMANDS_Generator.c.o
                0x00000000000269c0                ARCOMMANDS_Generator_GenerateARDrone3PilotingSettingsStateAbsolutControlChanged
 *fill*         0x0000000000026a68        0x8 
 .text.ARCOMMANDS_Generator_GenerateARDrone3PilotingSettingsStateMaxDistanceChanged
                0x0000000000026a70       0xde /home/heratom/Firefly-project/out/arsdk-native/build/libARCommands/obj/gen/Sources/ARCOMMANDS_Generator.c.o
                0x0000000000026a70                ARCOMMANDS_Generator_GenerateARDrone3PilotingSettingsStateMaxDistanceChanged
 *fill*         0x0000000000026b4e        0x2 
 .text.ARCOMMANDS_Generator_GenerateARDrone3PilotingSettingsStateNoFlyOverMaxDistanceChanged
                0x0000000000026b50       0xa8 /home/heratom/Firefly-project/out/arsdk-native/build/libARCommands/obj/gen/Sources/ARCOMMANDS_Generator.c.o
                0x0000000000026b50                ARCOMMANDS_Generator_GenerateARDrone3PilotingSettingsStateNoFlyOverMaxDistanceChanged
 *fill*         0x0000000000026bf8        0x8 
 .text.ARCOMMANDS_Generator_GenerateARDrone3PilotingSettingsStateAutonomousFlightMaxHorizontalSpeed
                0x0000000000026c00       0x9e /home/heratom/Firefly-project/out/arsdk-native/build/libARCommands/obj/gen/Sources/ARCOMMANDS_Generator.c.o
                0x0000000000026c00                ARCOMMANDS_Generator_GenerateARDrone3PilotingSettingsStateAutonomousFlightMaxHorizontalSpeed
 *fill*         0x0000000000026c9e        0x2 
 .text.ARCOMMANDS_Generator_GenerateARDrone3PilotingSettingsStateAutonomousFlightMaxVerticalSpeed
                0x0000000000026ca0       0x9e /home/heratom/Firefly-project/out/arsdk-native/build/libARCommands/obj/gen/Sources/ARCOMMANDS_Generator.c.o
                0x0000000000026ca0                ARCOMMANDS_Generator_GenerateARDrone3PilotingSettingsStateAutonomousFlightMaxVerticalSpeed
 *fill*         0x0000000000026d3e        0x2 
 .text.ARCOMMANDS_Generator_GenerateARDrone3PilotingSettingsStateAutonomousFlightMaxHorizontalAcceleration
                0x0000000000026d40       0x9e /home/heratom/Firefly-project/out/arsdk-native/build/libARCommands/obj/gen/Sources/ARCOMMANDS_Generator.c.o
                0x0000000000026d40                ARCOMMANDS_Generator_GenerateARDrone3PilotingSettingsStateAutonomousFlightMaxHorizontalAcceleration
 *fill*         0x0000000000026dde        0x2 
 .text.ARCOMMANDS_Generator_GenerateARDrone3PilotingSettingsStateAutonomousFlightMaxVerticalAcceleration
                0x0000000000026de0       0x9e /home/heratom/Firefly-project/out/arsdk-native/build/libARCommands/obj/gen/Sources/ARCOMMANDS_Generator.c.o
                0x0000000000026de0                ARCOMMANDS_Generator_GenerateARDrone3PilotingSettingsStateAutonomousFlightMaxVerticalAcceleration
 *fill*         0x0000000000026e7e        0x2 
 .text.ARCOMMANDS_Generator_GenerateARDrone3PilotingSettingsStateAutonomousFlightMaxRotationSpeed
                0x0000000000026e80       0x9e /home/heratom/Firefly-project/out/arsdk-native/build/libARCommands/obj/gen/Sources/ARCOMMANDS_Generator.c.o
                0x0000000000026e80                ARCOMMANDS_Generator_GenerateARDrone3PilotingSettingsStateAutonomousFlightMaxRotationSpeed
 *fill*         0x0000000000026f1e        0x2 
 .text.ARCOMMANDS_Generator_GenerateARDrone3PilotingSettingsStateBankedTurnChanged
                0x0000000000026f20       0xa8 /home/heratom/Firefly-project/out/arsdk-native/build/libARCommands/obj/gen/Sources/ARCOMMANDS_Generator.c.o
                0x0000000000026f20                ARCOMMANDS_Generator_GenerateARDrone3PilotingSettingsStateBankedTurnChanged
 *fill*         0x0000000000026fc8        0x8 
 .text.ARCOMMANDS_Generator_GenerateARDrone3PilotingSettingsStateMinAltitudeChanged
                0x0000000000026fd0       0xde /home/heratom/Firefly-project/out/arsdk-native/build/libARCommands/obj/gen/Sources/ARCOMMANDS_Generator.c.o
                0x0000000000026fd0                ARCOMMANDS_Generator_GenerateARDrone3PilotingSettingsStateMinAltitudeChanged
 *fill*         0x00000000000270ae        0x2 
 .text.ARCOMMANDS_Generator_GenerateARDrone3PilotingSettingsStateCirclingDirectionChanged
                0x00000000000270b0       0xa0 /home/heratom/Firefly-project/out/arsdk-native/build/libARCommands/obj/gen/Sources/ARCOMMANDS_Generator.c.o
                0x00000000000270b0                ARCOMMANDS_Generator_GenerateARDrone3PilotingSettingsStateCirclingDirectionChanged
 .text.ARCOMMANDS_Generator_GenerateARDrone3PilotingSettingsStateCirclingRadiusChanged
                0x0000000000027150       0xe4 /home/heratom/Firefly-project/out/arsdk-native/build/libARCommands/obj/gen/Sources/ARCOMMANDS_Generator.c.o
                0x0000000000027150                ARCOMMANDS_Generator_GenerateARDrone3PilotingSettingsStateCirclingRadiusChanged
 *fill*         0x0000000000027234        0xc 
 .text.ARCOMMANDS_Generator_GenerateARDrone3PilotingSettingsStateCirclingAltitudeChanged
                0x0000000000027240       0xe4 /home/heratom/Firefly-project/out/arsdk-native/build/libARCommands/obj/gen/Sources/ARCOMMANDS_Generator.c.o
                0x0000000000027240                ARCOMMANDS_Generator_GenerateARDrone3PilotingSettingsStateCirclingAltitudeChanged
 *fill*         0x0000000000027324        0xc 
 .text.ARCOMMANDS_Generator_GenerateARDrone3PilotingSettingsStatePitchModeChanged
                0x0000000000027330       0xa0 /home/heratom/Firefly-project/out/arsdk-native/build/libARCommands/obj/gen/Sources/ARCOMMANDS_Generator.c.o
                0x0000000000027330                ARCOMMANDS_Generator_GenerateARDrone3PilotingSettingsStatePitchModeChanged
 .text.ARCOMMANDS_Generator_GenerateARDrone3PilotingSettingsStateLandingModeChanged
                0x00000000000273d0       0xa0 /home/heratom/Firefly-project/out/arsdk-native/build/libARCommands/obj/gen/Sources/ARCOMMANDS_Generator.c.o
                0x00000000000273d0                ARCOMMANDS_Generator_GenerateARDrone3PilotingSettingsStateLandingModeChanged
 .text.ARCOMMANDS_Generator_GenerateARDrone3SpeedSettingsStateMaxVerticalSpeedChanged
                0x0000000000027470       0xde /home/heratom/Firefly-project/out/arsdk-native/build/libARCommands/obj/gen/Sources/ARCOMMANDS_Generator.c.o
                0x0000000000027470                ARCOMMANDS_Generator_GenerateARDrone3SpeedSettingsStateMaxVerticalSpeedChanged
 *fill*         0x000000000002754e        0x2 
 .text.ARCOMMANDS_Generator_GenerateARDrone3SpeedSettingsStateMaxRotationSpeedChanged
                0x0000000000027550       0xde /home/heratom/Firefly-project/out/arsdk-native/build/libARCommands/obj/gen/Sources/ARCOMMANDS_Generator.c.o
                0x0000000000027550                ARCOMMANDS_Generator_GenerateARDrone3SpeedSettingsStateMaxRotationSpeedChanged
 *fill*         0x000000000002762e        0x2 
 .text.ARCOMMANDS_Generator_GenerateARDrone3SpeedSettingsStateHullProtectionChanged
                0x0000000000027630       0xa8 /home/heratom/Firefly-project/out/arsdk-native/build/libARCommands/obj/gen/Sources/ARCOMMANDS_Generator.c.o
                0x0000000000027630                ARCOMMANDS_Generator_GenerateARDrone3SpeedSettingsStateHullProtectionChanged
 *fill*         0x00000000000276d8        0x8 
 .text.ARCOMMANDS_Generator_GenerateARDrone3SpeedSettingsStateOutdoorChanged
                0x00000000000276e0       0xa8 /home/heratom/Firefly-project/out/arsdk-native/build/libARCommands/obj/gen/Sources/ARCOMMANDS_Generator.c.o
                0x00000000000276e0                ARCOMMANDS_Generator_GenerateARDrone3SpeedSettingsStateOutdoorChanged
 *fill*         0x0000000000027788        0x8 
 .text.ARCOMMANDS_Generator_GenerateARDrone3SpeedSettingsStateMaxPitchRollRotationSpeedChanged
                0x0000000000027790       0xde /home/heratom/Firefly-project/out/arsdk-native/build/libARCommands/obj/gen/Sources/ARCOMMANDS_Generator.c.o
                0x0000000000027790                ARCOMMANDS_Generator_GenerateARDrone3SpeedSettingsStateMaxPitchRollRotationSpeedChanged
 *fill*         0x000000000002786e        0x2 
 .text.ARCOMMANDS_Generator_GenerateARDrone3NetworkSettingsStateWifiSelectionChanged
                0x0000000000027870       0xe4 /home/heratom/Firefly-project/out/arsdk-native/build/libARCommands/obj/gen/Sources/ARCOMMANDS_Generator.c.o
                0x0000000000027870                ARCOMMANDS_Generator_GenerateARDrone3NetworkSettingsStateWifiSelectionChanged
 *fill*         0x0000000000027954        0xc 
 .text.ARCOMMANDS_Generator_GenerateARDrone3NetworkSettingsStateWifiSecurityChanged
                0x0000000000027960       0xa0 /home/heratom/Firefly-project/out/arsdk-native/build/libARCommands/obj/gen/Sources/ARCOMMANDS_Generator.c.o
                0x0000000000027960                ARCOMMANDS_Generator_GenerateARDrone3NetworkSettingsStateWifiSecurityChanged
 .text.ARCOMMANDS_Generator_GenerateARDrone3NetworkSettingsStateWifiSecurity
                0x0000000000027a00      0x10c /home/heratom/Firefly-project/out/arsdk-native/build/libARCommands/obj/gen/Sources/ARCOMMANDS_Generator.c.o
                0x0000000000027a00                ARCOMMANDS_Generator_GenerateARDrone3NetworkSettingsStateWifiSecurity
 *fill*         0x0000000000027b0c        0x4 
 .text.ARCOMMANDS_Generator_GenerateARDrone3SettingsStateProductMotorVersionListChanged
                0x0000000000027b10      0x13c /home/heratom/Firefly-project/out/arsdk-native/build/libARCommands/obj/gen/Sources/ARCOMMANDS_Generator.c.o
                0x0000000000027b10                ARCOMMANDS_Generator_GenerateARDrone3SettingsStateProductMotorVersionListChanged
 *fill*         0x0000000000027c4c        0x4 
 .text.ARCOMMANDS_Generator_GenerateARDrone3SettingsStateProductGPSVersionChanged
                0x0000000000027c50       0xe0 /home/heratom/Firefly-project/out/arsdk-native/build/libARCommands/obj/gen/Sources/ARCOMMANDS_Generator.c.o
                0x0000000000027c50                ARCOMMANDS_Generator_GenerateARDrone3SettingsStateProductGPSVersionChanged
 .text.ARCOMMANDS_Generator_GenerateARDrone3SettingsStateMotorErrorStateChanged
                0x0000000000027d30       0xb6 /home/heratom/Firefly-project/out/arsdk-native/build/libARCommands/obj/gen/Sources/ARCOMMANDS_Generator.c.o
                0x0000000000027d30                ARCOMMANDS_Generator_GenerateARDrone3SettingsStateMotorErrorStateChanged
 *fill*         0x0000000000027de6        0xa 
 .text.ARCOMMANDS_Generator_GenerateARDrone3SettingsStateMotorSoftwareVersionChanged
                0x0000000000027df0       0xb0 /home/heratom/Firefly-project/out/arsdk-native/build/libARCommands/obj/gen/Sources/ARCOMMANDS_Generator.c.o
                0x0000000000027df0                ARCOMMANDS_Generator_GenerateARDrone3SettingsStateMotorSoftwareVersionChanged
 .text.ARCOMMANDS_Generator_GenerateARDrone3SettingsStateMotorFlightsStatusChanged
                0x0000000000027ea0       0xe4 /home/heratom/Firefly-project/out/arsdk-native/build/libARCommands/obj/gen/Sources/ARCOMMANDS_Generator.c.o
                0x0000000000027ea0                ARCOMMANDS_Generator_GenerateARDrone3SettingsStateMotorFlightsStatusChanged
 *fill*         0x0000000000027f84        0xc 
 .text.ARCOMMANDS_Generator_GenerateARDrone3SettingsStateMotorErrorLastErrorChanged
                0x0000000000027f90       0xa0 /home/heratom/Firefly-project/out/arsdk-native/build/libARCommands/obj/gen/Sources/ARCOMMANDS_Generator.c.o
                0x0000000000027f90                ARCOMMANDS_Generator_GenerateARDrone3SettingsStateMotorErrorLastErrorChanged
 .text.ARCOMMANDS_Generator_GenerateARDrone3SettingsStateP7ID
                0x0000000000028030       0xb0 /home/heratom/Firefly-project/out/arsdk-native/build/libARCommands/obj/gen/Sources/ARCOMMANDS_Generator.c.o
                0x0000000000028030                ARCOMMANDS_Generator_GenerateARDrone3SettingsStateP7ID
 .text.ARCOMMANDS_Generator_GenerateARDrone3PictureSettingsStatePictureFormatChanged
                0x00000000000280e0       0xa0 /home/heratom/Firefly-project/out/arsdk-native/build/libARCommands/obj/gen/Sources/ARCOMMANDS_Generator.c.o
                0x00000000000280e0                ARCOMMANDS_Generator_GenerateARDrone3PictureSettingsStatePictureFormatChanged
 .text.ARCOMMANDS_Generator_GenerateARDrone3PictureSettingsStateAutoWhiteBalanceChanged
                0x0000000000028180       0xa0 /home/heratom/Firefly-project/out/arsdk-native/build/libARCommands/obj/gen/Sources/ARCOMMANDS_Generator.c.o
                0x0000000000028180                ARCOMMANDS_Generator_GenerateARDrone3PictureSettingsStateAutoWhiteBalanceChanged
 .text.ARCOMMANDS_Generator_GenerateARDrone3PictureSettingsStateExpositionChanged
                0x0000000000028220       0xde /home/heratom/Firefly-project/out/arsdk-native/build/libARCommands/obj/gen/Sources/ARCOMMANDS_Generator.c.o
                0x0000000000028220                ARCOMMANDS_Generator_GenerateARDrone3PictureSettingsStateExpositionChanged
 *fill*         0x00000000000282fe        0x2 
 .text.ARCOMMANDS_Generator_GenerateARDrone3PictureSettingsStateSaturationChanged
                0x0000000000028300       0xde /home/heratom/Firefly-project/out/arsdk-native/build/libARCommands/obj/gen/Sources/ARCOMMANDS_Generator.c.o
                0x0000000000028300                ARCOMMANDS_Generator_GenerateARDrone3PictureSettingsStateSaturationChanged
 *fill*         0x00000000000283de        0x2 
 .text.ARCOMMANDS_Generator_GenerateARDrone3PictureSettingsStateTimelapseChanged
                0x00000000000283e0      0x100 /home/heratom/Firefly-project/out/arsdk-native/build/libARCommands/obj/gen/Sources/ARCOMMANDS_Generator.c.o
                0x00000000000283e0                ARCOMMANDS_Generator_GenerateARDrone3PictureSettingsStateTimelapseChanged
 .text.ARCOMMANDS_Generator_GenerateARDrone3PictureSettingsStateVideoAutorecordChanged
                0x00000000000284e0       0xb6 /home/heratom/Firefly-project/out/arsdk-native/build/libARCommands/obj/gen/Sources/ARCOMMANDS_Generator.c.o
                0x00000000000284e0                ARCOMMANDS_Generator_GenerateARDrone3PictureSettingsStateVideoAutorecordChanged
 *fill*         0x0000000000028596        0xa 
 .text.ARCOMMANDS_Generator_GenerateARDrone3PictureSettingsStateVideoStabilizationModeChanged
                0x00000000000285a0       0xa0 /home/heratom/Firefly-project/out/arsdk-native/build/libARCommands/obj/gen/Sources/ARCOMMANDS_Generator.c.o
                0x00000000000285a0                ARCOMMANDS_Generator_GenerateARDrone3PictureSettingsStateVideoStabilizationModeChanged
 .text.ARCOMMANDS_Generator_GenerateARDrone3MediaStreamingStateVideoEnableChanged
                0x0000000000028640       0xa0 /home/heratom/Firefly-project/out/arsdk-native/build/libARCommands/obj/gen/Sources/ARCOMMANDS_Generator.c.o
                0x0000000000028640                ARCOMMANDS_Generator_GenerateARDrone3MediaStreamingStateVideoEnableChanged
 .text.ARCOMMANDS_Generator_GenerateARDrone3GPSSettingsStateHomeChanged
                0x00000000000286e0       0xde /home/heratom/Firefly-project/out/arsdk-native/build/libARCommands/obj/gen/Sources/ARCOMMANDS_Generator.c.o
                0x00000000000286e0                ARCOMMANDS_Generator_GenerateARDrone3GPSSettingsStateHomeChanged
 *fill*         0x00000000000287be        0x2 
 .text.ARCOMMANDS_Generator_GenerateARDrone3GPSSettingsStateResetHomeChanged
                0x00000000000287c0       0xde /home/heratom/Firefly-project/out/arsdk-native/build/libARCommands/obj/gen/Sources/ARCOMMANDS_Generator.c.o
                0x00000000000287c0                ARCOMMANDS_Generator_GenerateARDrone3GPSSettingsStateResetHomeChanged
 *fill*         0x000000000002889e        0x2 
 .text.ARCOMMANDS_Generator_GenerateARDrone3GPSSettingsStateGPSFixStateChanged
                0x00000000000288a0       0xa8 /home/heratom/Firefly-project/out/arsdk-native/build/libARCommands/obj/gen/Sources/ARCOMMANDS_Generator.c.o
                0x00000000000288a0                ARCOMMANDS_Generator_GenerateARDrone3GPSSettingsStateGPSFixStateChanged
 *fill*         0x0000000000028948        0x8 
 .text.ARCOMMANDS_Generator_GenerateARDrone3GPSSettingsStateGPSUpdateStateChanged
                0x0000000000028950       0xa0 /home/heratom/Firefly-project/out/arsdk-native/build/libARCommands/obj/gen/Sources/ARCOMMANDS_Generator.c.o
                0x0000000000028950                ARCOMMANDS_Generator_GenerateARDrone3GPSSettingsStateGPSUpdateStateChanged
 .text.ARCOMMANDS_Generator_GenerateARDrone3GPSSettingsStateHomeTypeChanged
                0x00000000000289f0       0xa0 /home/heratom/Firefly-project/out/arsdk-native/build/libARCommands/obj/gen/Sources/ARCOMMANDS_Generator.c.o
                0x00000000000289f0                ARCOMMANDS_Generator_GenerateARDrone3GPSSettingsStateHomeTypeChanged
 .text.ARCOMMANDS_Generator_GenerateARDrone3GPSSettingsStateReturnHomeDelayChanged
                0x0000000000028a90       0xa8 /home/heratom/Firefly-project/out/arsdk-native/build/libARCommands/obj/gen/Sources/ARCOMMANDS_Generator.c.o
                0x0000000000028a90                ARCOMMANDS_Generator_GenerateARDrone3GPSSettingsStateReturnHomeDelayChanged
 *fill*         0x0000000000028b38        0x8 
 .text.ARCOMMANDS_Generator_GenerateARDrone3CameraStateOrientation
                0x0000000000028b40       0xb6 /home/heratom/Firefly-project/out/arsdk-native/build/libARCommands/obj/gen/Sources/ARCOMMANDS_Generator.c.o
                0x0000000000028b40                ARCOMMANDS_Generator_GenerateARDrone3CameraStateOrientation
 *fill*         0x0000000000028bf6        0xa 
 .text.ARCOMMANDS_Generator_GenerateARDrone3CameraStateDefaultCameraOrientation
                0x0000000000028c00       0xb6 /home/heratom/Firefly-project/out/arsdk-native/build/libARCommands/obj/gen/Sources/ARCOMMANDS_Generator.c.o
                0x0000000000028c00                ARCOMMANDS_Generator_GenerateARDrone3CameraStateDefaultCameraOrientation
 *fill*         0x0000000000028cb6        0xa 
 .text.ARCOMMANDS_Generator_GenerateARDrone3AntiflickeringStateElectricFrequencyChanged
                0x0000000000028cc0       0xa0 /home/heratom/Firefly-project/out/arsdk-native/build/libARCommands/obj/gen/Sources/ARCOMMANDS_Generator.c.o
                0x0000000000028cc0                ARCOMMANDS_Generator_GenerateARDrone3AntiflickeringStateElectricFrequencyChanged
 .text.ARCOMMANDS_Generator_GenerateARDrone3AntiflickeringStateModeChanged
                0x0000000000028d60       0xa0 /home/heratom/Firefly-project/out/arsdk-native/build/libARCommands/obj/gen/Sources/ARCOMMANDS_Generator.c.o
                0x0000000000028d60                ARCOMMANDS_Generator_GenerateARDrone3AntiflickeringStateModeChanged
 .text.ARCOMMANDS_Generator_GenerateARDrone3GPSStateNumberOfSatelliteChanged
                0x0000000000028e00       0xa0 /home/heratom/Firefly-project/out/arsdk-native/build/libARCommands/obj/gen/Sources/ARCOMMANDS_Generator.c.o
                0x0000000000028e00                ARCOMMANDS_Generator_GenerateARDrone3GPSStateNumberOfSatelliteChanged
 .text.ARCOMMANDS_Generator_GenerateARDrone3GPSStateHomeTypeAvailabilityChanged
                0x0000000000028ea0       0xb6 /home/heratom/Firefly-project/out/arsdk-native/build/libARCommands/obj/gen/Sources/ARCOMMANDS_Generator.c.o
                0x0000000000028ea0                ARCOMMANDS_Generator_GenerateARDrone3GPSStateHomeTypeAvailabilityChanged
 *fill*         0x0000000000028f56        0xa 
 .text.ARCOMMANDS_Generator_GenerateARDrone3GPSStateHomeTypeChosenChanged
                0x0000000000028f60       0xa0 /home/heratom/Firefly-project/out/arsdk-native/build/libARCommands/obj/gen/Sources/ARCOMMANDS_Generator.c.o
                0x0000000000028f60                ARCOMMANDS_Generator_GenerateARDrone3GPSStateHomeTypeChosenChanged
 .text.ARCOMMANDS_Generator_GenerateARDrone3PROStateFeatures
                0x0000000000029000       0xa0 /home/heratom/Firefly-project/out/arsdk-native/build/libARCommands/obj/gen/Sources/ARCOMMANDS_Generator.c.o
                0x0000000000029000                ARCOMMANDS_Generator_GenerateARDrone3PROStateFeatures
 .text.ARCOMMANDS_Generator_GenerateJumpingSumoPilotingPCMD
                0x00000000000290a0       0xe4 /home/heratom/Firefly-project/out/arsdk-native/build/libARCommands/obj/gen/Sources/ARCOMMANDS_Generator.c.o
                0x00000000000290a0                ARCOMMANDS_Generator_GenerateJumpingSumoPilotingPCMD
 *fill*         0x0000000000029184        0xc 
 .text.ARCOMMANDS_Generator_GenerateJumpingSumoPilotingPosture
                0x0000000000029190       0xa0 /home/heratom/Firefly-project/out/arsdk-native/build/libARCommands/obj/gen/Sources/ARCOMMANDS_Generator.c.o
                0x0000000000029190                ARCOMMANDS_Generator_GenerateJumpingSumoPilotingPosture
 .text.ARCOMMANDS_Generator_GenerateJumpingSumoPilotingAddCapOffset
                0x0000000000029230       0x9e /home/heratom/Firefly-project/out/arsdk-native/build/libARCommands/obj/gen/Sources/ARCOMMANDS_Generator.c.o
                0x0000000000029230                ARCOMMANDS_Generator_GenerateJumpingSumoPilotingAddCapOffset
 *fill*         0x00000000000292ce        0x2 
 .text.ARCOMMANDS_Generator_GenerateJumpingSumoAnimationsJumpStop
                0x00000000000292d0       0x7a /home/heratom/Firefly-project/out/arsdk-native/build/libARCommands/obj/gen/Sources/ARCOMMANDS_Generator.c.o
                0x00000000000292d0                ARCOMMANDS_Generator_GenerateJumpingSumoAnimationsJumpStop
 *fill*         0x000000000002934a        0x6 
 .text.ARCOMMANDS_Generator_GenerateJumpingSumoAnimationsJumpCancel
                0x0000000000029350       0x82 /home/heratom/Firefly-project/out/arsdk-native/build/libARCommands/obj/gen/Sources/ARCOMMANDS_Generator.c.o
                0x0000000000029350                ARCOMMANDS_Generator_GenerateJumpingSumoAnimationsJumpCancel
 *fill*         0x00000000000293d2        0xe 
 .text.ARCOMMANDS_Generator_GenerateJumpingSumoAnimationsJumpLoad
                0x00000000000293e0       0x82 /home/heratom/Firefly-project/out/arsdk-native/build/libARCommands/obj/gen/Sources/ARCOMMANDS_Generator.c.o
                0x00000000000293e0                ARCOMMANDS_Generator_GenerateJumpingSumoAnimationsJumpLoad
 *fill*         0x0000000000029462        0xe 
 .text.ARCOMMANDS_Generator_GenerateJumpingSumoAnimationsJump
                0x0000000000029470       0xa0 /home/heratom/Firefly-project/out/arsdk-native/build/libARCommands/obj/gen/Sources/ARCOMMANDS_Generator.c.o
                0x0000000000029470                ARCOMMANDS_Generator_GenerateJumpingSumoAnimationsJump
 .text.ARCOMMANDS_Generator_GenerateJumpingSumoAnimationsSimpleAnimation
                0x0000000000029510       0xa0 /home/heratom/Firefly-project/out/arsdk-native/build/libARCommands/obj/gen/Sources/ARCOMMANDS_Generator.c.o
                0x0000000000029510                ARCOMMANDS_Generator_GenerateJumpingSumoAnimationsSimpleAnimation
 .text.ARCOMMANDS_Generator_GenerateJumpingSumoMediaRecordPicture
                0x00000000000295b0       0xa0 /home/heratom/Firefly-project/out/arsdk-native/build/libARCommands/obj/gen/Sources/ARCOMMANDS_Generator.c.o
                0x00000000000295b0                ARCOMMANDS_Generator_GenerateJumpingSumoMediaRecordPicture
 .text.ARCOMMANDS_Generator_GenerateJumpingSumoMediaRecordVideo
                0x0000000000029650       0xb6 /home/heratom/Firefly-project/out/arsdk-native/build/libARCommands/obj/gen/Sources/ARCOMMANDS_Generator.c.o
                0x0000000000029650                ARCOMMANDS_Generator_GenerateJumpingSumoMediaRecordVideo
 *fill*         0x0000000000029706        0xa 
 .text.ARCOMMANDS_Generator_GenerateJumpingSumoMediaRecordPictureV2
                0x0000000000029710       0x82 /home/heratom/Firefly-project/out/arsdk-native/build/libARCommands/obj/gen/Sources/ARCOMMANDS_Generator.c.o
                0x0000000000029710                ARCOMMANDS_Generator_GenerateJumpingSumoMediaRecordPictureV2
 *fill*         0x0000000000029792        0xe 
 .text.ARCOMMANDS_Generator_GenerateJumpingSumoMediaRecordVideoV2
                0x00000000000297a0       0xa0 /home/heratom/Firefly-project/out/arsdk-native/build/libARCommands/obj/gen/Sources/ARCOMMANDS_Generator.c.o
                0x00000000000297a0                ARCOMMANDS_Generator_GenerateJumpingSumoMediaRecordVideoV2
 .text.ARCOMMANDS_Generator_GenerateJumpingSumoNetworkSettingsWifiSelection
                0x0000000000029840       0xe4 /home/heratom/Firefly-project/out/arsdk-native/build/libARCommands/obj/gen/Sources/ARCOMMANDS_Generator.c.o
                0x0000000000029840                ARCOMMANDS_Generator_GenerateJumpingSumoNetworkSettingsWifiSelection
 *fill*         0x0000000000029924        0xc 
 .text.ARCOMMANDS_Generator_GenerateJumpingSumoNetworkWifiScan
                0x0000000000029930       0xa0 /home/heratom/Firefly-project/out/arsdk-native/build/libARCommands/obj/gen/Sources/ARCOMMANDS_Generator.c.o
                0x0000000000029930                ARCOMMANDS_Generator_GenerateJumpingSumoNetworkWifiScan
 .text.ARCOMMANDS_Generator_GenerateJumpingSumoNetworkWifiAuthChannel
                0x00000000000299d0       0x82 /home/heratom/Firefly-project/out/arsdk-native/build/libARCommands/obj/gen/Sources/ARCOMMANDS_Generator.c.o
                0x00000000000299d0                ARCOMMANDS_Generator_GenerateJumpingSumoNetworkWifiAuthChannel
 *fill*         0x0000000000029a52        0xe 
 .text.ARCOMMANDS_Generator_GenerateJumpingSumoAudioSettingsMasterVolume
                0x0000000000029a60       0xa0 /home/heratom/Firefly-project/out/arsdk-native/build/libARCommands/obj/gen/Sources/ARCOMMANDS_Generator.c.o
                0x0000000000029a60                ARCOMMANDS_Generator_GenerateJumpingSumoAudioSettingsMasterVolume
 .text.ARCOMMANDS_Generator_GenerateJumpingSumoAudioSettingsTheme
                0x0000000000029b00       0xa0 /home/heratom/Firefly-project/out/arsdk-native/build/libARCommands/obj/gen/Sources/ARCOMMANDS_Generator.c.o
                0x0000000000029b00                ARCOMMANDS_Generator_GenerateJumpingSumoAudioSettingsTheme
 .text.ARCOMMANDS_Generator_GenerateJumpingSumoRoadPlanAllScriptsMetadata
                0x0000000000029ba0       0x7a /home/heratom/Firefly-project/out/arsdk-native/build/libARCommands/obj/gen/Sources/ARCOMMANDS_Generator.c.o
                0x0000000000029ba0                ARCOMMANDS_Generator_GenerateJumpingSumoRoadPlanAllScriptsMetadata
 *fill*         0x0000000000029c1a        0x6 
 .text.ARCOMMANDS_Generator_GenerateJumpingSumoRoadPlanScriptUploaded
                0x0000000000029c20       0xe0 /home/heratom/Firefly-project/out/arsdk-native/build/libARCommands/obj/gen/Sources/ARCOMMANDS_Generator.c.o
                0x0000000000029c20                ARCOMMANDS_Generator_GenerateJumpingSumoRoadPlanScriptUploaded
 .text.ARCOMMANDS_Generator_GenerateJumpingSumoRoadPlanScriptDelete
                0x0000000000029d00       0xb0 /home/heratom/Firefly-project/out/arsdk-native/build/libARCommands/obj/gen/Sources/ARCOMMANDS_Generator.c.o
                0x0000000000029d00                ARCOMMANDS_Generator_GenerateJumpingSumoRoadPlanScriptDelete
 .text.ARCOMMANDS_Generator_GenerateJumpingSumoRoadPlanPlayScript
                0x0000000000029db0       0xb0 /home/heratom/Firefly-project/out/arsdk-native/build/libARCommands/obj/gen/Sources/ARCOMMANDS_Generator.c.o
                0x0000000000029db0                ARCOMMANDS_Generator_GenerateJumpingSumoRoadPlanPlayScript
 .text.ARCOMMANDS_Generator_GenerateJumpingSumoSpeedSettingsOutdoor
                0x0000000000029e60       0xa0 /home/heratom/Firefly-project/out/arsdk-native/build/libARCommands/obj/gen/Sources/ARCOMMANDS_Generator.c.o
                0x0000000000029e60                ARCOMMANDS_Generator_GenerateJumpingSumoSpeedSettingsOutdoor
 .text.ARCOMMANDS_Generator_GenerateJumpingSumoMediaStreamingVideoEnable
                0x0000000000029f00       0xa0 /home/heratom/Firefly-project/out/arsdk-native/build/libARCommands/obj/gen/Sources/ARCOMMANDS_Generator.c.o
                0x0000000000029f00                ARCOMMANDS_Generator_GenerateJumpingSumoMediaStreamingVideoEnable
 .text.ARCOMMANDS_Generator_GenerateJumpingSumoVideoSettingsAutorecord
                0x0000000000029fa0       0xa0 /home/heratom/Firefly-project/out/arsdk-native/build/libARCommands/obj/gen/Sources/ARCOMMANDS_Generator.c.o
                0x0000000000029fa0                ARCOMMANDS_Generator_GenerateJumpingSumoVideoSettingsAutorecord
 .text.ARCOMMANDS_Generator_GenerateJumpingSumoPilotingStatePostureChanged
                0x000000000002a040       0xa0 /home/heratom/Firefly-project/out/arsdk-native/build/libARCommands/obj/gen/Sources/ARCOMMANDS_Generator.c.o
                0x000000000002a040                ARCOMMANDS_Generator_GenerateJumpingSumoPilotingStatePostureChanged
 .text.ARCOMMANDS_Generator_GenerateJumpingSumoPilotingStateAlertStateChanged
                0x000000000002a0e0       0xa0 /home/heratom/Firefly-project/out/arsdk-native/build/libARCommands/obj/gen/Sources/ARCOMMANDS_Generator.c.o
                0x000000000002a0e0                ARCOMMANDS_Generator_GenerateJumpingSumoPilotingStateAlertStateChanged
 .text.ARCOMMANDS_Generator_GenerateJumpingSumoPilotingStateSpeedChanged
                0x000000000002a180       0xb6 /home/heratom/Firefly-project/out/arsdk-native/build/libARCommands/obj/gen/Sources/ARCOMMANDS_Generator.c.o
                0x000000000002a180                ARCOMMANDS_Generator_GenerateJumpingSumoPilotingStateSpeedChanged
 *fill*         0x000000000002a236        0xa 
 .text.ARCOMMANDS_Generator_GenerateJumpingSumoAnimationsStateJumpLoadChanged
                0x000000000002a240       0xa0 /home/heratom/Firefly-project/out/arsdk-native/build/libARCommands/obj/gen/Sources/ARCOMMANDS_Generator.c.o
                0x000000000002a240                ARCOMMANDS_Generator_GenerateJumpingSumoAnimationsStateJumpLoadChanged
 .text.ARCOMMANDS_Generator_GenerateJumpingSumoAnimationsStateJumpTypeChanged
                0x000000000002a2e0       0xa0 /home/heratom/Firefly-project/out/arsdk-native/build/libARCommands/obj/gen/Sources/ARCOMMANDS_Generator.c.o
                0x000000000002a2e0                ARCOMMANDS_Generator_GenerateJumpingSumoAnimationsStateJumpTypeChanged
 .text.ARCOMMANDS_Generator_GenerateJumpingSumoAnimationsStateJumpMotorProblemChanged
                0x000000000002a380       0xa0 /home/heratom/Firefly-project/out/arsdk-native/build/libARCommands/obj/gen/Sources/ARCOMMANDS_Generator.c.o
                0x000000000002a380                ARCOMMANDS_Generator_GenerateJumpingSumoAnimationsStateJumpMotorProblemChanged
 .text.ARCOMMANDS_Generator_GenerateJumpingSumoSettingsStateProductGPSVersionChanged
                0x000000000002a420       0xe0 /home/heratom/Firefly-project/out/arsdk-native/build/libARCommands/obj/gen/Sources/ARCOMMANDS_Generator.c.o
                0x000000000002a420                ARCOMMANDS_Generator_GenerateJumpingSumoSettingsStateProductGPSVersionChanged
 .text.ARCOMMANDS_Generator_GenerateJumpingSumoMediaRecordStatePictureStateChanged
                0x000000000002a500       0xb6 /home/heratom/Firefly-project/out/arsdk-native/build/libARCommands/obj/gen/Sources/ARCOMMANDS_Generator.c.o
                0x000000000002a500                ARCOMMANDS_Generator_GenerateJumpingSumoMediaRecordStatePictureStateChanged
 *fill*         0x000000000002a5b6        0xa 
 .text.ARCOMMANDS_Generator_GenerateJumpingSumoMediaRecordStateVideoStateChanged
                0x000000000002a5c0       0xb6 /home/heratom/Firefly-project/out/arsdk-native/build/libARCommands/obj/gen/Sources/ARCOMMANDS_Generator.c.o
                0x000000000002a5c0                ARCOMMANDS_Generator_GenerateJumpingSumoMediaRecordStateVideoStateChanged
 *fill*         0x000000000002a676        0xa 
 .text.ARCOMMANDS_Generator_GenerateJumpingSumoMediaRecordStatePictureStateChangedV2
                0x000000000002a680       0xb6 /home/heratom/Firefly-project/out/arsdk-native/build/libARCommands/obj/gen/Sources/ARCOMMANDS_Generator.c.o
                0x000000000002a680                ARCOMMANDS_Generator_GenerateJumpingSumoMediaRecordStatePictureStateChangedV2
 *fill*         0x000000000002a736        0xa 
 .text.ARCOMMANDS_Generator_GenerateJumpingSumoMediaRecordStateVideoStateChangedV2
                0x000000000002a740       0xb6 /home/heratom/Firefly-project/out/arsdk-native/build/libARCommands/obj/gen/Sources/ARCOMMANDS_Generator.c.o
                0x000000000002a740                ARCOMMANDS_Generator_GenerateJumpingSumoMediaRecordStateVideoStateChangedV2
 *fill*         0x000000000002a7f6        0xa 
 .text.ARCOMMANDS_Generator_GenerateJumpingSumoMediaRecordEventPictureEventChanged
                0x000000000002a800       0xae /home/heratom/Firefly-project/out/arsdk-native/build/libARCommands/obj/gen/Sources/ARCOMMANDS_Generator.c.o
                0x000000000002a800                ARCOMMANDS_Generator_GenerateJumpingSumoMediaRecordEventPictureEventChanged
 *fill*         0x000000000002a8ae        0x2 
 .text.ARCOMMANDS_Generator_GenerateJumpingSumoMediaRecordEventVideoEventChanged
                0x000000000002a8b0       0xb6 /home/heratom/Firefly-project/out/arsdk-native/build/libARCommands/obj/gen/Sources/ARCOMMANDS_Generator.c.o
                0x000000000002a8b0                ARCOMMANDS_Generator_GenerateJumpingSumoMediaRecordEventVideoEventChanged
 *fill*         0x000000000002a966        0xa 
 .text.ARCOMMANDS_Generator_GenerateJumpingSumoNetworkSettingsStateWifiSelectionChanged
                0x000000000002a970       0xe4 /home/heratom/Firefly-project/out/arsdk-native/build/libARCommands/obj/gen/Sources/ARCOMMANDS_Generator.c.o
                0x000000000002a970                ARCOMMANDS_Generator_GenerateJumpingSumoNetworkSettingsStateWifiSelectionChanged
 *fill*         0x000000000002aa54        0xc 
 .text.ARCOMMANDS_Generator_GenerateJumpingSumoNetworkStateWifiScanListChanged
                0x000000000002aa60      0x12c /home/heratom/Firefly-project/out/arsdk-native/build/libARCommands/obj/gen/Sources/ARCOMMANDS_Generator.c.o
                0x000000000002aa60                ARCOMMANDS_Generator_GenerateJumpingSumoNetworkStateWifiScanListChanged
 *fill*         0x000000000002ab8c        0x4 
 .text.ARCOMMANDS_Generator_GenerateJumpingSumoNetworkStateAllWifiScanChanged
                0x000000000002ab90       0x82 /home/heratom/Firefly-project/out/arsdk-native/build/libARCommands/obj/gen/Sources/ARCOMMANDS_Generator.c.o
                0x000000000002ab90                ARCOMMANDS_Generator_GenerateJumpingSumoNetworkStateAllWifiScanChanged
 *fill*         0x000000000002ac12        0xe 
 .text.ARCOMMANDS_Generator_GenerateJumpingSumoNetworkStateWifiAuthChannelListChanged
                0x000000000002ac20       0xe4 /home/heratom/Firefly-project/out/arsdk-native/build/libARCommands/obj/gen/Sources/ARCOMMANDS_Generator.c.o
                0x000000000002ac20                ARCOMMANDS_Generator_GenerateJumpingSumoNetworkStateWifiAuthChannelListChanged
 *fill*         0x000000000002ad04        0xc 
 .text.ARCOMMANDS_Generator_GenerateJumpingSumoNetworkStateAllWifiAuthChannelChanged
                0x000000000002ad10       0x82 /home/heratom/Firefly-project/out/arsdk-native/build/libARCommands/obj/gen/Sources/ARCOMMANDS_Generator.c.o
                0x000000000002ad10                ARCOMMANDS_Generator_GenerateJumpingSumoNetworkStateAllWifiAuthChannelChanged
 *fill*         0x000000000002ad92        0xe 
 .text.ARCOMMANDS_Generator_GenerateJumpingSumoNetworkStateLinkQualityChanged
                0x000000000002ada0       0xa8 /home/heratom/Firefly-project/out/arsdk-native/build/libARCommands/obj/gen/Sources/ARCOMMANDS_Generator.c.o
                0x000000000002ada0                ARCOMMANDS_Generator_GenerateJumpingSumoNetworkStateLinkQualityChanged
 *fill*         0x000000000002ae48        0x8 
 .text.ARCOMMANDS_Generator_GenerateJumpingSumoAudioSettingsStateMasterVolumeChanged
                0x000000000002ae50       0xa0 /home/heratom/Firefly-project/out/arsdk-native/build/libARCommands/obj/gen/Sources/ARCOMMANDS_Generator.c.o
                0x000000000002ae50                ARCOMMANDS_Generator_GenerateJumpingSumoAudioSettingsStateMasterVolumeChanged
 .text.ARCOMMANDS_Generator_GenerateJumpingSumoAudioSettingsStateThemeChanged
                0x000000000002aef0       0xa0 /home/heratom/Firefly-project/out/arsdk-native/build/libARCommands/obj/gen/Sources/ARCOMMANDS_Generator.c.o
                0x000000000002aef0                ARCOMMANDS_Generator_GenerateJumpingSumoAudioSettingsStateThemeChanged
 .text.ARCOMMANDS_Generator_GenerateJumpingSumoRoadPlanStateScriptMetadataListChanged
                0x000000000002af90      0x14c /home/heratom/Firefly-project/out/arsdk-native/build/libARCommands/obj/gen/Sources/ARCOMMANDS_Generator.c.o
                0x000000000002af90                ARCOMMANDS_Generator_GenerateJumpingSumoRoadPlanStateScriptMetadataListChanged
 *fill*         0x000000000002b0dc        0x4 
 .text.ARCOMMANDS_Generator_GenerateJumpingSumoRoadPlanStateAllScriptsMetadataChanged
                0x000000000002b0e0       0x82 /home/heratom/Firefly-project/out/arsdk-native/build/libARCommands/obj/gen/Sources/ARCOMMANDS_Generator.c.o
                0x000000000002b0e0                ARCOMMANDS_Generator_GenerateJumpingSumoRoadPlanStateAllScriptsMetadataChanged
 *fill*         0x000000000002b162        0xe 
 .text.ARCOMMANDS_Generator_GenerateJumpingSumoRoadPlanStateScriptUploadChanged
                0x000000000002b170       0xa0 /home/heratom/Firefly-project/out/arsdk-native/build/libARCommands/obj/gen/Sources/ARCOMMANDS_Generator.c.o
                0x000000000002b170                ARCOMMANDS_Generator_GenerateJumpingSumoRoadPlanStateScriptUploadChanged
 .text.ARCOMMANDS_Generator_GenerateJumpingSumoRoadPlanStateScriptDeleteChanged
                0x000000000002b210       0xa0 /home/heratom/Firefly-project/out/arsdk-native/build/libARCommands/obj/gen/Sources/ARCOMMANDS_Generator.c.o
                0x000000000002b210                ARCOMMANDS_Generator_GenerateJumpingSumoRoadPlanStateScriptDeleteChanged
 .text.ARCOMMANDS_Generator_GenerateJumpingSumoRoadPlanStatePlayScriptChanged
                0x000000000002b2b0       0xa0 /home/heratom/Firefly-project/out/arsdk-native/build/libARCommands/obj/gen/Sources/ARCOMMANDS_Generator.c.o
                0x000000000002b2b0                ARCOMMANDS_Generator_GenerateJumpingSumoRoadPlanStatePlayScriptChanged
 .text.ARCOMMANDS_Generator_GenerateJumpingSumoSpeedSettingsStateOutdoorChanged
                0x000000000002b350       0xa0 /home/heratom/Firefly-project/out/arsdk-native/build/libARCommands/obj/gen/Sources/ARCOMMANDS_Generator.c.o
                0x000000000002b350                ARCOMMANDS_Generator_GenerateJumpingSumoSpeedSettingsStateOutdoorChanged
 .text.ARCOMMANDS_Generator_GenerateJumpingSumoMediaStreamingStateVideoEnableChanged
                0x000000000002b3f0       0xa0 /home/heratom/Firefly-project/out/arsdk-native/build/libARCommands/obj/gen/Sources/ARCOMMANDS_Generator.c.o
                0x000000000002b3f0                ARCOMMANDS_Generator_GenerateJumpingSumoMediaStreamingStateVideoEnableChanged
 .text.ARCOMMANDS_Generator_GenerateJumpingSumoVideoSettingsStateAutorecordChanged
                0x000000000002b490       0xa0 /home/heratom/Firefly-project/out/arsdk-native/build/libARCommands/obj/gen/Sources/ARCOMMANDS_Generator.c.o
                0x000000000002b490                ARCOMMANDS_Generator_GenerateJumpingSumoVideoSettingsStateAutorecordChanged
 .text.ARCOMMANDS_Generator_GenerateMiniDronePilotingFlatTrim
                0x000000000002b530       0x7a /home/heratom/Firefly-project/out/arsdk-native/build/libARCommands/obj/gen/Sources/ARCOMMANDS_Generator.c.o
                0x000000000002b530                ARCOMMANDS_Generator_GenerateMiniDronePilotingFlatTrim
 *fill*         0x000000000002b5aa        0x6 
 .text.ARCOMMANDS_Generator_GenerateMiniDronePilotingTakeOff
                0x000000000002b5b0       0x7a /home/heratom/Firefly-project/out/arsdk-native/build/libARCommands/obj/gen/Sources/ARCOMMANDS_Generator.c.o
                0x000000000002b5b0                ARCOMMANDS_Generator_GenerateMiniDronePilotingTakeOff
 *fill*         0x000000000002b62a        0x6 
 .text.ARCOMMANDS_Generator_GenerateMiniDronePilotingPCMD
                0x000000000002b630      0x14c /home/heratom/Firefly-project/out/arsdk-native/build/libARCommands/obj/gen/Sources/ARCOMMANDS_Generator.c.o
                0x000000000002b630                ARCOMMANDS_Generator_GenerateMiniDronePilotingPCMD
 *fill*         0x000000000002b77c        0x4 
 .text.ARCOMMANDS_Generator_GenerateMiniDronePilotingLanding
                0x000000000002b780       0x7a /home/heratom/Firefly-project/out/arsdk-native/build/libARCommands/obj/gen/Sources/ARCOMMANDS_Generator.c.o
                0x000000000002b780                ARCOMMANDS_Generator_GenerateMiniDronePilotingLanding
 *fill*         0x000000000002b7fa        0x6 
 .text.ARCOMMANDS_Generator_GenerateMiniDronePilotingEmergency
                0x000000000002b800       0x7a /home/heratom/Firefly-project/out/arsdk-native/build/libARCommands/obj/gen/Sources/ARCOMMANDS_Generator.c.o
                0x000000000002b800                ARCOMMANDS_Generator_GenerateMiniDronePilotingEmergency
 *fill*         0x000000000002b87a        0x6 
 .text.ARCOMMANDS_Generator_GenerateMiniDronePilotingAutoTakeOffMode
                0x000000000002b880       0xa0 /home/heratom/Firefly-project/out/arsdk-native/build/libARCommands/obj/gen/Sources/ARCOMMANDS_Generator.c.o
                0x000000000002b880                ARCOMMANDS_Generator_GenerateMiniDronePilotingAutoTakeOffMode
 .text.ARCOMMANDS_Generator_GenerateMiniDroneAnimationsFlip
                0x000000000002b920       0xa0 /home/heratom/Firefly-project/out/arsdk-native/build/libARCommands/obj/gen/Sources/ARCOMMANDS_Generator.c.o
                0x000000000002b920                ARCOMMANDS_Generator_GenerateMiniDroneAnimationsFlip
 .text.ARCOMMANDS_Generator_GenerateMiniDroneAnimationsCap
                0x000000000002b9c0       0xa8 /home/heratom/Firefly-project/out/arsdk-native/build/libARCommands/obj/gen/Sources/ARCOMMANDS_Generator.c.o
                0x000000000002b9c0                ARCOMMANDS_Generator_GenerateMiniDroneAnimationsCap
 *fill*         0x000000000002ba68        0x8 
 .text.ARCOMMANDS_Generator_GenerateMiniDroneMediaRecordPicture
                0x000000000002ba70       0xa0 /home/heratom/Firefly-project/out/arsdk-native/build/libARCommands/obj/gen/Sources/ARCOMMANDS_Generator.c.o
                0x000000000002ba70                ARCOMMANDS_Generator_GenerateMiniDroneMediaRecordPicture
 .text.ARCOMMANDS_Generator_GenerateMiniDroneMediaRecordPictureV2
                0x000000000002bb10       0x82 /home/heratom/Firefly-project/out/arsdk-native/build/libARCommands/obj/gen/Sources/ARCOMMANDS_Generator.c.o
                0x000000000002bb10                ARCOMMANDS_Generator_GenerateMiniDroneMediaRecordPictureV2
 *fill*         0x000000000002bb92        0xe 
 .text.ARCOMMANDS_Generator_GenerateMiniDronePilotingSettingsMaxAltitude
                0x000000000002bba0       0x9e /home/heratom/Firefly-project/out/arsdk-native/build/libARCommands/obj/gen/Sources/ARCOMMANDS_Generator.c.o
                0x000000000002bba0                ARCOMMANDS_Generator_GenerateMiniDronePilotingSettingsMaxAltitude
 *fill*         0x000000000002bc3e        0x2 
 .text.ARCOMMANDS_Generator_GenerateMiniDronePilotingSettingsMaxTilt
                0x000000000002bc40       0x9e /home/heratom/Firefly-project/out/arsdk-native/build/libARCommands/obj/gen/Sources/ARCOMMANDS_Generator.c.o
                0x000000000002bc40                ARCOMMANDS_Generator_GenerateMiniDronePilotingSettingsMaxTilt
 *fill*         0x000000000002bcde        0x2 
 .text.ARCOMMANDS_Generator_GenerateMiniDroneSpeedSettingsMaxVerticalSpeed
                0x000000000002bce0       0x9e /home/heratom/Firefly-project/out/arsdk-native/build/libARCommands/obj/gen/Sources/ARCOMMANDS_Generator.c.o
                0x000000000002bce0                ARCOMMANDS_Generator_GenerateMiniDroneSpeedSettingsMaxVerticalSpeed
 *fill*         0x000000000002bd7e        0x2 
 .text.ARCOMMANDS_Generator_GenerateMiniDroneSpeedSettingsMaxRotationSpeed
                0x000000000002bd80       0x9e /home/heratom/Firefly-project/out/arsdk-native/build/libARCommands/obj/gen/Sources/ARCOMMANDS_Generator.c.o
                0x000000000002bd80                ARCOMMANDS_Generator_GenerateMiniDroneSpeedSettingsMaxRotationSpeed
 *fill*         0x000000000002be1e        0x2 
 .text.ARCOMMANDS_Generator_GenerateMiniDroneSpeedSettingsWheels
                0x000000000002be20       0xa8 /home/heratom/Firefly-project/out/arsdk-native/build/libARCommands/obj/gen/Sources/ARCOMMANDS_Generator.c.o
                0x000000000002be20                ARCOMMANDS_Generator_GenerateMiniDroneSpeedSettingsWheels
 *fill*         0x000000000002bec8        0x8 
 .text.ARCOMMANDS_Generator_GenerateMiniDroneSpeedSettingsMaxHorizontalSpeed
                0x000000000002bed0       0x9e /home/heratom/Firefly-project/out/arsdk-native/build/libARCommands/obj/gen/Sources/ARCOMMANDS_Generator.c.o
                0x000000000002bed0                ARCOMMANDS_Generator_GenerateMiniDroneSpeedSettingsMaxHorizontalSpeed
 *fill*         0x000000000002bf6e        0x2 
 .text.ARCOMMANDS_Generator_GenerateMiniDroneSettingsCutOutMode
                0x000000000002bf70       0xa0 /home/heratom/Firefly-project/out/arsdk-native/build/libARCommands/obj/gen/Sources/ARCOMMANDS_Generator.c.o
                0x000000000002bf70                ARCOMMANDS_Generator_GenerateMiniDroneSettingsCutOutMode
 .text.ARCOMMANDS_Generator_GenerateMiniDroneGPSControllerLatitudeForRun
                0x000000000002c010       0x9e /home/heratom/Firefly-project/out/arsdk-native/build/libARCommands/obj/gen/Sources/ARCOMMANDS_Generator.c.o
                0x000000000002c010                ARCOMMANDS_Generator_GenerateMiniDroneGPSControllerLatitudeForRun
 *fill*         0x000000000002c0ae        0x2 
 .text.ARCOMMANDS_Generator_GenerateMiniDroneGPSControllerLongitudeForRun
                0x000000000002c0b0       0x9e /home/heratom/Firefly-project/out/arsdk-native/build/libARCommands/obj/gen/Sources/ARCOMMANDS_Generator.c.o
                0x000000000002c0b0                ARCOMMANDS_Generator_GenerateMiniDroneGPSControllerLongitudeForRun
 *fill*         0x000000000002c14e        0x2 
 .text.ARCOMMANDS_Generator_GenerateMiniDroneConfigurationControllerType
                0x000000000002c150       0xb0 /home/heratom/Firefly-project/out/arsdk-native/build/libARCommands/obj/gen/Sources/ARCOMMANDS_Generator.c.o
                0x000000000002c150                ARCOMMANDS_Generator_GenerateMiniDroneConfigurationControllerType
 .text.ARCOMMANDS_Generator_GenerateMiniDroneConfigurationControllerName
                0x000000000002c200       0xb0 /home/heratom/Firefly-project/out/arsdk-native/build/libARCommands/obj/gen/Sources/ARCOMMANDS_Generator.c.o
                0x000000000002c200                ARCOMMANDS_Generator_GenerateMiniDroneConfigurationControllerName
 .text.ARCOMMANDS_Generator_GenerateMiniDronePilotingStateFlatTrimChanged
                0x000000000002c2b0       0x7a /home/heratom/Firefly-project/out/arsdk-native/build/libARCommands/obj/gen/Sources/ARCOMMANDS_Generator.c.o
                0x000000000002c2b0                ARCOMMANDS_Generator_GenerateMiniDronePilotingStateFlatTrimChanged
 *fill*         0x000000000002c32a        0x6 
 .text.ARCOMMANDS_Generator_GenerateMiniDronePilotingStateFlyingStateChanged
                0x000000000002c330       0xa0 /home/heratom/Firefly-project/out/arsdk-native/build/libARCommands/obj/gen/Sources/ARCOMMANDS_Generator.c.o
                0x000000000002c330                ARCOMMANDS_Generator_GenerateMiniDronePilotingStateFlyingStateChanged
 .text.ARCOMMANDS_Generator_GenerateMiniDronePilotingStateAlertStateChanged
                0x000000000002c3d0       0xa0 /home/heratom/Firefly-project/out/arsdk-native/build/libARCommands/obj/gen/Sources/ARCOMMANDS_Generator.c.o
                0x000000000002c3d0                ARCOMMANDS_Generator_GenerateMiniDronePilotingStateAlertStateChanged
 .text.ARCOMMANDS_Generator_GenerateMiniDronePilotingStateAutoTakeOffModeChanged
                0x000000000002c470       0xa8 /home/heratom/Firefly-project/out/arsdk-native/build/libARCommands/obj/gen/Sources/ARCOMMANDS_Generator.c.o
                0x000000000002c470                ARCOMMANDS_Generator_GenerateMiniDronePilotingStateAutoTakeOffModeChanged
 *fill*         0x000000000002c518        0x8 
 .text.ARCOMMANDS_Generator_GenerateMiniDroneMediaRecordStatePictureStateChanged
                0x000000000002c520       0xb6 /home/heratom/Firefly-project/out/arsdk-native/build/libARCommands/obj/gen/Sources/ARCOMMANDS_Generator.c.o
                0x000000000002c520                ARCOMMANDS_Generator_GenerateMiniDroneMediaRecordStatePictureStateChanged
 *fill*         0x000000000002c5d6        0xa 
 .text.ARCOMMANDS_Generator_GenerateMiniDroneMediaRecordStatePictureStateChangedV2
                0x000000000002c5e0       0xb6 /home/heratom/Firefly-project/out/arsdk-native/build/libARCommands/obj/gen/Sources/ARCOMMANDS_Generator.c.o
                0x000000000002c5e0                ARCOMMANDS_Generator_GenerateMiniDroneMediaRecordStatePictureStateChangedV2
 *fill*         0x000000000002c696        0xa 
 .text.ARCOMMANDS_Generator_GenerateMiniDroneMediaRecordEventPictureEventChanged
                0x000000000002c6a0       0xae /home/heratom/Firefly-project/out/arsdk-native/build/libARCommands/obj/gen/Sources/ARCOMMANDS_Generator.c.o
                0x000000000002c6a0                ARCOMMANDS_Generator_GenerateMiniDroneMediaRecordEventPictureEventChanged
 *fill*         0x000000000002c74e        0x2 
 .text.ARCOMMANDS_Generator_GenerateMiniDronePilotingSettingsStateMaxAltitudeChanged
                0x000000000002c750       0xde /home/heratom/Firefly-project/out/arsdk-native/build/libARCommands/obj/gen/Sources/ARCOMMANDS_Generator.c.o
                0x000000000002c750                ARCOMMANDS_Generator_GenerateMiniDronePilotingSettingsStateMaxAltitudeChanged
 *fill*         0x000000000002c82e        0x2 
 .text.ARCOMMANDS_Generator_GenerateMiniDronePilotingSettingsStateMaxTiltChanged
                0x000000000002c830       0xde /home/heratom/Firefly-project/out/arsdk-native/build/libARCommands/obj/gen/Sources/ARCOMMANDS_Generator.c.o
                0x000000000002c830                ARCOMMANDS_Generator_GenerateMiniDronePilotingSettingsStateMaxTiltChanged
 *fill*         0x000000000002c90e        0x2 
 .text.ARCOMMANDS_Generator_GenerateMiniDroneSpeedSettingsStateMaxVerticalSpeedChanged
                0x000000000002c910       0xde /home/heratom/Firefly-project/out/arsdk-native/build/libARCommands/obj/gen/Sources/ARCOMMANDS_Generator.c.o
                0x000000000002c910                ARCOMMANDS_Generator_GenerateMiniDroneSpeedSettingsStateMaxVerticalSpeedChanged
 *fill*         0x000000000002c9ee        0x2 
 .text.ARCOMMANDS_Generator_GenerateMiniDroneSpeedSettingsStateMaxRotationSpeedChanged
                0x000000000002c9f0       0xde /home/heratom/Firefly-project/out/arsdk-native/build/libARCommands/obj/gen/Sources/ARCOMMANDS_Generator.c.o
                0x000000000002c9f0                ARCOMMANDS_Generator_GenerateMiniDroneSpeedSettingsStateMaxRotationSpeedChanged
 *fill*         0x000000000002cace        0x2 
 .text.ARCOMMANDS_Generator_GenerateMiniDroneSpeedSettingsStateWheelsChanged
                0x000000000002cad0       0xa8 /home/heratom/Firefly-project/out/arsdk-native/build/libARCommands/obj/gen/Sources/ARCOMMANDS_Generator.c.o
                0x000000000002cad0                ARCOMMANDS_Generator_GenerateMiniDroneSpeedSettingsStateWheelsChanged
 *fill*         0x000000000002cb78        0x8 
 .text.ARCOMMANDS_Generator_GenerateMiniDroneSpeedSettingsStateMaxHorizontalSpeedChanged
                0x000000000002cb80       0xde /home/heratom/Firefly-project/out/arsdk-native/build/libARCommands/obj/gen/Sources/ARCOMMANDS_Generator.c.o
                0x000000000002cb80                ARCOMMANDS_Generator_GenerateMiniDroneSpeedSettingsStateMaxHorizontalSpeedChanged
 *fill*         0x000000000002cc5e        0x2 
 .text.ARCOMMANDS_Generator_GenerateMiniDroneSettingsStateProductMotorsVersionChanged
                0x000000000002cc60      0x13c /home/heratom/Firefly-project/out/arsdk-native/build/libARCommands/obj/gen/Sources/ARCOMMANDS_Generator.c.o
                0x000000000002cc60                ARCOMMANDS_Generator_GenerateMiniDroneSettingsStateProductMotorsVersionChanged
 *fill*         0x000000000002cd9c        0x4 
 .text.ARCOMMANDS_Generator_GenerateMiniDroneSettingsStateProductInertialVersionChanged
                0x000000000002cda0       0xe0 /home/heratom/Firefly-project/out/arsdk-native/build/libARCommands/obj/gen/Sources/ARCOMMANDS_Generator.c.o
                0x000000000002cda0                ARCOMMANDS_Generator_GenerateMiniDroneSettingsStateProductInertialVersionChanged
 .text.ARCOMMANDS_Generator_GenerateMiniDroneSettingsStateCutOutModeChanged
                0x000000000002ce80       0xa8 /home/heratom/Firefly-project/out/arsdk-native/build/libARCommands/obj/gen/Sources/ARCOMMANDS_Generator.c.o
                0x000000000002ce80                ARCOMMANDS_Generator_GenerateMiniDroneSettingsStateCutOutModeChanged
 *fill*         0x000000000002cf28        0x8 
 .text.ARCOMMANDS_Generator_GenerateMiniDroneFloodControlStateFloodControlChanged
                0x000000000002cf30       0xa0 /home/heratom/Firefly-project/out/arsdk-native/build/libARCommands/obj/gen/Sources/ARCOMMANDS_Generator.c.o
                0x000000000002cf30                ARCOMMANDS_Generator_GenerateMiniDroneFloodControlStateFloodControlChanged
 .text.ARCOMMANDS_Generator_GenerateSkyControllerWifiRequestWifiList
                0x000000000002cfd0       0x7a /home/heratom/Firefly-project/out/arsdk-native/build/libARCommands/obj/gen/Sources/ARCOMMANDS_Generator.c.o
                0x000000000002cfd0                ARCOMMANDS_Generator_GenerateSkyControllerWifiRequestWifiList
 *fill*         0x000000000002d04a        0x6 
 .text.ARCOMMANDS_Generator_GenerateSkyControllerWifiRequestCurrentWifi
                0x000000000002d050       0x82 /home/heratom/Firefly-project/out/arsdk-native/build/libARCommands/obj/gen/Sources/ARCOMMANDS_Generator.c.o
                0x000000000002d050                ARCOMMANDS_Generator_GenerateSkyControllerWifiRequestCurrentWifi
 *fill*         0x000000000002d0d2        0xe 
 .text.ARCOMMANDS_Generator_GenerateSkyControllerWifiConnectToWifi
                0x000000000002d0e0      0x10c /home/heratom/Firefly-project/out/arsdk-native/build/libARCommands/obj/gen/Sources/ARCOMMANDS_Generator.c.o
                0x000000000002d0e0                ARCOMMANDS_Generator_GenerateSkyControllerWifiConnectToWifi
 *fill*         0x000000000002d1ec        0x4 
 .text.ARCOMMANDS_Generator_GenerateSkyControllerWifiForgetWifi
                0x000000000002d1f0       0xb0 /home/heratom/Firefly-project/out/arsdk-native/build/libARCommands/obj/gen/Sources/ARCOMMANDS_Generator.c.o
                0x000000000002d1f0                ARCOMMANDS_Generator_GenerateSkyControllerWifiForgetWifi
 .text.ARCOMMANDS_Generator_GenerateSkyControllerWifiWifiAuthChannel
                0x000000000002d2a0       0x82 /home/heratom/Firefly-project/out/arsdk-native/build/libARCommands/obj/gen/Sources/ARCOMMANDS_Generator.c.o
                0x000000000002d2a0                ARCOMMANDS_Generator_GenerateSkyControllerWifiWifiAuthChannel
 *fill*         0x000000000002d322        0xe 
 .text.ARCOMMANDS_Generator_GenerateSkyControllerDeviceRequestDeviceList
                0x000000000002d330       0x7a /home/heratom/Firefly-project/out/arsdk-native/build/libARCommands/obj/gen/Sources/ARCOMMANDS_Generator.c.o
                0x000000000002d330                ARCOMMANDS_Generator_GenerateSkyControllerDeviceRequestDeviceList
 *fill*         0x000000000002d3aa        0x6 
 .text.ARCOMMANDS_Generator_GenerateSkyControllerDeviceRequestCurrentDevice
                0x000000000002d3b0       0x82 /home/heratom/Firefly-project/out/arsdk-native/build/libARCommands/obj/gen/Sources/ARCOMMANDS_Generator.c.o
                0x000000000002d3b0                ARCOMMANDS_Generator_GenerateSkyControllerDeviceRequestCurrentDevice
 *fill*         0x000000000002d432        0xe 
 .text.ARCOMMANDS_Generator_GenerateSkyControllerDeviceConnectToDevice
                0x000000000002d440       0xb0 /home/heratom/Firefly-project/out/arsdk-native/build/libARCommands/obj/gen/Sources/ARCOMMANDS_Generator.c.o
                0x000000000002d440                ARCOMMANDS_Generator_GenerateSkyControllerDeviceConnectToDevice
 .text.ARCOMMANDS_Generator_GenerateSkyControllerSettingsAllSettings
                0x000000000002d4f0       0x7a /home/heratom/Firefly-project/out/arsdk-native/build/libARCommands/obj/gen/Sources/ARCOMMANDS_Generator.c.o
                0x000000000002d4f0                ARCOMMANDS_Generator_GenerateSkyControllerSettingsAllSettings
 *fill*         0x000000000002d56a        0x6 
 .text.ARCOMMANDS_Generator_GenerateSkyControllerSettingsReset
                0x000000000002d570       0x82 /home/heratom/Firefly-project/out/arsdk-native/build/libARCommands/obj/gen/Sources/ARCOMMANDS_Generator.c.o
                0x000000000002d570                ARCOMMANDS_Generator_GenerateSkyControllerSettingsReset
 *fill*         0x000000000002d5f2        0xe 
 .text.ARCOMMANDS_Generator_GenerateSkyControllerCommonAllStates
                0x000000000002d600       0x7a /home/heratom/Firefly-project/out/arsdk-native/build/libARCommands/obj/gen/Sources/ARCOMMANDS_Generator.c.o
                0x000000000002d600                ARCOMMANDS_Generator_GenerateSkyControllerCommonAllStates
 *fill*         0x000000000002d67a        0x6 
 .text.ARCOMMANDS_Generator_GenerateSkyControllerAccessPointSettingsAccessPointSSID
                0x000000000002d680       0xb0 /home/heratom/Firefly-project/out/arsdk-native/build/libARCommands/obj/gen/Sources/ARCOMMANDS_Generator.c.o
                0x000000000002d680                ARCOMMANDS_Generator_GenerateSkyControllerAccessPointSettingsAccessPointSSID
 .text.ARCOMMANDS_Generator_GenerateSkyControllerAccessPointSettingsAccessPointChannel