
As-needed library included to satisfy reference by file (symbol)

libarsal.so                   /home/heratom/Firefly-project/out/arsdk-native/build/libARDataTransfer/obj/Sources/ARDATATRANSFER_MediasDownloader.c.o (ARSAL_Sem_Wait)
libardiscovery.so             /home/heratom/Firefly-project/out/arsdk-native/build/libARDataTransfer/obj/Sources/ARDATATRANSFER_DataDownloader.c.o (ARDISCOVERY_getProductPathName)
libarutils.so                 /home/heratom/Firefly-project/out/arsdk-native/build/libARDataTransfer/obj/Sources/ARDATATRANSFER_DataDownloader.c.o (ARUTILS_Manager_Ftp_Rename)
libpthread.so.0               /home/heratom/Firefly-project/out/arsdk-native/build/libARDataTransfer/obj/Sources/ARDATATRANSFER_DataDownloader.c.o (__errno_location@@GLIBC_2.2.5)
libc.so.6                     /home/heratom/Firefly-project/out/arsdk-native/build/libARDataTransfer/obj/Sources/ARDATATRANSFER_DataDownloader.c.o (readdir@@GLIBC_2.2.5)

Discarded input sections

 .text          0x0000000000000000        0x0 /usr/lib/gcc/x86_64-linux-gnu/4.8/../../../x86_64-linux-gnu/crti.o
 .data          0x0000000000000000        0x0 /usr/lib/gcc/x86_64-linux-gnu/4.8/../../../x86_64-linux-gnu/crti.o
 .bss           0x0000000000000000        0x0 /usr/lib/gcc/x86_64-linux-gnu/4.8/../../../x86_64-linux-gnu/crti.o
 .note.GNU-stack
                0x0000000000000000        0x0 /usr/lib/gcc/x86_64-linux-gnu/4.8/../../../x86_64-linux-gnu/crti.o
 .gnu_debuglink
                0x0000000000000000        0xc /usr/lib/gcc/x86_64-linux-gnu/4.8/../../../x86_64-linux-gnu/crti.o
 .data          0x0000000000000000        0x0 /usr/lib/gcc/x86_64-linux-gnu/4.8/crtbeginS.o
 .note.GNU-stack
                0x0000000000000000        0x0 /usr/lib/gcc/x86_64-linux-gnu/4.8/crtbeginS.o
 .text          0x0000000000000000        0x0 /home/heratom/Firefly-project/out/arsdk-native/build/libARDataTransfer/obj/Sources/ARDATATRANSFER_DataDownloader.c.o
 .data          0x0000000000000000        0x0 /home/heratom/Firefly-project/out/arsdk-native/build/libARDataTransfer/obj/Sources/ARDATATRANSFER_DataDownloader.c.o
 .note.GNU-stack
                0x0000000000000000        0x0 /home/heratom/Firefly-project/out/arsdk-native/build/libARDataTransfer/obj/Sources/ARDATATRANSFER_DataDownloader.c.o
 .text          0x0000000000000000        0x0 /home/heratom/Firefly-project/out/arsdk-native/build/libARDataTransfer/obj/Sources/ARDATATRANSFER_Downloader.c.o
 .data          0x0000000000000000        0x0 /home/heratom/Firefly-project/out/arsdk-native/build/libARDataTransfer/obj/Sources/ARDATATRANSFER_Downloader.c.o
 .bss           0x0000000000000000        0x0 /home/heratom/Firefly-project/out/arsdk-native/build/libARDataTransfer/obj/Sources/ARDATATRANSFER_Downloader.c.o
 .note.GNU-stack
                0x0000000000000000        0x0 /home/heratom/Firefly-project/out/arsdk-native/build/libARDataTransfer/obj/Sources/ARDATATRANSFER_Downloader.c.o
 .text          0x0000000000000000        0x0 /home/heratom/Firefly-project/out/arsdk-native/build/libARDataTransfer/obj/Sources/ARDATATRANSFER_Manager.c.o
 .data          0x0000000000000000        0x0 /home/heratom/Firefly-project/out/arsdk-native/build/libARDataTransfer/obj/Sources/ARDATATRANSFER_Manager.c.o
 .bss           0x0000000000000000        0x0 /home/heratom/Firefly-project/out/arsdk-native/build/libARDataTransfer/obj/Sources/ARDATATRANSFER_Manager.c.o
 .note.GNU-stack
                0x0000000000000000        0x0 /home/heratom/Firefly-project/out/arsdk-native/build/libARDataTransfer/obj/Sources/ARDATATRANSFER_Manager.c.o
 .text          0x0000000000000000        0x0 /home/heratom/Firefly-project/out/arsdk-native/build/libARDataTransfer/obj/Sources/ARDATATRANSFER_MediasDownloader.c.o
 .data          0x0000000000000000        0x0 /home/heratom/Firefly-project/out/arsdk-native/build/libARDataTransfer/obj/Sources/ARDATATRANSFER_MediasDownloader.c.o
 .bss           0x0000000000000000        0x0 /home/heratom/Firefly-project/out/arsdk-native/build/libARDataTransfer/obj/Sources/ARDATATRANSFER_MediasDownloader.c.o
 .note.GNU-stack
                0x0000000000000000        0x0 /home/heratom/Firefly-project/out/arsdk-native/build/libARDataTransfer/obj/Sources/ARDATATRANSFER_MediasDownloader.c.o
 .text          0x0000000000000000        0x0 /home/heratom/Firefly-project/out/arsdk-native/build/libARDataTransfer/obj/Sources/ARDATATRANSFER_MediasQueue.c.o
 .data          0x0000000000000000        0x0 /home/heratom/Firefly-project/out/arsdk-native/build/libARDataTransfer/obj/Sources/ARDATATRANSFER_MediasQueue.c.o
 .bss           0x0000000000000000        0x0 /home/heratom/Firefly-project/out/arsdk-native/build/libARDataTransfer/obj/Sources/ARDATATRANSFER_MediasQueue.c.o
 .note.GNU-stack
                0x0000000000000000        0x0 /home/heratom/Firefly-project/out/arsdk-native/build/libARDataTransfer/obj/Sources/ARDATATRANSFER_MediasQueue.c.o
 .text          0x0000000000000000        0x0 /home/heratom/Firefly-project/out/arsdk-native/build/libARDataTransfer/obj/Sources/ARDATATRANSFER_Uploader.c.o
 .data          0x0000000000000000        0x0 /home/heratom/Firefly-project/out/arsdk-native/build/libARDataTransfer/obj/Sources/ARDATATRANSFER_Uploader.c.o
 .bss           0x0000000000000000        0x0 /home/heratom/Firefly-project/out/arsdk-native/build/libARDataTransfer/obj/Sources/ARDATATRANSFER_Uploader.c.o
 .note.GNU-stack
                0x0000000000000000        0x0 /home/heratom/Firefly-project/out/arsdk-native/build/libARDataTransfer/obj/Sources/ARDATATRANSFER_Uploader.c.o
 .text          0x0000000000000000        0x0 /home/heratom/Firefly-project/out/arsdk-native/build/libARDataTransfer/obj/gen/Sources/ARDATATRANSFER_Error.c.o
 .data          0x0000000000000000        0x0 /home/heratom/Firefly-project/out/arsdk-native/build/libARDataTransfer/obj/gen/Sources/ARDATATRANSFER_Error.c.o
 .bss           0x0000000000000000        0x0 /home/heratom/Firefly-project/out/arsdk-native/build/libARDataTransfer/obj/gen/Sources/ARDATATRANSFER_Error.c.o
 .note.GNU-stack
                0x0000000000000000        0x0 /home/heratom/Firefly-project/out/arsdk-native/build/libARDataTransfer/obj/gen/Sources/ARDATATRANSFER_Error.c.o
 .text          0x0000000000000000        0x0 /usr/lib/gcc/x86_64-linux-gnu/4.8/crtendS.o
 .data          0x0000000000000000        0x0 /usr/lib/gcc/x86_64-linux-gnu/4.8/crtendS.o
 .bss           0x0000000000000000        0x0 /usr/lib/gcc/x86_64-linux-gnu/4.8/crtendS.o
 .note.GNU-stack
                0x0000000000000000        0x0 /usr/lib/gcc/x86_64-linux-gnu/4.8/crtendS.o
 .text          0x0000000000000000        0x0 /usr/lib/gcc/x86_64-linux-gnu/4.8/../../../x86_64-linux-gnu/crtn.o
 .data          0x0000000000000000        0x0 /usr/lib/gcc/x86_64-linux-gnu/4.8/../../../x86_64-linux-gnu/crtn.o
 .bss           0x0000000000000000        0x0 /usr/lib/gcc/x86_64-linux-gnu/4.8/../../../x86_64-linux-gnu/crtn.o
 .note.GNU-stack
                0x0000000000000000        0x0 /usr/lib/gcc/x86_64-linux-gnu/4.8/../../../x86_64-linux-gnu/crtn.o
 .gnu_debuglink
                0x0000000000000000        0xc /usr/lib/gcc/x86_64-linux-gnu/4.8/../../../x86_64-linux-gnu/crtn.o

Memory Configuration

Name             Origin             Length             Attributes
*default*        0x0000000000000000 0xffffffffffffffff

Linker script and memory map

LOAD /usr/lib/gcc/x86_64-linux-gnu/4.8/../../../x86_64-linux-gnu/crti.o
LOAD /usr/lib/gcc/x86_64-linux-gnu/4.8/crtbeginS.o
LOAD /home/heratom/Firefly-project/out/arsdk-native/build/libARDataTransfer/obj/Sources/ARDATATRANSFER_DataDownloader.c.o
LOAD /home/heratom/Firefly-project/out/arsdk-native/build/libARDataTransfer/obj/Sources/ARDATATRANSFER_Downloader.c.o
LOAD /home/heratom/Firefly-project/out/arsdk-native/build/libARDataTransfer/obj/Sources/ARDATATRANSFER_Manager.c.o
LOAD /home/heratom/Firefly-project/out/arsdk-native/build/libARDataTransfer/obj/Sources/ARDATATRANSFER_MediasDownloader.c.o
LOAD /home/heratom/Firefly-project/out/arsdk-native/build/libARDataTransfer/obj/Sources/ARDATATRANSFER_MediasQueue.c.o
LOAD /home/heratom/Firefly-project/out/arsdk-native/build/libARDataTransfer/obj/Sources/ARDATATRANSFER_Uploader.c.o
LOAD /home/heratom/Firefly-project/out/arsdk-native/build/libARDataTransfer/obj/gen/Sources/ARDATATRANSFER_Error.c.o
LOAD /home/heratom/Firefly-project/out/arsdk-native/staging/usr/lib/libarsal.so
LOAD /home/heratom/Firefly-project/out/arsdk-native/staging/usr/lib/libardiscovery.so
LOAD /home/heratom/Firefly-project/out/arsdk-native/staging/usr/lib/libarcommands.so
LOAD /home/heratom/Firefly-project/out/arsdk-native/staging/usr/lib/libarutils.so
LOAD /usr/lib/gcc/x86_64-linux-gnu/4.8/../../../x86_64-linux-gnu/librt.so
LOAD /usr/lib/gcc/x86_64-linux-gnu/4.8/libstdc++.so
LOAD /usr/lib/gcc/x86_64-linux-gnu/4.8/../../../x86_64-linux-gnu/libm.so
LOAD /usr/lib/gcc/x86_64-linux-gnu/4.8/libgcc_s.so
LOAD /usr/lib/gcc/x86_64-linux-gnu/4.8/../../../x86_64-linux-gnu/libpthread.so
START GROUP
LOAD /lib/x86_64-linux-gnu/libpthread.so.0
LOAD /usr/lib/x86_64-linux-gnu/libpthread_nonshared.a
END GROUP
LOAD /usr/lib/gcc/x86_64-linux-gnu/4.8/../../../x86_64-linux-gnu/libc.so
START GROUP
LOAD /lib/x86_64-linux-gnu/libc.so.6
LOAD /usr/lib/x86_64-linux-gnu/libc_nonshared.a
LOAD /lib/x86_64-linux-gnu/ld-linux-x86-64.so.2
END GROUP
LOAD /usr/lib/gcc/x86_64-linux-gnu/4.8/libgcc_s.so
LOAD /usr/lib/gcc/x86_64-linux-gnu/4.8/crtendS.o
LOAD /usr/lib/gcc/x86_64-linux-gnu/4.8/../../../x86_64-linux-gnu/crtn.o
                0x00000000000001c8                . = (0x0 + SIZEOF_HEADERS)

.note.gnu.build-id
                0x00000000000001c8       0x24
 *(.note.gnu.build-id)
 .note.gnu.build-id
                0x00000000000001c8       0x24 /usr/lib/gcc/x86_64-linux-gnu/4.8/../../../x86_64-linux-gnu/crti.o

.hash
 *(.hash)

.gnu.hash       0x00000000000001f0      0x1c4
 *(.gnu.hash)
 .gnu.hash      0x00000000000001f0      0x1c4 /usr/lib/gcc/x86_64-linux-gnu/4.8/../../../x86_64-linux-gnu/crti.o

.dynsym         0x00000000000003b8      0xb70
 *(.dynsym)
 .dynsym        0x00000000000003b8      0xb70 /usr/lib/gcc/x86_64-linux-gnu/4.8/../../../x86_64-linux-gnu/crti.o

.dynstr         0x0000000000000f28      0xe49
 *(.dynstr)
 .dynstr        0x0000000000000f28      0xe49 /usr/lib/gcc/x86_64-linux-gnu/4.8/../../../x86_64-linux-gnu/crti.o

.gnu.version    0x0000000000001d72       0xf4
 *(.gnu.version)
 .gnu.version   0x0000000000001d72       0xf4 /usr/lib/gcc/x86_64-linux-gnu/4.8/../../../x86_64-linux-gnu/crti.o

.gnu.version_d  0x0000000000001e68        0x0
 *(.gnu.version_d)
 .gnu.version_d
                0x0000000000000000        0x0 /usr/lib/gcc/x86_64-linux-gnu/4.8/../../../x86_64-linux-gnu/crti.o

.gnu.version_r  0x0000000000001e68       0x70
 *(.gnu.version_r)
 .gnu.version_r
                0x0000000000001e68       0x70 /usr/lib/gcc/x86_64-linux-gnu/4.8/../../../x86_64-linux-gnu/crti.o

.rela.dyn       0x0000000000001ed8      0x108
 *(.rela.init)
 *(.rela.text .rela.text.* .rela.gnu.linkonce.t.*)
 .rela.text     0x0000000000000000        0x0 /usr/lib/gcc/x86_64-linux-gnu/4.8/../../../x86_64-linux-gnu/crti.o
 *(.rela.fini)
 *(.rela.rodata .rela.rodata.* .rela.gnu.linkonce.r.*)
 *(.rela.data .rela.data.* .rela.gnu.linkonce.d.*)
 .rela.data.rel
                0x0000000000001ed8       0x18 /usr/lib/gcc/x86_64-linux-gnu/4.8/../../../x86_64-linux-gnu/crti.o
 *(.rela.tdata .rela.tdata.* .rela.gnu.linkonce.td.*)
 *(.rela.tbss .rela.tbss.* .rela.gnu.linkonce.tb.*)
 *(.rela.ctors)
 *(.rela.dtors)
 *(.rela.got)
 .rela.got      0x0000000000001ef0       0xc0 /usr/lib/gcc/x86_64-linux-gnu/4.8/../../../x86_64-linux-gnu/crti.o
 *(.rela.bss .rela.bss.* .rela.gnu.linkonce.b.*)
 *(.rela.ldata .rela.ldata.* .rela.gnu.linkonce.l.*)
 *(.rela.lbss .rela.lbss.* .rela.gnu.linkonce.lb.*)
 *(.rela.lrodata .rela.lrodata.* .rela.gnu.linkonce.lr.*)
 *(.rela.ifunc)
 .rela.ifunc    0x0000000000000000        0x0 /usr/lib/gcc/x86_64-linux-gnu/4.8/../../../x86_64-linux-gnu/crti.o
 .rela.fini_array
                0x0000000000001fb0       0x18 /usr/lib/gcc/x86_64-linux-gnu/4.8/../../../x86_64-linux-gnu/crti.o
 .rela.init_array
                0x0000000000001fc8       0x18 /usr/lib/gcc/x86_64-linux-gnu/4.8/../../../x86_64-linux-gnu/crti.o

.rela.plt       0x0000000000001fe0      0x7c8
 *(.rela.plt)
 .rela.plt      0x0000000000001fe0      0x7c8 /usr/lib/gcc/x86_64-linux-gnu/4.8/../../../x86_64-linux-gnu/crti.o
 *(.rela.iplt)

.init           0x00000000000027a8       0x1a
 *(SORT(.init))
 .init          0x00000000000027a8       0x15 /usr/lib/gcc/x86_64-linux-gnu/4.8/../../../x86_64-linux-gnu/crti.o
                0x00000000000027a8                _init
 .init          0x00000000000027bd        0x5 /usr/lib/gcc/x86_64-linux-gnu/4.8/../../../x86_64-linux-gnu/crtn.o

.plt            0x00000000000027d0      0x540
 *(.plt)
 .plt           0x00000000000027d0      0x540 /usr/lib/gcc/x86_64-linux-gnu/4.8/../../../x86_64-linux-gnu/crti.o
 *(.iplt)

.text           0x0000000000002d10     0x7a08
 *(.text.unlikely .text.*_unlikely .text.unlikely.*)
 *(.text.exit .text.exit.*)
 *(.text.startup .text.startup.*)
 *(.text.hot .text.hot.*)
 *(.text .stub .text.* .gnu.linkonce.t.*)
 .text          0x0000000000002d10       0xe5 /usr/lib/gcc/x86_64-linux-gnu/4.8/crtbeginS.o
 *fill*         0x0000000000002df5        0xb 
 .text.ARDATATRANSFER_DataDownloader_UsedMemoryCallback
                0x0000000000002e00       0x1d /home/heratom/Firefly-project/out/arsdk-native/build/libARDataTransfer/obj/Sources/ARDATATRANSFER_DataDownloader.c.o
 *fill*         0x0000000000002e1d        0x3 
 .text.ARDATATRANSFER_DataDownloader_RemoveDataCallback
                0x0000000000002e20       0x69 /home/heratom/Firefly-project/out/arsdk-native/build/libARDataTransfer/obj/Sources/ARDATATRANSFER_DataDownloader.c.o
 *fill*         0x0000000000002e89        0x7 
 .text.ARDATATRANSFER_DataDownloader_CancelAvailableFiles
                0x0000000000002e90       0xe3 /home/heratom/Firefly-project/out/arsdk-native/build/libARDataTransfer/obj/Sources/ARDATATRANSFER_DataDownloader.c.o
                0x0000000000002e90                ARDATATRANSFER_DataDownloader_CancelAvailableFiles
 *fill*         0x0000000000002f73        0xd 
 .text.ARDATATRANSFER_DataDownloader_CancelThread
                0x0000000000002f80      0x111 /home/heratom/Firefly-project/out/arsdk-native/build/libARDataTransfer/obj/Sources/ARDATATRANSFER_DataDownloader.c.o
                0x0000000000002f80                ARDATATRANSFER_DataDownloader_CancelThread
 *fill*         0x0000000000003091        0xf 
 .text.ARDATATRANSFER_DataDownloader_Initialize
                0x00000000000030a0      0x303 /home/heratom/Firefly-project/out/arsdk-native/build/libARDataTransfer/obj/Sources/ARDATATRANSFER_DataDownloader.c.o
                0x00000000000030a0                ARDATATRANSFER_DataDownloader_Initialize
 *fill*         0x00000000000033a3        0xd 
 .text.ARDATATRANSFER_DataDownloader_Clear
                0x00000000000033b0       0xdd /home/heratom/Firefly-project/out/arsdk-native/build/libARDataTransfer/obj/Sources/ARDATATRANSFER_DataDownloader.c.o
                0x00000000000033b0                ARDATATRANSFER_DataDownloader_Clear
 *fill*         0x000000000000348d        0x3 
 .text.ARDATATRANSFER_DataDownloader_Delete
                0x0000000000003490      0x108 /home/heratom/Firefly-project/out/arsdk-native/build/libARDataTransfer/obj/Sources/ARDATATRANSFER_DataDownloader.c.o
                0x0000000000003490                ARDATATRANSFER_DataDownloader_Delete
 *fill*         0x0000000000003598        0x8 
 .text.ARDATATRANSFER_DataDownloader_New
                0x00000000000035a0      0x1bc /home/heratom/Firefly-project/out/arsdk-native/build/libARDataTransfer/obj/Sources/ARDATATRANSFER_DataDownloader.c.o
                0x00000000000035a0                ARDATATRANSFER_DataDownloader_New
 *fill*         0x000000000000375c        0x4 
 .text.ARDATATRANSFER_DataDownloader_CompareFileExtension
                0x0000000000003760       0x6d /home/heratom/Firefly-project/out/arsdk-native/build/libARDataTransfer/obj/Sources/ARDATATRANSFER_DataDownloader.c.o
                0x0000000000003760                ARDATATRANSFER_DataDownloader_CompareFileExtension
 *fill*         0x00000000000037cd        0x3 
 .text.ARDATATRANSFER_DataDownloader_GetAvailableFiles
                0x00000000000037d0      0x450 /home/heratom/Firefly-project/out/arsdk-native/build/libARDataTransfer/obj/Sources/ARDATATRANSFER_DataDownloader.c.o
                0x00000000000037d0                ARDATATRANSFER_DataDownloader_GetAvailableFiles
 .text.ARDATATRANSFER_DataDownloader_DownloadPudFiles
                0x0000000000003c20      0xd15 /home/heratom/Firefly-project/out/arsdk-native/build/libARDataTransfer/obj/Sources/ARDATATRANSFER_DataDownloader.c.o
                0x0000000000003c20                ARDATATRANSFER_DataDownloader_DownloadPudFiles
 *fill*         0x0000000000004935        0xb 
 .text.ARDATATRANSFER_DataDownloader_CheckUsedMemory
                0x0000000000004940      0x24c /home/heratom/Firefly-project/out/arsdk-native/build/libARDataTransfer/obj/Sources/ARDATATRANSFER_DataDownloader.c.o
                0x0000000000004940                ARDATATRANSFER_DataDownloader_CheckUsedMemory
 *fill*         0x0000000000004b8c        0x4 
 .text.ARDATATRANSFER_DataDownloader_GetCrashReportIndex
                0x0000000000004b90       0xa8 /home/heratom/Firefly-project/out/arsdk-native/build/libARDataTransfer/obj/Sources/ARDATATRANSFER_DataDownloader.c.o
                0x0000000000004b90                ARDATATRANSFER_DataDownloader_GetCrashReportIndex
 *fill*         0x0000000000004c38        0x8 
 .text.ARDATATRANSFER_DataDownloader_RemoveRemoteDir
                0x0000000000004c40      0x209 /home/heratom/Firefly-project/out/arsdk-native/build/libARDataTransfer/obj/Sources/ARDATATRANSFER_DataDownloader.c.o
                0x0000000000004c40                ARDATATRANSFER_DataDownloader_RemoveRemoteDir
 *fill*         0x0000000000004e49        0x7 
 .text.ARDATATRANSFER_DataDownloader_DownloadCrashReports
                0x0000000000004e50      0x983 /home/heratom/Firefly-project/out/arsdk-native/build/libARDataTransfer/obj/Sources/ARDATATRANSFER_DataDownloader.c.o
                0x0000000000004e50                ARDATATRANSFER_DataDownloader_DownloadCrashReports
 *fill*         0x00000000000057d3        0xd 
 .text.ARDATATRANSFER_DataDownloader_ThreadRun
                0x00000000000057e0      0x287 /home/heratom/Firefly-project/out/arsdk-native/build/libARDataTransfer/obj/Sources/ARDATATRANSFER_DataDownloader.c.o
                0x00000000000057e0                ARDATATRANSFER_DataDownloader_ThreadRun
 *fill*         0x0000000000005a67        0x9 
 .text.ARDATATRANSFER_Downloader_Ftp_ProgressCallback
                0x0000000000005a70       0xda /home/heratom/Firefly-project/out/arsdk-native/build/libARDataTransfer/obj/Sources/ARDATATRANSFER_Downloader.c.o
                0x0000000000005a70                ARDATATRANSFER_Downloader_Ftp_ProgressCallback
 *fill*         0x0000000000005b4a        0x6 
 .text.ARDATATRANSFER_Downloader_New
                0x0000000000005b50      0x1ba /home/heratom/Firefly-project/out/arsdk-native/build/libARDataTransfer/obj/Sources/ARDATATRANSFER_Downloader.c.o
                0x0000000000005b50                ARDATATRANSFER_Downloader_New
 *fill*         0x0000000000005d0a        0x6 
 .text.ARDATATRANSFER_Downloader_Delete
                0x0000000000005d10       0xdc /home/heratom/Firefly-project/out/arsdk-native/build/libARDataTransfer/obj/Sources/ARDATATRANSFER_Downloader.c.o
                0x0000000000005d10                ARDATATRANSFER_Downloader_Delete
 *fill*         0x0000000000005dec        0x4 
 .text.ARDATATRANSFER_Downloader_GetSize
                0x0000000000005df0       0xf5 /home/heratom/Firefly-project/out/arsdk-native/build/libARDataTransfer/obj/Sources/ARDATATRANSFER_Downloader.c.o
                0x0000000000005df0                ARDATATRANSFER_Downloader_GetSize
 *fill*         0x0000000000005ee5        0xb 
 .text.ARDATATRANSFER_Downloader_ThreadRun
                0x0000000000005ef0      0x194 /home/heratom/Firefly-project/out/arsdk-native/build/libARDataTransfer/obj/Sources/ARDATATRANSFER_Downloader.c.o
                0x0000000000005ef0                ARDATATRANSFER_Downloader_ThreadRun
 *fill*         0x0000000000006084        0xc 
 .text.ARDATATRANSFER_Downloader_CancelThread
                0x0000000000006090       0xe2 /home/heratom/Firefly-project/out/arsdk-native/build/libARDataTransfer/obj/Sources/ARDATATRANSFER_Downloader.c.o
                0x0000000000006090                ARDATATRANSFER_Downloader_CancelThread
 *fill*         0x0000000000006172        0xe 
 .text.ARDATATRANSFER_Manager_Delete
                0x0000000000006180       0xce /home/heratom/Firefly-project/out/arsdk-native/build/libARDataTransfer/obj/Sources/ARDATATRANSFER_Manager.c.o
                0x0000000000006180                ARDATATRANSFER_Manager_Delete
 *fill*         0x000000000000624e        0x2 
 .text.ARDATATRANSFER_Manager_New
                0x0000000000006250      0x103 /home/heratom/Firefly-project/out/arsdk-native/build/libARDataTransfer/obj/Sources/ARDATATRANSFER_Manager.c.o
                0x0000000000006250                ARDATATRANSFER_Manager_New
 *fill*         0x0000000000006353        0xd 
 .text.ARDATATRANSFER_MediasDownloader_FtpProgressCallback
                0x0000000000006360       0x22 /home/heratom/Firefly-project/out/arsdk-native/build/libARDataTransfer/obj/Sources/ARDATATRANSFER_MediasDownloader.c.o
                0x0000000000006360                ARDATATRANSFER_MediasDownloader_FtpProgressCallback
 *fill*         0x0000000000006382        0xe 
 .text.ARDATATRANSFER_MediasDownloader_GetAvailableMediaAtIndex
                0x0000000000006390       0x90 /home/heratom/Firefly-project/out/arsdk-native/build/libARDataTransfer/obj/Sources/ARDATATRANSFER_MediasDownloader.c.o
                0x0000000000006390                ARDATATRANSFER_MediasDownloader_GetAvailableMediaAtIndex
 .text.ARDATATRANSFER_MediasDownloader_AddMediaToQueue
                0x0000000000006420      0x28f /home/heratom/Firefly-project/out/arsdk-native/build/libARDataTransfer/obj/Sources/ARDATATRANSFER_MediasDownloader.c.o
                0x0000000000006420                ARDATATRANSFER_MediasDownloader_AddMediaToQueue
 *fill*         0x00000000000066af        0x1 
 .text.ARDATATRANSFER_MediasDownloader_ResetQueueThread
                0x00000000000066b0      0x128 /home/heratom/Firefly-project/out/arsdk-native/build/libARDataTransfer/obj/Sources/ARDATATRANSFER_MediasDownloader.c.o
                0x00000000000066b0                ARDATATRANSFER_MediasDownloader_ResetQueueThread
 *fill*         0x00000000000067d8        0x8 
 .text.ARDATATRANSFER_MediasDownloader_CancelQueueThread
                0x00000000000067e0      0x134 /home/heratom/Firefly-project/out/arsdk-native/build/libARDataTransfer/obj/Sources/ARDATATRANSFER_MediasDownloader.c.o
                0x00000000000067e0                ARDATATRANSFER_MediasDownloader_CancelQueueThread
 *fill*         0x0000000000006914        0xc 
 .text.ARDATATRANSFER_MediasDownloader_ResetGetAvailableMedias
                0x0000000000006920       0xe3 /home/heratom/Firefly-project/out/arsdk-native/build/libARDataTransfer/obj/Sources/ARDATATRANSFER_MediasDownloader.c.o
                0x0000000000006920                ARDATATRANSFER_MediasDownloader_ResetGetAvailableMedias
 *fill*         0x0000000000006a03        0xd 
 .text.ARDATATRANSFER_MediasDownloader_CancelGetAvailableMedias
                0x0000000000006a10       0xe3 /home/heratom/Firefly-project/out/arsdk-native/build/libARDataTransfer/obj/Sources/ARDATATRANSFER_MediasDownloader.c.o
                0x0000000000006a10                ARDATATRANSFER_MediasDownloader_CancelGetAvailableMedias
 *fill*         0x0000000000006af3        0xd 
 .text.ARDATATRANSFER_MediasDownloader_Initialize
                0x0000000000006b00      0x265 /home/heratom/Firefly-project/out/arsdk-native/build/libARDataTransfer/obj/Sources/ARDATATRANSFER_MediasDownloader.c.o
                0x0000000000006b00                ARDATATRANSFER_MediasDownloader_Initialize
 *fill*         0x0000000000006d65        0xb 
 .text.ARDATATRANSFER_MediasDownloader_Clear
                0x0000000000006d70       0xcb /home/heratom/Firefly-project/out/arsdk-native/build/libARDataTransfer/obj/Sources/ARDATATRANSFER_MediasDownloader.c.o
                0x0000000000006d70                ARDATATRANSFER_MediasDownloader_Clear
 *fill*         0x0000000000006e3b        0x5 
 .text.ARDATATRANSFER_MediasDownloader_GetThumbnail
                0x0000000000006e40      0x10b /home/heratom/Firefly-project/out/arsdk-native/build/libARDataTransfer/obj/Sources/ARDATATRANSFER_MediasDownloader.c.o
                0x0000000000006e40                ARDATATRANSFER_MediasDownloader_GetThumbnail
 *fill*         0x0000000000006f4b        0x5 
 .text.ARDATATRANSFER_MediasDownloader_DownloadMedia
                0x0000000000006f50      0x228 /home/heratom/Firefly-project/out/arsdk-native/build/libARDataTransfer/obj/Sources/ARDATATRANSFER_MediasDownloader.c.o
                0x0000000000006f50                ARDATATRANSFER_MediasDownloader_DownloadMedia
 *fill*         0x0000000000007178        0x8 
 .text.ARDATATRANSFER_MediasDownloader_QueueThreadRun
                0x0000000000007180      0x246 /home/heratom/Firefly-project/out/arsdk-native/build/libARDataTransfer/obj/Sources/ARDATATRANSFER_MediasDownloader.c.o
                0x0000000000007180                ARDATATRANSFER_MediasDownloader_QueueThreadRun
 *fill*         0x00000000000073c6        0xa 
 .text.ARDATATRANSFER_MediasDownloader_RemoveMediaFromMediaList
                0x00000000000073d0       0xe7 /home/heratom/Firefly-project/out/arsdk-native/build/libARDataTransfer/obj/Sources/ARDATATRANSFER_MediasDownloader.c.o
                0x00000000000073d0                ARDATATRANSFER_MediasDownloader_RemoveMediaFromMediaList
 *fill*         0x00000000000074b7        0x9 
 .text.ARDATATRANSFER_MediasDownloader_DeleteMedia
                0x00000000000074c0       0xaa /home/heratom/Firefly-project/out/arsdk-native/build/libARDataTransfer/obj/Sources/ARDATATRANSFER_MediasDownloader.c.o
                0x00000000000074c0                ARDATATRANSFER_MediasDownloader_DeleteMedia
 *fill*         0x000000000000756a        0x6 
 .text.ARDATATRANSFER_MediasDownloader_FreeMediaList
                0x0000000000007570      0x126 /home/heratom/Firefly-project/out/arsdk-native/build/libARDataTransfer/obj/Sources/ARDATATRANSFER_MediasDownloader.c.o
                0x0000000000007570                ARDATATRANSFER_MediasDownloader_FreeMediaList
 *fill*         0x0000000000007696        0xa 
 .text.ARDATATRANSFER_MediasDownloader_Delete
                0x00000000000076a0      0x14f /home/heratom/Firefly-project/out/arsdk-native/build/libARDataTransfer/obj/Sources/ARDATATRANSFER_MediasDownloader.c.o
                0x00000000000076a0                ARDATATRANSFER_MediasDownloader_Delete
 *fill*         0x00000000000077ef        0x1 
 .text.ARDATATRANSFER_MediasDownloader_New
                0x00000000000077f0      0x205 /home/heratom/Firefly-project/out/arsdk-native/build/libARDataTransfer/obj/Sources/ARDATATRANSFER_MediasDownloader.c.o
                0x00000000000077f0                ARDATATRANSFER_MediasDownloader_New
 *fill*         0x00000000000079f5        0xb 
 .text.ARDATATRANSFER_MediasDownloader_GetAvailableMediasSync
                0x0000000000007a00     0x1bae /home/heratom/Firefly-project/out/arsdk-native/build/libARDataTransfer/obj/Sources/ARDATATRANSFER_MediasDownloader.c.o
                0x0000000000007a00                ARDATATRANSFER_MediasDownloader_GetAvailableMediasSync
 *fill*         0x00000000000095ae        0x2 
 .text.ARDATATRANSFER_MediasDownloader_GetAvailableMediasAsync
                0x00000000000095b0      0x213 /home/heratom/Firefly-project/out/arsdk-native/build/libARDataTransfer/obj/Sources/ARDATATRANSFER_MediasDownloader.c.o
                0x00000000000095b0                ARDATATRANSFER_MediasDownloader_GetAvailableMediasAsync
 *fill*         0x00000000000097c3        0xd 
 .text.ARDATATRANSFER_MediasQueue_Delete
                0x00000000000097d0      0x142 /home/heratom/Firefly-project/out/arsdk-native/build/libARDataTransfer/obj/Sources/ARDATATRANSFER_MediasQueue.c.o
                0x00000000000097d0                ARDATATRANSFER_MediasQueue_Delete
 *fill*         0x0000000000009912        0xe 
 .text.ARDATATRANSFER_MediasQueue_New
                0x0000000000009920      0x12b /home/heratom/Firefly-project/out/arsdk-native/build/libARDataTransfer/obj/Sources/ARDATATRANSFER_MediasQueue.c.o
                0x0000000000009920                ARDATATRANSFER_MediasQueue_New
 *fill*         0x0000000000009a4b        0x5 
 .text.ARDATATRANSFER_MediasQueue_RemoveAll
                0x0000000000009a50      0x119 /home/heratom/Firefly-project/out/arsdk-native/build/libARDataTransfer/obj/Sources/ARDATATRANSFER_MediasQueue.c.o
                0x0000000000009a50                ARDATATRANSFER_MediasQueue_RemoveAll
 *fill*         0x0000000000009b69        0x7 
 .text.ARDATATRANSFER_MediasQueue_Pop
                0x0000000000009b70      0x1cb /home/heratom/Firefly-project/out/arsdk-native/build/libARDataTransfer/obj/Sources/ARDATATRANSFER_MediasQueue.c.o
                0x0000000000009b70                ARDATATRANSFER_MediasQueue_Pop
 *fill*         0x0000000000009d3b        0x5 
 .text.ARDATATRANSFER_MediasQueue_GetFreeIndex
                0x0000000000009d40       0xc5 /home/heratom/Firefly-project/out/arsdk-native/build/libARDataTransfer/obj/Sources/ARDATATRANSFER_MediasQueue.c.o
                0x0000000000009d40                ARDATATRANSFER_MediasQueue_GetFreeIndex
 *fill*         0x0000000000009e05        0xb 
 .text.ARDATATRANSFER_MediasQueue_Add
                0x0000000000009e10      0x11a /home/heratom/Firefly-project/out/arsdk-native/build/libARDataTransfer/obj/Sources/ARDATATRANSFER_MediasQueue.c.o
                0x0000000000009e10                ARDATATRANSFER_MediasQueue_Add
 *fill*         0x0000000000009f2a        0x6 
 .text.ARDATATRANSFER_Uploader_Ftp_ProgressCallback
                0x0000000000009f30       0xdb /home/heratom/Firefly-project/out/arsdk-native/build/libARDataTransfer/obj/Sources/ARDATATRANSFER_Uploader.c.o
                0x0000000000009f30                ARDATATRANSFER_Uploader_Ftp_ProgressCallback
 *fill*         0x000000000000a00b        0x5 
 .text.ARDATATRANSFER_Uploader_New
                0x000000000000a010      0x1c0 /home/heratom/Firefly-project/out/arsdk-native/build/libARDataTransfer/obj/Sources/ARDATATRANSFER_Uploader.c.o
                0x000000000000a010                ARDATATRANSFER_Uploader_New
 .text.ARDATATRANSFER_Uploader_Delete
                0x000000000000a1d0       0xde /home/heratom/Firefly-project/out/arsdk-native/build/libARDataTransfer/obj/Sources/ARDATATRANSFER_Uploader.c.o
                0x000000000000a1d0                ARDATATRANSFER_Uploader_Delete
 *fill*         0x000000000000a2ae        0x2 
 .text.ARDATATRANSFER_Uploader_ThreadRun
                0x000000000000a2b0      0x196 /home/heratom/Firefly-project/out/arsdk-native/build/libARDataTransfer/obj/Sources/ARDATATRANSFER_Uploader.c.o
                0x000000000000a2b0                ARDATATRANSFER_Uploader_ThreadRun
 *fill*         0x000000000000a446        0xa 
 .text.ARDATATRANSFER_Uploader_CancelThread
                0x000000000000a450       0xe3 /home/heratom/Firefly-project/out/arsdk-native/build/libARDataTransfer/obj/Sources/ARDATATRANSFER_Uploader.c.o
                0x000000000000a450                ARDATATRANSFER_Uploader_CancelThread
 *fill*         0x000000000000a533        0xd 
 .text.ARDATATRANSFER_Uploader_Rename
                0x000000000000a540       0xf6 /home/heratom/Firefly-project/out/arsdk-native/build/libARDataTransfer/obj/Sources/ARDATATRANSFER_Uploader.c.o
                0x000000000000a540                ARDATATRANSFER_Uploader_Rename
 *fill*         0x000000000000a636        0xa 
 .text.ARDATATRANSFER_Error_ToString
                0x000000000000a640       0xd8 /home/heratom/Firefly-project/out/arsdk-native/build/libARDataTransfer/obj/gen/Sources/ARDATATRANSFER_Error.c.o
                0x000000000000a640                ARDATATRANSFER_Error_ToString
 *(.gnu.warning)

.fini           0x000000000000a718        0x9
 *(SORT(.fini))
 .fini          0x000000000000a718        0x4 /usr/lib/gcc/x86_64-linux-gnu/4.8/../../../x86_64-linux-gnu/crti.o
                0x000000000000a718                _fini
 .fini          0x000000000000a71c        0x5 /usr/lib/gcc/x86_64-linux-gnu/4.8/../../../x86_64-linux-gnu/crtn.o
                0x000000000000a721                PROVIDE (__etext, .)
                0x000000000000a721                PROVIDE (_etext, .)
                0x000000000000a721                PROVIDE (etext, .)

.rodata         0x000000000000a740      0xebf
 *(.rodata .rodata.* .gnu.linkonce.r.*)
 .rodata.str1.1
                0x000000000000a740      0x112 /home/heratom/Firefly-project/out/arsdk-native/build/libARDataTransfer/obj/Sources/ARDATATRANSFER_DataDownloader.c.o
                                        0x128 (size before relaxing)
 *fill*         0x000000000000a852        0x6 
 .rodata.str1.8
                0x000000000000a858       0x99 /home/heratom/Firefly-project/out/arsdk-native/build/libARDataTransfer/obj/Sources/ARDATATRANSFER_DataDownloader.c.o
 *fill*         0x000000000000a8f1        0xf 
 .rodata        0x000000000000a900      0x2a2 /home/heratom/Firefly-project/out/arsdk-native/build/libARDataTransfer/obj/Sources/ARDATATRANSFER_DataDownloader.c.o
 *fill*         0x000000000000aba2        0x6 
 .rodata.cst8   0x000000000000aba8        0x8 /home/heratom/Firefly-project/out/arsdk-native/build/libARDataTransfer/obj/Sources/ARDATATRANSFER_DataDownloader.c.o
 .rodata.cst4   0x000000000000abb0        0x4 /home/heratom/Firefly-project/out/arsdk-native/build/libARDataTransfer/obj/Sources/ARDATATRANSFER_DataDownloader.c.o
 .rodata.str1.1
                0x000000000000abb4       0x31 /home/heratom/Firefly-project/out/arsdk-native/build/libARDataTransfer/obj/Sources/ARDATATRANSFER_Downloader.c.o
                                         0x59 (size before relaxing)
 *fill*         0x000000000000abe5       0x1b 
 .rodata        0x000000000000ac00      0x14e /home/heratom/Firefly-project/out/arsdk-native/build/libARDataTransfer/obj/Sources/ARDATATRANSFER_Downloader.c.o
 .rodata.str1.1
                0x000000000000ad4e        0x8 /home/heratom/Firefly-project/out/arsdk-native/build/libARDataTransfer/obj/Sources/ARDATATRANSFER_Manager.c.o
                                         0x25 (size before relaxing)
 *fill*         0x000000000000ad56        0xa 
 .rodata        0x000000000000ad60       0x3b /home/heratom/Firefly-project/out/arsdk-native/build/libARDataTransfer/obj/Sources/ARDATATRANSFER_Manager.c.o
 .rodata.str1.1
                0x000000000000ad9b       0x5c /home/heratom/Firefly-project/out/arsdk-native/build/libARDataTransfer/obj/Sources/ARDATATRANSFER_MediasDownloader.c.o
                                         0xce (size before relaxing)
 *fill*         0x000000000000adf7        0x1 
 .rodata.str1.8
                0x000000000000adf8      0x16c /home/heratom/Firefly-project/out/arsdk-native/build/libARDataTransfer/obj/Sources/ARDATATRANSFER_MediasDownloader.c.o
 *fill*         0x000000000000af64       0x1c 
 .rodata        0x000000000000af80      0x364 /home/heratom/Firefly-project/out/arsdk-native/build/libARDataTransfer/obj/Sources/ARDATATRANSFER_MediasDownloader.c.o
 .rodata.str1.1
                0x000000000000b2e4        0xc /home/heratom/Firefly-project/out/arsdk-native/build/libARDataTransfer/obj/Sources/ARDATATRANSFER_MediasQueue.c.o
                                         0x29 (size before relaxing)
 .rodata.str1.8
                0x000000000000b2f0       0x28 /home/heratom/Firefly-project/out/arsdk-native/build/libARDataTransfer/obj/Sources/ARDATATRANSFER_MediasQueue.c.o
                                         0x21 (size before relaxing)
 *fill*         0x000000000000b318        0x8 
 .rodata        0x000000000000b320       0xcf /home/heratom/Firefly-project/out/arsdk-native/build/libARDataTransfer/obj/Sources/ARDATATRANSFER_MediasQueue.c.o
 .rodata.str1.1
                0x000000000000b3ef        0x9 /home/heratom/Firefly-project/out/arsdk-native/build/libARDataTransfer/obj/Sources/ARDATATRANSFER_Uploader.c.o
                                         0x57 (size before relaxing)
 *fill*         0x000000000000b3f8        0x8 
 .rodata        0x000000000000b400      0x10c /home/heratom/Firefly-project/out/arsdk-native/build/libARDataTransfer/obj/Sources/ARDATATRANSFER_Uploader.c.o
 .rodata.str1.1
                0x000000000000b50c       0xf3 /home/heratom/Firefly-project/out/arsdk-native/build/libARDataTransfer/obj/gen/Sources/ARDATATRANSFER_Error.c.o

.rodata1
 *(.rodata1)

.eh_frame_hdr   0x000000000000b600      0x1cc
 *(.eh_frame_hdr)
 .eh_frame_hdr  0x000000000000b600      0x1cc /home/heratom/Firefly-project/out/arsdk-native/build/libARDataTransfer/obj/Sources/ARDATATRANSFER_DataDownloader.c.o

.eh_frame       0x000000000000b7d0      0xe64
 *(.eh_frame)
 .eh_frame      0x000000000000b7d0       0x40 /usr/lib/gcc/x86_64-linux-gnu/4.8/../../../x86_64-linux-gnu/crti.o
 .eh_frame      0x000000000000b810      0x430 /home/heratom/Firefly-project/out/arsdk-native/build/libARDataTransfer/obj/Sources/ARDATATRANSFER_DataDownloader.c.o
                                        0x410 (size before relaxing)
 .eh_frame      0x000000000000bc40      0x178 /home/heratom/Firefly-project/out/arsdk-native/build/libARDataTransfer/obj/Sources/ARDATATRANSFER_Downloader.c.o
                                        0x180 (size before relaxing)
 .eh_frame      0x000000000000bdb8       0x70 /home/heratom/Firefly-project/out/arsdk-native/build/libARDataTransfer/obj/Sources/ARDATATRANSFER_Manager.c.o
                                         0x80 (size before relaxing)
 .eh_frame      0x000000000000be28      0x4e8 /home/heratom/Firefly-project/out/arsdk-native/build/libARDataTransfer/obj/Sources/ARDATATRANSFER_MediasDownloader.c.o
                                        0x4d8 (size before relaxing)
 .eh_frame      0x000000000000c310      0x188 /home/heratom/Firefly-project/out/arsdk-native/build/libARDataTransfer/obj/Sources/ARDATATRANSFER_MediasQueue.c.o
                                        0x190 (size before relaxing)
 .eh_frame      0x000000000000c498      0x180 /home/heratom/Firefly-project/out/arsdk-native/build/libARDataTransfer/obj/Sources/ARDATATRANSFER_Uploader.c.o
                                        0x188 (size before relaxing)
 .eh_frame      0x000000000000c618       0x18 /home/heratom/Firefly-project/out/arsdk-native/build/libARDataTransfer/obj/gen/Sources/ARDATATRANSFER_Error.c.o
                                         0x30 (size before relaxing)
 .eh_frame      0x000000000000c630        0x4 /usr/lib/gcc/x86_64-linux-gnu/4.8/crtendS.o

.gcc_except_table
 *(.gcc_except_table .gcc_except_table.*)

.exception_ranges
 *(.exception_ranges .exception_ranges*)
                0x000000000000c634                . = (ALIGN (0x200000) - ((0x200000 - .) & 0x1fffff))
                0x000000000020cd94                . = DATA_SEGMENT_ALIGN (0x200000, 0x1000)

.eh_frame
 *(.eh_frame)

.gcc_except_table
 *(.gcc_except_table .gcc_except_table.*)

.exception_ranges
 *(.exception_ranges .exception_ranges*)

.tdata
 *(.tdata .tdata.* .gnu.linkonce.td.*)

.tbss
 *(.tbss .tbss.* .gnu.linkonce.tb.*)
 *(.tcommon)

.preinit_array
 *(.preinit_array)

.init_array     0x000000000020cd98        0x8
 *(SORT(.init_array.*) SORT(.ctors.*))
 *(.init_array EXCLUDE_FILE(*crtend?.o *crtend.o *crtbegin?.o *crtbegin.o) .ctors)
 .init_array    0x000000000020cd98        0x8 /usr/lib/gcc/x86_64-linux-gnu/4.8/crtbeginS.o

.fini_array     0x000000000020cda0        0x8
 *(SORT(.fini_array.*) SORT(.dtors.*))
 *(.fini_array EXCLUDE_FILE(*crtend?.o *crtend.o *crtbegin?.o *crtbegin.o) .dtors)
 .fini_array    0x000000000020cda0        0x8 /usr/lib/gcc/x86_64-linux-gnu/4.8/crtbeginS.o

.ctors
 *crtbegin.o(.ctors)
 *crtbegin?.o(.ctors)
 *(EXCLUDE_FILE(*crtend?.o *crtend.o) .ctors)
 *(SORT(.ctors.*))
 *(.ctors)

.dtors
 *crtbegin.o(.dtors)
 *crtbegin?.o(.dtors)
 *(EXCLUDE_FILE(*crtend?.o *crtend.o) .dtors)
 *(SORT(.dtors.*))
 *(.dtors)

.jcr            0x000000000020cda8        0x8
 *(.jcr)
 .jcr           0x000000000020cda8        0x0 /usr/lib/gcc/x86_64-linux-gnu/4.8/crtbeginS.o
 .jcr           0x000000000020cda8        0x8 /usr/lib/gcc/x86_64-linux-gnu/4.8/crtendS.o

.data.rel.ro
 *(.data.rel.ro.local* .gnu.linkonce.d.rel.ro.local.*)
 *(.data.rel.ro .data.rel.ro.* .gnu.linkonce.d.rel.ro.*)

.dynamic        0x000000000020cdb0      0x210
 *(.dynamic)
 .dynamic       0x000000000020cdb0      0x210 /usr/lib/gcc/x86_64-linux-gnu/4.8/../../../x86_64-linux-gnu/crti.o
                0x000000000020cdb0                _DYNAMIC

.got            0x000000000020cfc0       0x40
 *(.got)
 .got           0x000000000020cfc0       0x40 /usr/lib/gcc/x86_64-linux-gnu/4.8/../../../x86_64-linux-gnu/crti.o
 *(.igot)
                0x000000000020dfe8                . = DATA_SEGMENT_RELRO_END (., (SIZEOF (.got.plt) >= 0x18)?0x18:0x0)

.got.plt        0x000000000020d000      0x2b0
 *(.got.plt)
 .got.plt       0x000000000020d000      0x2b0 /usr/lib/gcc/x86_64-linux-gnu/4.8/../../../x86_64-linux-gnu/crti.o
                0x000000000020d000                _GLOBAL_OFFSET_TABLE_
 *(.igot.plt)

.data           0x000000000020d2b0        0x8
 *(.data .data.* .gnu.linkonce.d.*)
 .data.rel      0x000000000020d2b0        0x8 /usr/lib/gcc/x86_64-linux-gnu/4.8/crtbeginS.o
                0x000000000020d2b0                __dso_handle

.tm_clone_table
                0x000000000020d2b8        0x0
 .tm_clone_table
                0x000000000020d2b8        0x0 /usr/lib/gcc/x86_64-linux-gnu/4.8/crtbeginS.o
 .tm_clone_table
                0x000000000020d2b8        0x0 /usr/lib/gcc/x86_64-linux-gnu/4.8/crtendS.o

.data1
 *(.data1)
                0x000000000020d2b8                _edata = .
                0x000000000020d2b8                PROVIDE (edata, .)
                0x000000000020d2b8                . = .
                0x000000000020d2b8                __bss_start = .

.bss            0x000000000020d2c0      0x130
 *(.dynbss)
 .dynbss        0x0000000000000000        0x0 /usr/lib/gcc/x86_64-linux-gnu/4.8/../../../x86_64-linux-gnu/crti.o
 *(.bss .bss.* .gnu.linkonce.b.*)
 .bss           0x000000000020d2c0        0x1 /usr/lib/gcc/x86_64-linux-gnu/4.8/crtbeginS.o
 *fill*         0x000000000020d2c1       0x1f 
 .bss           0x000000000020d2e0      0x110 /home/heratom/Firefly-project/out/arsdk-native/build/libARDataTransfer/obj/Sources/ARDATATRANSFER_DataDownloader.c.o
 *(COMMON)
                0x000000000020d3f0                . = ALIGN ((. != 0x0)?0x8:0x1)

.lbss
 *(.dynlbss)
 *(.lbss .lbss.* .gnu.linkonce.lb.*)
 *(LARGE_COMMON)
                0x000000000020d3f0                . = ALIGN (0x8)
                0x000000000020d3f0                . = SEGMENT_START ("ldata-segment", .)

.lrodata
 *(.lrodata .lrodata.* .gnu.linkonce.lr.*)

.ldata          0x000000000060d3f0        0x0
 *(.ldata .ldata.* .gnu.linkonce.l.*)
                0x000000000060d3f0                . = ALIGN ((. != 0x0)?0x8:0x1)
                0x000000000060d3f0                . = ALIGN (0x8)
                0x000000000060d3f0                _end = .
                0x000000000060d3f0                PROVIDE (end, .)
                0x000000000060d3f0                . = DATA_SEGMENT_END (.)

.stab
 *(.stab)

.stabstr
 *(.stabstr)

.stab.excl
 *(.stab.excl)

.stab.exclstr
 *(.stab.exclstr)

.stab.index
 *(.stab.index)

.stab.indexstr
 *(.stab.indexstr)

.comment        0x0000000000000000       0x2b
 *(.comment)
 .comment       0x0000000000000000       0x2b /usr/lib/gcc/x86_64-linux-gnu/4.8/crtbeginS.o
                                         0x2c (size before relaxing)
 .comment       0x0000000000000000       0x2c /home/heratom/Firefly-project/out/arsdk-native/build/libARDataTransfer/obj/Sources/ARDATATRANSFER_DataDownloader.c.o
 .comment       0x0000000000000000       0x2c /home/heratom/Firefly-project/out/arsdk-native/build/libARDataTransfer/obj/Sources/ARDATATRANSFER_Downloader.c.o
 .comment       0x0000000000000000       0x2c /home/heratom/Firefly-project/out/arsdk-native/build/libARDataTransfer/obj/Sources/ARDATATRANSFER_Manager.c.o
 .comment       0x0000000000000000       0x2c /home/heratom/Firefly-project/out/arsdk-native/build/libARDataTransfer/obj/Sources/ARDATATRANSFER_MediasDownloader.c.o
 .comment       0x0000000000000000       0x2c /home/heratom/Firefly-project/out/arsdk-native/build/libARDataTransfer/obj/Sources/ARDATATRANSFER_MediasQueue.c.o
 .comment       0x0000000000000000       0x2c /home/heratom/Firefly-project/out/arsdk-native/build/libARDataTransfer/obj/Sources/ARDATATRANSFER_Uploader.c.o
 .comment       0x0000000000000000       0x2c /home/heratom/Firefly-project/out/arsdk-native/build/libARDataTransfer/obj/gen/Sources/ARDATATRANSFER_Error.c.o
 .comment       0x0000000000000000       0x2c /usr/lib/gcc/x86_64-linux-gnu/4.8/crtendS.o

.debug
 *(.debug)

.line
 *(.line)

.debug_srcinfo
 *(.debug_srcinfo)

.debug_sfnames
 *(.debug_sfnames)

.debug_aranges  0x0000000000000000      0x460
 *(.debug_aranges)
 .debug_aranges
                0x0000000000000000      0x120 /home/heratom/Firefly-project/out/arsdk-native/build/libARDataTransfer/obj/Sources/ARDATATRANSFER_DataDownloader.c.o
 .debug_aranges
                0x0000000000000120       0x80 /home/heratom/Firefly-project/out/arsdk-native/build/libARDataTransfer/obj/Sources/ARDATATRANSFER_Downloader.c.o
 .debug_aranges
                0x00000000000001a0       0x40 /home/heratom/Firefly-project/out/arsdk-native/build/libARDataTransfer/obj/Sources/ARDATATRANSFER_Manager.c.o
 .debug_aranges
                0x00000000000001e0      0x150 /home/heratom/Firefly-project/out/arsdk-native/build/libARDataTransfer/obj/Sources/ARDATATRANSFER_MediasDownloader.c.o
 .debug_aranges
                0x0000000000000330       0x80 /home/heratom/Firefly-project/out/arsdk-native/build/libARDataTransfer/obj/Sources/ARDATATRANSFER_MediasQueue.c.o
 .debug_aranges
                0x00000000000003b0       0x80 /home/heratom/Firefly-project/out/arsdk-native/build/libARDataTransfer/obj/Sources/ARDATATRANSFER_Uploader.c.o
 .debug_aranges
                0x0000000000000430       0x30 /home/heratom/Firefly-project/out/arsdk-native/build/libARDataTransfer/obj/gen/Sources/ARDATATRANSFER_Error.c.o

.debug_pubnames
 *(.debug_pubnames)

.debug_info     0x0000000000000000     0xfed7
 *(.debug_info .gnu.linkonce.wi.*)
 .debug_info    0x0000000000000000     0x4da3 /home/heratom/Firefly-project/out/arsdk-native/build/libARDataTransfer/obj/Sources/ARDATATRANSFER_DataDownloader.c.o
 .debug_info    0x0000000000004da3     0x199b /home/heratom/Firefly-project/out/arsdk-native/build/libARDataTransfer/obj/Sources/ARDATATRANSFER_Downloader.c.o
 .debug_info    0x000000000000673e     0x117f /home/heratom/Firefly-project/out/arsdk-native/build/libARDataTransfer/obj/Sources/ARDATATRANSFER_Manager.c.o
 .debug_info    0x00000000000078bd     0x59ce /home/heratom/Firefly-project/out/arsdk-native/build/libARDataTransfer/obj/Sources/ARDATATRANSFER_MediasDownloader.c.o
 .debug_info    0x000000000000d28b     0x11d5 /home/heratom/Firefly-project/out/arsdk-native/build/libARDataTransfer/obj/Sources/ARDATATRANSFER_MediasQueue.c.o
 .debug_info    0x000000000000e460     0x19aa /home/heratom/Firefly-project/out/arsdk-native/build/libARDataTransfer/obj/Sources/ARDATATRANSFER_Uploader.c.o
 .debug_info    0x000000000000fe0a       0xcd /home/heratom/Firefly-project/out/arsdk-native/build/libARDataTransfer/obj/gen/Sources/ARDATATRANSFER_Error.c.o

.debug_abbrev   0x0000000000000000     0x138e
 *(.debug_abbrev)
 .debug_abbrev  0x0000000000000000      0x476 /home/heratom/Firefly-project/out/arsdk-native/build/libARDataTransfer/obj/Sources/ARDATATRANSFER_DataDownloader.c.o
 .debug_abbrev  0x0000000000000476      0x2fd /home/heratom/Firefly-project/out/arsdk-native/build/libARDataTransfer/obj/Sources/ARDATATRANSFER_Downloader.c.o
 .debug_abbrev  0x0000000000000773      0x23f /home/heratom/Firefly-project/out/arsdk-native/build/libARDataTransfer/obj/Sources/ARDATATRANSFER_Manager.c.o
 .debug_abbrev  0x00000000000009b2      0x3de /home/heratom/Firefly-project/out/arsdk-native/build/libARDataTransfer/obj/Sources/ARDATATRANSFER_MediasDownloader.c.o
 .debug_abbrev  0x0000000000000d90      0x28b /home/heratom/Firefly-project/out/arsdk-native/build/libARDataTransfer/obj/Sources/ARDATATRANSFER_MediasQueue.c.o
 .debug_abbrev  0x000000000000101b      0x2fd /home/heratom/Firefly-project/out/arsdk-native/build/libARDataTransfer/obj/Sources/ARDATATRANSFER_Uploader.c.o
 .debug_abbrev  0x0000000000001318       0x76 /home/heratom/Firefly-project/out/arsdk-native/build/libARDataTransfer/obj/gen/Sources/ARDATATRANSFER_Error.c.o

.debug_line     0x0000000000000000     0x34f4
 *(.debug_line .debug_line.* .debug_line_end)
 .debug_line    0x0000000000000000      0xff5 /home/heratom/Firefly-project/out/arsdk-native/build/libARDataTransfer/obj/Sources/ARDATATRANSFER_DataDownloader.c.o
 .debug_line    0x0000000000000ff5      0x522 /home/heratom/Firefly-project/out/arsdk-native/build/libARDataTransfer/obj/Sources/ARDATATRANSFER_Downloader.c.o
 .debug_line    0x0000000000001517      0x429 /home/heratom/Firefly-project/out/arsdk-native/build/libARDataTransfer/obj/Sources/ARDATATRANSFER_Manager.c.o
 .debug_line    0x0000000000001940     0x11db /home/heratom/Firefly-project/out/arsdk-native/build/libARDataTransfer/obj/Sources/ARDATATRANSFER_MediasDownloader.c.o
 .debug_line    0x0000000000002b1b      0x3a2 /home/heratom/Firefly-project/out/arsdk-native/build/libARDataTransfer/obj/Sources/ARDATATRANSFER_MediasQueue.c.o
 .debug_line    0x0000000000002ebd      0x51f /home/heratom/Firefly-project/out/arsdk-native/build/libARDataTransfer/obj/Sources/ARDATATRANSFER_Uploader.c.o
 .debug_line    0x00000000000033dc      0x118 /home/heratom/Firefly-project/out/arsdk-native/build/libARDataTransfer/obj/gen/Sources/ARDATATRANSFER_Error.c.o

.debug_frame
 *(.debug_frame)

.debug_str      0x0000000000000000     0x295f
 *(.debug_str)
 .debug_str     0x0000000000000000     0x1d12 /home/heratom/Firefly-project/out/arsdk-native/build/libARDataTransfer/obj/Sources/ARDATATRANSFER_DataDownloader.c.o
                                       0x1dcc (size before relaxing)
 .debug_str     0x0000000000001d12      0x14f /home/heratom/Firefly-project/out/arsdk-native/build/libARDataTransfer/obj/Sources/ARDATATRANSFER_Downloader.c.o
                                       0x150f (size before relaxing)
 .debug_str     0x0000000000001e61       0x8f /home/heratom/Firefly-project/out/arsdk-native/build/libARDataTransfer/obj/Sources/ARDATATRANSFER_Manager.c.o
                                       0x13df (size before relaxing)
 .debug_str     0x0000000000001ef0      0x866 /home/heratom/Firefly-project/out/arsdk-native/build/libARDataTransfer/obj/Sources/ARDATATRANSFER_MediasDownloader.c.o
                                       0x1e0b (size before relaxing)
 .debug_str     0x0000000000002756       0x72 /home/heratom/Firefly-project/out/arsdk-native/build/libARDataTransfer/obj/Sources/ARDATATRANSFER_MediasQueue.c.o
                                        0xbb1 (size before relaxing)
 .debug_str     0x00000000000027c8      0x13b /home/heratom/Firefly-project/out/arsdk-native/build/libARDataTransfer/obj/Sources/ARDATATRANSFER_Uploader.c.o
                                       0x1511 (size before relaxing)
 .debug_str     0x0000000000002903       0x5c /home/heratom/Firefly-project/out/arsdk-native/build/libARDataTransfer/obj/gen/Sources/ARDATATRANSFER_Error.c.o
                                        0x2a0 (size before relaxing)

.debug_loc      0x0000000000000000     0xc3b3
 *(.debug_loc)
 .debug_loc     0x0000000000000000     0x4270 /home/heratom/Firefly-project/out/arsdk-native/build/libARDataTransfer/obj/Sources/ARDATATRANSFER_DataDownloader.c.o
 .debug_loc     0x0000000000004270      0x7d2 /home/heratom/Firefly-project/out/arsdk-native/build/libARDataTransfer/obj/Sources/ARDATATRANSFER_Downloader.c.o
 .debug_loc     0x0000000000004a42      0x11b /home/heratom/Firefly-project/out/arsdk-native/build/libARDataTransfer/obj/Sources/ARDATATRANSFER_Manager.c.o
 .debug_loc     0x0000000000004b5d     0x66f0 /home/heratom/Firefly-project/out/arsdk-native/build/libARDataTransfer/obj/Sources/ARDATATRANSFER_MediasDownloader.c.o
 .debug_loc     0x000000000000b24d      0x922 /home/heratom/Firefly-project/out/arsdk-native/build/libARDataTransfer/obj/Sources/ARDATATRANSFER_MediasQueue.c.o
 .debug_loc     0x000000000000bb6f      0x844 /home/heratom/Firefly-project/out/arsdk-native/build/libARDataTransfer/obj/Sources/ARDATATRANSFER_Uploader.c.o

.debug_macinfo
 *(.debug_macinfo)

.debug_weaknames
 *(.debug_weaknames)

.debug_funcnames
 *(.debug_funcnames)

.debug_typenames
 *(.debug_typenames)

.debug_varnames
 *(.debug_varnames)

.debug_pubtypes
 *(.debug_pubtypes)

.debug_ranges   0x0000000000000000     0x2cb0
 *(.debug_ranges)
 .debug_ranges  0x0000000000000000     0x1180 /home/heratom/Firefly-project/out/arsdk-native/build/libARDataTransfer/obj/Sources/ARDATATRANSFER_DataDownloader.c.o
 .debug_ranges  0x0000000000001180      0x210 /home/heratom/Firefly-project/out/arsdk-native/build/libARDataTransfer/obj/Sources/ARDATATRANSFER_Downloader.c.o
 .debug_ranges  0x0000000000001390       0xa0 /home/heratom/Firefly-project/out/arsdk-native/build/libARDataTransfer/obj/Sources/ARDATATRANSFER_Manager.c.o
 .debug_ranges  0x0000000000001430     0x14e0 /home/heratom/Firefly-project/out/arsdk-native/build/libARDataTransfer/obj/Sources/ARDATATRANSFER_MediasDownloader.c.o
 .debug_ranges  0x0000000000002910      0x170 /home/heratom/Firefly-project/out/arsdk-native/build/libARDataTransfer/obj/Sources/ARDATATRANSFER_MediasQueue.c.o
 .debug_ranges  0x0000000000002a80      0x210 /home/heratom/Firefly-project/out/arsdk-native/build/libARDataTransfer/obj/Sources/ARDATATRANSFER_Uploader.c.o
 .debug_ranges  0x0000000000002c90       0x20 /home/heratom/Firefly-project/out/arsdk-native/build/libARDataTransfer/obj/gen/Sources/ARDATATRANSFER_Error.c.o

.debug_macro
 *(.debug_macro)

.gnu.attributes
 *(.gnu.attributes)

/DISCARD/
 *(.note.GNU-stack)
 *(.gnu_debuglink)
 *(.gnu.lto_*)
OUTPUT(/home/heratom/Firefly-project/out/arsdk-native/build/libARDataTransfer/libardatatransfer.so elf64-x86-64)
