
As-needed library included to satisfy reference by file (symbol)

libarsal.so                   /home/heratom/Firefly-project/out/arsdk-native/build/libARUpdater/obj/Sources/ARUPDATER_Downloader.c.o (ARSAL_Mutex_Lock)
libardiscovery.so             /home/heratom/Firefly-project/out/arsdk-native/build/libARUpdater/obj/Sources/ARUPDATER_Downloader.c.o (ARDISCOVERY_getProductID)
libarutils.so                 /home/heratom/Firefly-project/out/arsdk-native/build/libARUpdater/obj/Sources/ARUPDATER_Downloader.c.o (ARUTILS_Http_Get)
libardatatransfer.so          /home/heratom/Firefly-project/out/arsdk-native/build/libARUpdater/obj/Sources/ARUPDATER_Uploader.c.o (ARDATATRANSFER_Uploader_CancelThread)
libjson.so                    /home/heratom/Firefly-project/out/arsdk-native/build/libARUpdater/obj/Sources/ARUPDATER_Downloader.c.o (json_tokener_parse)
libc.so.6                     /home/heratom/Firefly-project/out/arsdk-native/build/libARUpdater/obj/Sources/ARUPDATER_Downloader.c.o (__stpcpy_chk@@GLIBC_2.3.4)

Discarded input sections

 .text          0x0000000000000000        0x0 /usr/lib/gcc/x86_64-linux-gnu/4.8/../../../x86_64-linux-gnu/crti.o
 .data          0x0000000000000000        0x0 /usr/lib/gcc/x86_64-linux-gnu/4.8/../../../x86_64-linux-gnu/crti.o
 .bss           0x0000000000000000        0x0 /usr/lib/gcc/x86_64-linux-gnu/4.8/../../../x86_64-linux-gnu/crti.o
 .note.GNU-stack
                0x0000000000000000        0x0 /usr/lib/gcc/x86_64-linux-gnu/4.8/../../../x86_64-linux-gnu/crti.o
 .gnu_debuglink
                0x0000000000000000        0xc /usr/lib/gcc/x86_64-linux-gnu/4.8/../../../x86_64-linux-gnu/crti.o
 .data          0x0000000000000000        0x0 /usr/lib/gcc/x86_64-linux-gnu/4.8/crtbeginS.o
 .note.GNU-stack
                0x0000000000000000        0x0 /usr/lib/gcc/x86_64-linux-gnu/4.8/crtbeginS.o
 .text          0x0000000000000000        0x0 /home/heratom/Firefly-project/out/arsdk-native/build/libARUpdater/obj/Sources/ARUPDATER_Downloader.c.o
 .data          0x0000000000000000        0x0 /home/heratom/Firefly-project/out/arsdk-native/build/libARUpdater/obj/Sources/ARUPDATER_Downloader.c.o
 .bss           0x0000000000000000        0x0 /home/heratom/Firefly-project/out/arsdk-native/build/libARUpdater/obj/Sources/ARUPDATER_Downloader.c.o
 .note.GNU-stack
                0x0000000000000000        0x0 /home/heratom/Firefly-project/out/arsdk-native/build/libARUpdater/obj/Sources/ARUPDATER_Downloader.c.o
 .text          0x0000000000000000        0x0 /home/heratom/Firefly-project/out/arsdk-native/build/libARUpdater/obj/Sources/ARUPDATER_DownloadInformation.c.o
 .data          0x0000000000000000        0x0 /home/heratom/Firefly-project/out/arsdk-native/build/libARUpdater/obj/Sources/ARUPDATER_DownloadInformation.c.o
 .bss           0x0000000000000000        0x0 /home/heratom/Firefly-project/out/arsdk-native/build/libARUpdater/obj/Sources/ARUPDATER_DownloadInformation.c.o
 .note.GNU-stack
                0x0000000000000000        0x0 /home/heratom/Firefly-project/out/arsdk-native/build/libARUpdater/obj/Sources/ARUPDATER_DownloadInformation.c.o
 .text          0x0000000000000000        0x0 /home/heratom/Firefly-project/out/arsdk-native/build/libARUpdater/obj/Sources/ARUPDATER_Manager.c.o
 .data          0x0000000000000000        0x0 /home/heratom/Firefly-project/out/arsdk-native/build/libARUpdater/obj/Sources/ARUPDATER_Manager.c.o
 .bss           0x0000000000000000        0x0 /home/heratom/Firefly-project/out/arsdk-native/build/libARUpdater/obj/Sources/ARUPDATER_Manager.c.o
 .note.GNU-stack
                0x0000000000000000        0x0 /home/heratom/Firefly-project/out/arsdk-native/build/libARUpdater/obj/Sources/ARUPDATER_Manager.c.o
 .text          0x0000000000000000        0x0 /home/heratom/Firefly-project/out/arsdk-native/build/libARUpdater/obj/Sources/ARUPDATER_Plf.c.o
 .data          0x0000000000000000        0x0 /home/heratom/Firefly-project/out/arsdk-native/build/libARUpdater/obj/Sources/ARUPDATER_Plf.c.o
 .bss           0x0000000000000000        0x0 /home/heratom/Firefly-project/out/arsdk-native/build/libARUpdater/obj/Sources/ARUPDATER_Plf.c.o
 .note.GNU-stack
                0x0000000000000000        0x0 /home/heratom/Firefly-project/out/arsdk-native/build/libARUpdater/obj/Sources/ARUPDATER_Plf.c.o
 .text          0x0000000000000000        0x0 /home/heratom/Firefly-project/out/arsdk-native/build/libARUpdater/obj/Sources/ARUPDATER_Uploader.c.o
 .data          0x0000000000000000        0x0 /home/heratom/Firefly-project/out/arsdk-native/build/libARUpdater/obj/Sources/ARUPDATER_Uploader.c.o
 .bss           0x0000000000000000        0x0 /home/heratom/Firefly-project/out/arsdk-native/build/libARUpdater/obj/Sources/ARUPDATER_Uploader.c.o
 .note.GNU-stack
                0x0000000000000000        0x0 /home/heratom/Firefly-project/out/arsdk-native/build/libARUpdater/obj/Sources/ARUPDATER_Uploader.c.o
 .text          0x0000000000000000        0x0 /home/heratom/Firefly-project/out/arsdk-native/build/libARUpdater/obj/Sources/ARUPDATER_Utils.c.o
 .data          0x0000000000000000        0x0 /home/heratom/Firefly-project/out/arsdk-native/build/libARUpdater/obj/Sources/ARUPDATER_Utils.c.o
 .bss           0x0000000000000000        0x0 /home/heratom/Firefly-project/out/arsdk-native/build/libARUpdater/obj/Sources/ARUPDATER_Utils.c.o
 .note.GNU-stack
                0x0000000000000000        0x0 /home/heratom/Firefly-project/out/arsdk-native/build/libARUpdater/obj/Sources/ARUPDATER_Utils.c.o
 .text          0x0000000000000000        0x0 /home/heratom/Firefly-project/out/arsdk-native/build/libARUpdater/obj/gen/Sources/ARUPDATER_Error.c.o
 .data          0x0000000000000000        0x0 /home/heratom/Firefly-project/out/arsdk-native/build/libARUpdater/obj/gen/Sources/ARUPDATER_Error.c.o
 .bss           0x0000000000000000        0x0 /home/heratom/Firefly-project/out/arsdk-native/build/libARUpdater/obj/gen/Sources/ARUPDATER_Error.c.o
 .note.GNU-stack
                0x0000000000000000        0x0 /home/heratom/Firefly-project/out/arsdk-native/build/libARUpdater/obj/gen/Sources/ARUPDATER_Error.c.o
 .text          0x0000000000000000        0x0 /usr/lib/gcc/x86_64-linux-gnu/4.8/crtendS.o
 .data          0x0000000000000000        0x0 /usr/lib/gcc/x86_64-linux-gnu/4.8/crtendS.o
 .bss           0x0000000000000000        0x0 /usr/lib/gcc/x86_64-linux-gnu/4.8/crtendS.o
 .note.GNU-stack
                0x0000000000000000        0x0 /usr/lib/gcc/x86_64-linux-gnu/4.8/crtendS.o
 .text          0x0000000000000000        0x0 /usr/lib/gcc/x86_64-linux-gnu/4.8/../../../x86_64-linux-gnu/crtn.o
 .data          0x0000000000000000        0x0 /usr/lib/gcc/x86_64-linux-gnu/4.8/../../../x86_64-linux-gnu/crtn.o
 .bss           0x0000000000000000        0x0 /usr/lib/gcc/x86_64-linux-gnu/4.8/../../../x86_64-linux-gnu/crtn.o
 .note.GNU-stack
                0x0000000000000000        0x0 /usr/lib/gcc/x86_64-linux-gnu/4.8/../../../x86_64-linux-gnu/crtn.o
 .gnu_debuglink
                0x0000000000000000        0xc /usr/lib/gcc/x86_64-linux-gnu/4.8/../../../x86_64-linux-gnu/crtn.o

Memory Configuration

Name             Origin             Length             Attributes
*default*        0x0000000000000000 0xffffffffffffffff

Linker script and memory map

LOAD /usr/lib/gcc/x86_64-linux-gnu/4.8/../../../x86_64-linux-gnu/crti.o
LOAD /usr/lib/gcc/x86_64-linux-gnu/4.8/crtbeginS.o
LOAD /home/heratom/Firefly-project/out/arsdk-native/build/libARUpdater/obj/Sources/ARUPDATER_Downloader.c.o
LOAD /home/heratom/Firefly-project/out/arsdk-native/build/libARUpdater/obj/Sources/ARUPDATER_DownloadInformation.c.o
LOAD /home/heratom/Firefly-project/out/arsdk-native/build/libARUpdater/obj/Sources/ARUPDATER_Manager.c.o
LOAD /home/heratom/Firefly-project/out/arsdk-native/build/libARUpdater/obj/Sources/ARUPDATER_Plf.c.o
LOAD /home/heratom/Firefly-project/out/arsdk-native/build/libARUpdater/obj/Sources/ARUPDATER_Uploader.c.o
LOAD /home/heratom/Firefly-project/out/arsdk-native/build/libARUpdater/obj/Sources/ARUPDATER_Utils.c.o
LOAD /home/heratom/Firefly-project/out/arsdk-native/build/libARUpdater/obj/gen/Sources/ARUPDATER_Error.c.o
LOAD /home/heratom/Firefly-project/out/arsdk-native/staging/usr/lib/libarsal.so
LOAD /home/heratom/Firefly-project/out/arsdk-native/staging/usr/lib/libardiscovery.so
LOAD /home/heratom/Firefly-project/out/arsdk-native/staging/usr/lib/libarcommands.so
LOAD /home/heratom/Firefly-project/out/arsdk-native/staging/usr/lib/libarutils.so
LOAD /home/heratom/Firefly-project/out/arsdk-native/staging/usr/lib/libardatatransfer.so
LOAD /home/heratom/Firefly-project/out/arsdk-native/staging/usr/lib/libjson.so
LOAD /usr/lib/gcc/x86_64-linux-gnu/4.8/../../../x86_64-linux-gnu/librt.so
LOAD /usr/lib/gcc/x86_64-linux-gnu/4.8/libstdc++.so
LOAD /usr/lib/gcc/x86_64-linux-gnu/4.8/../../../x86_64-linux-gnu/libm.so
LOAD /usr/lib/gcc/x86_64-linux-gnu/4.8/libgcc_s.so
LOAD /usr/lib/gcc/x86_64-linux-gnu/4.8/../../../x86_64-linux-gnu/libpthread.so
START GROUP
LOAD /lib/x86_64-linux-gnu/libpthread.so.0
LOAD /usr/lib/x86_64-linux-gnu/libpthread_nonshared.a
END GROUP
LOAD /usr/lib/gcc/x86_64-linux-gnu/4.8/../../../x86_64-linux-gnu/libc.so
START GROUP
LOAD /lib/x86_64-linux-gnu/libc.so.6
LOAD /usr/lib/x86_64-linux-gnu/libc_nonshared.a
LOAD /lib/x86_64-linux-gnu/ld-linux-x86-64.so.2
END GROUP
LOAD /usr/lib/gcc/x86_64-linux-gnu/4.8/libgcc_s.so
LOAD /usr/lib/gcc/x86_64-linux-gnu/4.8/crtendS.o
LOAD /usr/lib/gcc/x86_64-linux-gnu/4.8/../../../x86_64-linux-gnu/crtn.o
                0x00000000000001c8                . = (0x0 + SIZEOF_HEADERS)

.note.gnu.build-id
                0x00000000000001c8       0x24
 *(.note.gnu.build-id)
 .note.gnu.build-id
                0x00000000000001c8       0x24 /usr/lib/gcc/x86_64-linux-gnu/4.8/../../../x86_64-linux-gnu/crti.o

.hash
 *(.hash)

.gnu.hash       0x00000000000001f0       0xf0
 *(.gnu.hash)
 .gnu.hash      0x00000000000001f0       0xf0 /usr/lib/gcc/x86_64-linux-gnu/4.8/../../../x86_64-linux-gnu/crti.o

.dynsym         0x00000000000002e0      0xa50
 *(.dynsym)
 .dynsym        0x00000000000002e0      0xa50 /usr/lib/gcc/x86_64-linux-gnu/4.8/../../../x86_64-linux-gnu/crti.o

.dynstr         0x0000000000000d30      0x99e
 *(.dynstr)
 .dynstr        0x0000000000000d30      0x99e /usr/lib/gcc/x86_64-linux-gnu/4.8/../../../x86_64-linux-gnu/crti.o

.gnu.version    0x00000000000016ce       0xdc
 *(.gnu.version)
 .gnu.version   0x00000000000016ce       0xdc /usr/lib/gcc/x86_64-linux-gnu/4.8/../../../x86_64-linux-gnu/crti.o

.gnu.version_d  0x00000000000017b0        0x0
 *(.gnu.version_d)
 .gnu.version_d
                0x0000000000000000        0x0 /usr/lib/gcc/x86_64-linux-gnu/4.8/../../../x86_64-linux-gnu/crti.o

.gnu.version_r  0x00000000000017b0       0x50
 *(.gnu.version_r)
 .gnu.version_r
                0x00000000000017b0       0x50 /usr/lib/gcc/x86_64-linux-gnu/4.8/../../../x86_64-linux-gnu/crti.o

.rela.dyn       0x0000000000001800       0xf0
 *(.rela.init)
 *(.rela.text .rela.text.* .rela.gnu.linkonce.t.*)
 .rela.text     0x0000000000000000        0x0 /usr/lib/gcc/x86_64-linux-gnu/4.8/../../../x86_64-linux-gnu/crti.o
 *(.rela.fini)
 *(.rela.rodata .rela.rodata.* .rela.gnu.linkonce.r.*)
 *(.rela.data .rela.data.* .rela.gnu.linkonce.d.*)
 .rela.data.rel
                0x0000000000001800       0x18 /usr/lib/gcc/x86_64-linux-gnu/4.8/../../../x86_64-linux-gnu/crti.o
 *(.rela.tdata .rela.tdata.* .rela.gnu.linkonce.td.*)
 *(.rela.tbss .rela.tbss.* .rela.gnu.linkonce.tb.*)
 *(.rela.ctors)
 *(.rela.dtors)
 *(.rela.got)
 .rela.got      0x0000000000001818       0xa8 /usr/lib/gcc/x86_64-linux-gnu/4.8/../../../x86_64-linux-gnu/crti.o
 *(.rela.bss .rela.bss.* .rela.gnu.linkonce.b.*)
 *(.rela.ldata .rela.ldata.* .rela.gnu.linkonce.l.*)
 *(.rela.lbss .rela.lbss.* .rela.gnu.linkonce.lb.*)
 *(.rela.lrodata .rela.lrodata.* .rela.gnu.linkonce.lr.*)
 *(.rela.ifunc)
 .rela.ifunc    0x0000000000000000        0x0 /usr/lib/gcc/x86_64-linux-gnu/4.8/../../../x86_64-linux-gnu/crti.o
 .rela.fini_array
                0x00000000000018c0       0x18 /usr/lib/gcc/x86_64-linux-gnu/4.8/../../../x86_64-linux-gnu/crti.o
 .rela.init_array
                0x00000000000018d8       0x18 /usr/lib/gcc/x86_64-linux-gnu/4.8/../../../x86_64-linux-gnu/crti.o

.rela.plt       0x00000000000018f0      0x7e0
 *(.rela.plt)
 .rela.plt      0x00000000000018f0      0x7e0 /usr/lib/gcc/x86_64-linux-gnu/4.8/../../../x86_64-linux-gnu/crti.o
 *(.rela.iplt)

.init           0x00000000000020d0       0x1a
 *(SORT(.init))
 .init          0x00000000000020d0       0x15 /usr/lib/gcc/x86_64-linux-gnu/4.8/../../../x86_64-linux-gnu/crti.o
                0x00000000000020d0                _init
 .init          0x00000000000020e5        0x5 /usr/lib/gcc/x86_64-linux-gnu/4.8/../../../x86_64-linux-gnu/crtn.o

.plt            0x00000000000020f0      0x550
 *(.plt)
 .plt           0x00000000000020f0      0x550 /usr/lib/gcc/x86_64-linux-gnu/4.8/../../../x86_64-linux-gnu/crti.o
 *(.iplt)

.text           0x0000000000002640     0x4ec8
 *(.text.unlikely .text.*_unlikely .text.unlikely.*)
 *(.text.exit .text.exit.*)
 *(.text.startup .text.startup.*)
 *(.text.hot .text.hot.*)
 *(.text .stub .text.* .gnu.linkonce.t.*)
 .text          0x0000000000002640       0xe5 /usr/lib/gcc/x86_64-linux-gnu/4.8/crtbeginS.o
 *fill*         0x0000000000002725        0xb 
 .text.ARUPDATER_Downloader_Delete
                0x0000000000002730      0x16c /home/heratom/Firefly-project/out/arsdk-native/build/libARUpdater/obj/Sources/ARUPDATER_Downloader.c.o
                0x0000000000002730                ARUPDATER_Downloader_Delete
 *fill*         0x000000000000289c        0x4 
 .text.ARUPDATER_Downloader_New
                0x00000000000028a0      0x4a5 /home/heratom/Firefly-project/out/arsdk-native/build/libARUpdater/obj/Sources/ARUPDATER_Downloader.c.o
                0x00000000000028a0                ARUPDATER_Downloader_New
 *fill*         0x0000000000002d45        0xb 
 .text.ARUPDATER_Downloader_SetUpdatesProductList
                0x0000000000002d50       0xd8 /home/heratom/Firefly-project/out/arsdk-native/build/libARUpdater/obj/Sources/ARUPDATER_Downloader.c.o
                0x0000000000002d50                ARUPDATER_Downloader_SetUpdatesProductList
 *fill*         0x0000000000002e28        0x8 
 .text.ARUPDATER_Downloader_CancelThread
                0x0000000000002e30       0xb7 /home/heratom/Firefly-project/out/arsdk-native/build/libARUpdater/obj/Sources/ARUPDATER_Downloader.c.o
                0x0000000000002e30                ARUPDATER_Downloader_CancelThread
 *fill*         0x0000000000002ee7        0x9 
 .text.ARUPDATER_Downloader_ThreadIsRunning
                0x0000000000002ef0       0x32 /home/heratom/Firefly-project/out/arsdk-native/build/libARUpdater/obj/Sources/ARUPDATER_Downloader.c.o
                0x0000000000002ef0                ARUPDATER_Downloader_ThreadIsRunning
 *fill*         0x0000000000002f22        0xe 
 .text.ARUPDATER_Downloader_GetPlatformName
                0x0000000000002f30       0x1d /home/heratom/Firefly-project/out/arsdk-native/build/libARUpdater/obj/Sources/ARUPDATER_Downloader.c.o
                0x0000000000002f30                ARUPDATER_Downloader_GetPlatformName
 *fill*         0x0000000000002f4d        0x3 
 .text.ARUPDATER_Downloader_CheckUpdatesSync
                0x0000000000002f50      0xa8c /home/heratom/Firefly-project/out/arsdk-native/build/libARUpdater/obj/Sources/ARUPDATER_Downloader.c.o
                0x0000000000002f50                ARUPDATER_Downloader_CheckUpdatesSync
 *fill*         0x00000000000039dc        0x4 
 .text.ARUPDATER_Downloader_CheckUpdatesAsync
                0x00000000000039e0       0x6e /home/heratom/Firefly-project/out/arsdk-native/build/libARUpdater/obj/Sources/ARUPDATER_Downloader.c.o
                0x00000000000039e0                ARUPDATER_Downloader_CheckUpdatesAsync
 *fill*         0x0000000000003a4e        0x2 
 .text.ARUPDATER_Downloader_ThreadRun
                0x0000000000003a50      0x7da /home/heratom/Firefly-project/out/arsdk-native/build/libARUpdater/obj/Sources/ARUPDATER_Downloader.c.o
                0x0000000000003a50                ARUPDATER_Downloader_ThreadRun
 *fill*         0x000000000000422a        0x6 
 .text.ARUPDATER_Downloader_GetBlacklistedFirmwareVersionsSync
                0x0000000000004230      0x673 /home/heratom/Firefly-project/out/arsdk-native/build/libARUpdater/obj/Sources/ARUPDATER_Downloader.c.o
                0x0000000000004230                ARUPDATER_Downloader_GetBlacklistedFirmwareVersionsSync
 *fill*         0x00000000000048a3        0xd 
 .text.ARUPDATER_Downloader_GetUpdatesInfoSync
                0x00000000000048b0      0x8e6 /home/heratom/Firefly-project/out/arsdk-native/build/libARUpdater/obj/Sources/ARUPDATER_Downloader.c.o
                0x00000000000048b0                ARUPDATER_Downloader_GetUpdatesInfoSync
 *fill*         0x0000000000005196        0xa 
 .text.ARUPDATER_DownloadInformation_Delete
                0x00000000000051a0       0x6d /home/heratom/Firefly-project/out/arsdk-native/build/libARUpdater/obj/Sources/ARUPDATER_DownloadInformation.c.o
                0x00000000000051a0                ARUPDATER_DownloadInformation_Delete
 *fill*         0x000000000000520d        0x3 
 .text.ARUPDATER_DownloadInformation_New
                0x0000000000005210      0x1ef /home/heratom/Firefly-project/out/arsdk-native/build/libARUpdater/obj/Sources/ARUPDATER_DownloadInformation.c.o
                0x0000000000005210                ARUPDATER_DownloadInformation_New
 *fill*         0x00000000000053ff        0x1 
 .text.ARUPDATER_Manager_Delete
                0x0000000000005400       0xf0 /home/heratom/Firefly-project/out/arsdk-native/build/libARUpdater/obj/Sources/ARUPDATER_Manager.c.o
                0x0000000000005400                ARUPDATER_Manager_Delete
 .text.ARUPDATER_Manager_New
                0x00000000000054f0      0x11c /home/heratom/Firefly-project/out/arsdk-native/build/libARUpdater/obj/Sources/ARUPDATER_Manager.c.o
                0x00000000000054f0                ARUPDATER_Manager_New
 *fill*         0x000000000000560c        0x4 
 .text.ARUPDATER_Manager_PlfVersionIsUpToDate
                0x0000000000005610      0x4ec /home/heratom/Firefly-project/out/arsdk-native/build/libARUpdater/obj/Sources/ARUPDATER_Manager.c.o
                0x0000000000005610                ARUPDATER_Manager_PlfVersionIsUpToDate
 *fill*         0x0000000000005afc        0x4 
 .text.ARUPDATER_Plf_GetHeader
                0x0000000000005b00       0xa7 /home/heratom/Firefly-project/out/arsdk-native/build/libARUpdater/obj/Sources/ARUPDATER_Plf.c.o
                0x0000000000005b00                ARUPDATER_Plf_GetHeader
 *fill*         0x0000000000005ba7        0x9 
 .text.ARUPDATER_Uploader_ProgressCallback
                0x0000000000005bb0       0x1a /home/heratom/Firefly-project/out/arsdk-native/build/libARUpdater/obj/Sources/ARUPDATER_Uploader.c.o
                0x0000000000005bb0                ARUPDATER_Uploader_ProgressCallback
 *fill*         0x0000000000005bca        0x6 
 .text.ARUPDATER_Uploader_CompletionCallback
                0x0000000000005bd0        0xe /home/heratom/Firefly-project/out/arsdk-native/build/libARUpdater/obj/Sources/ARUPDATER_Uploader.c.o
                0x0000000000005bd0                ARUPDATER_Uploader_CompletionCallback
 *fill*         0x0000000000005bde        0x2 
 .text.ARUPDATER_Uploader_Delete
                0x0000000000005be0       0x6a /home/heratom/Firefly-project/out/arsdk-native/build/libARUpdater/obj/Sources/ARUPDATER_Uploader.c.o
                0x0000000000005be0                ARUPDATER_Uploader_Delete
 *fill*         0x0000000000005c4a        0x6 
 .text.ARUPDATER_Uploader_New
                0x0000000000005c50      0x31e /home/heratom/Firefly-project/out/arsdk-native/build/libARUpdater/obj/Sources/ARUPDATER_Uploader.c.o
                0x0000000000005c50                ARUPDATER_Uploader_New
 *fill*         0x0000000000005f6e        0x2 
 .text.ARUPDATER_Uploader_ThreadRunAndroidDelos
                0x0000000000005f70      0x4f4 /home/heratom/Firefly-project/out/arsdk-native/build/libARUpdater/obj/Sources/ARUPDATER_Uploader.c.o
                0x0000000000005f70                ARUPDATER_Uploader_ThreadRunAndroidDelos
 *fill*         0x0000000000006464        0xc 
 .text.ARUPDATER_Uploader_ThreadRunNormal
                0x0000000000006470      0xc02 /home/heratom/Firefly-project/out/arsdk-native/build/libARUpdater/obj/Sources/ARUPDATER_Uploader.c.o
                0x0000000000006470                ARUPDATER_Uploader_ThreadRunNormal
 *fill*         0x0000000000007072        0xe 
 .text.ARUPDATER_Uploader_ThreadRun
                0x0000000000007080       0x51 /home/heratom/Firefly-project/out/arsdk-native/build/libARUpdater/obj/Sources/ARUPDATER_Uploader.c.o
                0x0000000000007080                ARUPDATER_Uploader_ThreadRun
 *fill*         0x00000000000070d1        0xf 
 .text.ARUPDATER_Uploader_CancelThread
                0x00000000000070e0       0x86 /home/heratom/Firefly-project/out/arsdk-native/build/libARUpdater/obj/Sources/ARUPDATER_Uploader.c.o
                0x00000000000070e0                ARUPDATER_Uploader_CancelThread
 *fill*         0x0000000000007166        0xa 
 .text.ARUPDATER_Uploader_ThreadIsRunning
                0x0000000000007170       0x32 /home/heratom/Firefly-project/out/arsdk-native/build/libARUpdater/obj/Sources/ARUPDATER_Uploader.c.o
                0x0000000000007170                ARUPDATER_Uploader_ThreadIsRunning
 *fill*         0x00000000000071a2        0xe 
 .text.ARUPDATER_Utils_GetPlfVersion
                0x00000000000071b0       0x66 /home/heratom/Firefly-project/out/arsdk-native/build/libARUpdater/obj/Sources/ARUPDATER_Utils.c.o
                0x00000000000071b0                ARUPDATER_Utils_GetPlfVersion
 *fill*         0x0000000000007216        0xa 
 .text.ARUPDATER_Utils_GetPlfInFolder
                0x0000000000007220       0xe0 /home/heratom/Firefly-project/out/arsdk-native/build/libARUpdater/obj/Sources/ARUPDATER_Utils.c.o
                0x0000000000007220                ARUPDATER_Utils_GetPlfInFolder
 .text.ARUPDATER_Error_ToString
                0x0000000000007300      0x208 /home/heratom/Firefly-project/out/arsdk-native/build/libARUpdater/obj/gen/Sources/ARUPDATER_Error.c.o
                0x0000000000007300                ARUPDATER_Error_ToString
 *(.gnu.warning)

.fini           0x0000000000007508        0x9
 *(SORT(.fini))
 .fini          0x0000000000007508        0x4 /usr/lib/gcc/x86_64-linux-gnu/4.8/../../../x86_64-linux-gnu/crti.o
                0x0000000000007508                _fini
 .fini          0x000000000000750c        0x5 /usr/lib/gcc/x86_64-linux-gnu/4.8/../../../x86_64-linux-gnu/crtn.o
                0x0000000000007511                PROVIDE (__etext, .)
                0x0000000000007511                PROVIDE (_etext, .)
                0x0000000000007511                PROVIDE (etext, .)

.rodata         0x0000000000007520      0x678
 *(.rodata .rodata.* .gnu.linkonce.r.*)
 .rodata.str1.1
                0x0000000000007520       0xb9 /home/heratom/Firefly-project/out/arsdk-native/build/libARUpdater/obj/Sources/ARUPDATER_Downloader.c.o
                                         0xbb (size before relaxing)
 *fill*         0x00000000000075d9        0x7 
 .rodata.str1.8
                0x00000000000075e0       0x2a /home/heratom/Firefly-project/out/arsdk-native/build/libARUpdater/obj/Sources/ARUPDATER_Downloader.c.o
 *fill*         0x000000000000760a       0x16 
 .rodata        0x0000000000007620       0xb9 /home/heratom/Firefly-project/out/arsdk-native/build/libARUpdater/obj/Sources/ARUPDATER_Downloader.c.o
 .rodata.str1.1
                0x00000000000076d9       0x14 /home/heratom/Firefly-project/out/arsdk-native/build/libARUpdater/obj/Sources/ARUPDATER_DownloadInformation.c.o
                                         0x3a (size before relaxing)
 *fill*         0x00000000000076ed       0x13 
 .rodata        0x0000000000007700       0x22 /home/heratom/Firefly-project/out/arsdk-native/build/libARUpdater/obj/Sources/ARUPDATER_DownloadInformation.c.o
 .rodata.str1.1
                0x0000000000007722       0x2b /home/heratom/Firefly-project/out/arsdk-native/build/libARUpdater/obj/Sources/ARUPDATER_Manager.c.o
                                         0x59 (size before relaxing)
 *fill*         0x000000000000774d        0x3 
 .rodata        0x0000000000007750       0x36 /home/heratom/Firefly-project/out/arsdk-native/build/libARUpdater/obj/Sources/ARUPDATER_Manager.c.o
 .rodata.str1.1
                0x0000000000007786        0x3 /home/heratom/Firefly-project/out/arsdk-native/build/libARUpdater/obj/Sources/ARUPDATER_Plf.c.o
 .rodata.str1.1
                0x0000000000007789       0x1b /home/heratom/Firefly-project/out/arsdk-native/build/libARUpdater/obj/Sources/ARUPDATER_Uploader.c.o
                                         0x4a (size before relaxing)
 *fill*         0x00000000000077a4        0x4 
 .rodata.str1.8
                0x00000000000077a8       0x2c /home/heratom/Firefly-project/out/arsdk-native/build/libARUpdater/obj/Sources/ARUPDATER_Uploader.c.o
 *fill*         0x00000000000077d4        0xc 
 .rodata        0x00000000000077e0       0x87 /home/heratom/Firefly-project/out/arsdk-native/build/libARUpdater/obj/Sources/ARUPDATER_Uploader.c.o
 *fill*         0x0000000000007867        0x1 
 .rodata.cst8   0x0000000000007868        0x8 /home/heratom/Firefly-project/out/arsdk-native/build/libARUpdater/obj/Sources/ARUPDATER_Uploader.c.o
 .rodata.str1.1
                0x0000000000007870        0x5 /home/heratom/Firefly-project/out/arsdk-native/build/libARUpdater/obj/Sources/ARUPDATER_Utils.c.o
 .rodata.str1.1
                0x0000000000007875      0x16e /home/heratom/Firefly-project/out/arsdk-native/build/libARUpdater/obj/gen/Sources/ARUPDATER_Error.c.o
 *fill*         0x00000000000079e3        0x5 
 .rodata.str1.8
                0x00000000000079e8      0x1b0 /home/heratom/Firefly-project/out/arsdk-native/build/libARUpdater/obj/gen/Sources/ARUPDATER_Error.c.o
                                        0x1af (size before relaxing)

.rodata1
 *(.rodata1)

.eh_frame_hdr   0x0000000000007b98       0xf4
 *(.eh_frame_hdr)
 .eh_frame_hdr  0x0000000000007b98       0xf4 /home/heratom/Firefly-project/out/arsdk-native/build/libARUpdater/obj/Sources/ARUPDATER_Downloader.c.o

.eh_frame       0x0000000000007c90      0x6c4
 *(.eh_frame)
 .eh_frame      0x0000000000007c90       0x40 /usr/lib/gcc/x86_64-linux-gnu/4.8/../../../x86_64-linux-gnu/crti.o
 .eh_frame      0x0000000000007cd0      0x2c0 /home/heratom/Firefly-project/out/arsdk-native/build/libARUpdater/obj/Sources/ARUPDATER_Downloader.c.o
                                        0x2a8 (size before relaxing)
 .eh_frame      0x0000000000007f90       0x78 /home/heratom/Firefly-project/out/arsdk-native/build/libARUpdater/obj/Sources/ARUPDATER_DownloadInformation.c.o
                                         0x90 (size before relaxing)
 .eh_frame      0x0000000000008008       0xc0 /home/heratom/Firefly-project/out/arsdk-native/build/libARUpdater/obj/Sources/ARUPDATER_Manager.c.o
                                         0xd0 (size before relaxing)
 .eh_frame      0x00000000000080c8       0x38 /home/heratom/Firefly-project/out/arsdk-native/build/libARUpdater/obj/Sources/ARUPDATER_Plf.c.o
                                         0x50 (size before relaxing)
 .eh_frame      0x0000000000008100      0x1a8 /home/heratom/Firefly-project/out/arsdk-native/build/libARUpdater/obj/Sources/ARUPDATER_Uploader.c.o
                                        0x1b8 (size before relaxing)
 .eh_frame      0x00000000000082a8       0x90 /home/heratom/Firefly-project/out/arsdk-native/build/libARUpdater/obj/Sources/ARUPDATER_Utils.c.o
                                         0xa8 (size before relaxing)
 .eh_frame      0x0000000000008338       0x18 /home/heratom/Firefly-project/out/arsdk-native/build/libARUpdater/obj/gen/Sources/ARUPDATER_Error.c.o
                                         0x30 (size before relaxing)
 .eh_frame      0x0000000000008350        0x4 /usr/lib/gcc/x86_64-linux-gnu/4.8/crtendS.o

.gcc_except_table
 *(.gcc_except_table .gcc_except_table.*)

.exception_ranges
 *(.exception_ranges .exception_ranges*)
                0x0000000000008354                . = (ALIGN (0x200000) - ((0x200000 - .) & 0x1fffff))
                0x0000000000208d8c                . = DATA_SEGMENT_ALIGN (0x200000, 0x1000)

.eh_frame
 *(.eh_frame)

.gcc_except_table
 *(.gcc_except_table .gcc_except_table.*)

.exception_ranges
 *(.exception_ranges .exception_ranges*)

.tdata
 *(.tdata .tdata.* .gnu.linkonce.td.*)

.tbss
 *(.tbss .tbss.* .gnu.linkonce.tb.*)
 *(.tcommon)

.preinit_array
 *(.preinit_array)

.init_array     0x0000000000208d90        0x8
 *(SORT(.init_array.*) SORT(.ctors.*))
 *(.init_array EXCLUDE_FILE(*crtend?.o *crtend.o *crtbegin?.o *crtbegin.o) .ctors)
 .init_array    0x0000000000208d90        0x8 /usr/lib/gcc/x86_64-linux-gnu/4.8/crtbeginS.o

.fini_array     0x0000000000208d98        0x8
 *(SORT(.fini_array.*) SORT(.dtors.*))
 *(.fini_array EXCLUDE_FILE(*crtend?.o *crtend.o *crtbegin?.o *crtbegin.o) .dtors)
 .fini_array    0x0000000000208d98        0x8 /usr/lib/gcc/x86_64-linux-gnu/4.8/crtbeginS.o

.ctors
 *crtbegin.o(.ctors)
 *crtbegin?.o(.ctors)
 *(EXCLUDE_FILE(*crtend?.o *crtend.o) .ctors)
 *(SORT(.ctors.*))
 *(.ctors)

.dtors
 *crtbegin.o(.dtors)
 *crtbegin?.o(.dtors)
 *(EXCLUDE_FILE(*crtend?.o *crtend.o) .dtors)
 *(SORT(.dtors.*))
 *(.dtors)

.jcr            0x0000000000208da0        0x8
 *(.jcr)
 .jcr           0x0000000000208da0        0x0 /usr/lib/gcc/x86_64-linux-gnu/4.8/crtbeginS.o
 .jcr           0x0000000000208da0        0x8 /usr/lib/gcc/x86_64-linux-gnu/4.8/crtendS.o

.data.rel.ro
 *(.data.rel.ro.local* .gnu.linkonce.d.rel.ro.local.*)
 *(.data.rel.ro .data.rel.ro.* .gnu.linkonce.d.rel.ro.*)

.dynamic        0x0000000000208da8      0x220
 *(.dynamic)
 .dynamic       0x0000000000208da8      0x220 /usr/lib/gcc/x86_64-linux-gnu/4.8/../../../x86_64-linux-gnu/crti.o
                0x0000000000208da8                _DYNAMIC

.got            0x0000000000208fc8       0x38
 *(.got)
 .got           0x0000000000208fc8       0x38 /usr/lib/gcc/x86_64-linux-gnu/4.8/../../../x86_64-linux-gnu/crti.o
 *(.igot)
                0x0000000000209fe8                . = DATA_SEGMENT_RELRO_END (., (SIZEOF (.got.plt) >= 0x18)?0x18:0x0)

.got.plt        0x0000000000209000      0x2b8
 *(.got.plt)
 .got.plt       0x0000000000209000      0x2b8 /usr/lib/gcc/x86_64-linux-gnu/4.8/../../../x86_64-linux-gnu/crti.o
                0x0000000000209000                _GLOBAL_OFFSET_TABLE_
 *(.igot.plt)

.data           0x00000000002092b8        0x8
 *(.data .data.* .gnu.linkonce.d.*)
 .data.rel      0x00000000002092b8        0x8 /usr/lib/gcc/x86_64-linux-gnu/4.8/crtbeginS.o
                0x00000000002092b8                __dso_handle

.tm_clone_table
                0x00000000002092c0        0x0
 .tm_clone_table
                0x00000000002092c0        0x0 /usr/lib/gcc/x86_64-linux-gnu/4.8/crtbeginS.o
 .tm_clone_table
                0x00000000002092c0        0x0 /usr/lib/gcc/x86_64-linux-gnu/4.8/crtendS.o

.data1
 *(.data1)
                0x00000000002092c0                _edata = .
                0x00000000002092c0                PROVIDE (edata, .)
                0x00000000002092c0                . = .
                0x00000000002092c0                __bss_start = .

.bss            0x00000000002092c0        0x8
 *(.dynbss)
 .dynbss        0x0000000000000000        0x0 /usr/lib/gcc/x86_64-linux-gnu/4.8/../../../x86_64-linux-gnu/crti.o
 *(.bss .bss.* .gnu.linkonce.b.*)
 .bss           0x00000000002092c0        0x1 /usr/lib/gcc/x86_64-linux-gnu/4.8/crtbeginS.o
 *(COMMON)
                0x00000000002092c8                . = ALIGN ((. != 0x0)?0x8:0x1)
 *fill*         0x00000000002092c1        0x7 

.lbss
 *(.dynlbss)
 *(.lbss .lbss.* .gnu.linkonce.lb.*)
 *(LARGE_COMMON)
                0x00000000002092c8                . = ALIGN (0x8)
                0x00000000002092c8                . = SEGMENT_START ("ldata-segment", .)

.lrodata
 *(.lrodata .lrodata.* .gnu.linkonce.lr.*)

.ldata          0x00000000006092c8        0x0
 *(.ldata .ldata.* .gnu.linkonce.l.*)
                0x00000000006092c8                . = ALIGN ((. != 0x0)?0x8:0x1)
                0x00000000006092c8                . = ALIGN (0x8)
                0x00000000006092c8                _end = .
                0x00000000006092c8                PROVIDE (end, .)
                0x00000000006092c8                . = DATA_SEGMENT_END (.)

.stab
 *(.stab)

.stabstr
 *(.stabstr)

.stab.excl
 *(.stab.excl)

.stab.exclstr
 *(.stab.exclstr)

.stab.index
 *(.stab.index)

.stab.indexstr
 *(.stab.indexstr)

.comment        0x0000000000000000       0x2b
 *(.comment)
 .comment       0x0000000000000000       0x2b /usr/lib/gcc/x86_64-linux-gnu/4.8/crtbeginS.o
                                         0x2c (size before relaxing)
 .comment       0x0000000000000000       0x2c /home/heratom/Firefly-project/out/arsdk-native/build/libARUpdater/obj/Sources/ARUPDATER_Downloader.c.o
 .comment       0x0000000000000000       0x2c /home/heratom/Firefly-project/out/arsdk-native/build/libARUpdater/obj/Sources/ARUPDATER_DownloadInformation.c.o
 .comment       0x0000000000000000       0x2c /home/heratom/Firefly-project/out/arsdk-native/build/libARUpdater/obj/Sources/ARUPDATER_Manager.c.o
 .comment       0x0000000000000000       0x2c /home/heratom/Firefly-project/out/arsdk-native/build/libARUpdater/obj/Sources/ARUPDATER_Plf.c.o
 .comment       0x0000000000000000       0x2c /home/heratom/Firefly-project/out/arsdk-native/build/libARUpdater/obj/Sources/ARUPDATER_Uploader.c.o
 .comment       0x0000000000000000       0x2c /home/heratom/Firefly-project/out/arsdk-native/build/libARUpdater/obj/Sources/ARUPDATER_Utils.c.o
 .comment       0x0000000000000000       0x2c /home/heratom/Firefly-project/out/arsdk-native/build/libARUpdater/obj/gen/Sources/ARUPDATER_Error.c.o
 .comment       0x0000000000000000       0x2c /usr/lib/gcc/x86_64-linux-gnu/4.8/crtendS.o

.debug
 *(.debug)

.line
 *(.line)

.debug_srcinfo
 *(.debug_srcinfo)

.debug_sfnames
 *(.debug_sfnames)

.debug_aranges  0x0000000000000000      0x2b0
 *(.debug_aranges)
 .debug_aranges
                0x0000000000000000       0xd0 /home/heratom/Firefly-project/out/arsdk-native/build/libARUpdater/obj/Sources/ARUPDATER_Downloader.c.o
 .debug_aranges
                0x00000000000000d0       0x40 /home/heratom/Firefly-project/out/arsdk-native/build/libARUpdater/obj/Sources/ARUPDATER_DownloadInformation.c.o
 .debug_aranges
                0x0000000000000110       0x50 /home/heratom/Firefly-project/out/arsdk-native/build/libARUpdater/obj/Sources/ARUPDATER_Manager.c.o
 .debug_aranges
                0x0000000000000160       0x30 /home/heratom/Firefly-project/out/arsdk-native/build/libARUpdater/obj/Sources/ARUPDATER_Plf.c.o
 .debug_aranges
                0x0000000000000190       0xb0 /home/heratom/Firefly-project/out/arsdk-native/build/libARUpdater/obj/Sources/ARUPDATER_Uploader.c.o
 .debug_aranges
                0x0000000000000240       0x40 /home/heratom/Firefly-project/out/arsdk-native/build/libARUpdater/obj/Sources/ARUPDATER_Utils.c.o
 .debug_aranges
                0x0000000000000280       0x30 /home/heratom/Firefly-project/out/arsdk-native/build/libARUpdater/obj/gen/Sources/ARUPDATER_Error.c.o

.debug_pubnames
 *(.debug_pubnames)

.debug_info     0x0000000000000000     0xbb13
 *(.debug_info .gnu.linkonce.wi.*)
 .debug_info    0x0000000000000000     0x5285 /home/heratom/Firefly-project/out/arsdk-native/build/libARUpdater/obj/Sources/ARUPDATER_Downloader.c.o
 .debug_info    0x0000000000005285      0xa29 /home/heratom/Firefly-project/out/arsdk-native/build/libARUpdater/obj/Sources/ARUPDATER_DownloadInformation.c.o
 .debug_info    0x0000000000005cae     0x1cc4 /home/heratom/Firefly-project/out/arsdk-native/build/libARUpdater/obj/Sources/ARUPDATER_Manager.c.o
 .debug_info    0x0000000000007972      0x64f /home/heratom/Firefly-project/out/arsdk-native/build/libARUpdater/obj/Sources/ARUPDATER_Plf.c.o
 .debug_info    0x0000000000007fc1     0x3251 /home/heratom/Firefly-project/out/arsdk-native/build/libARUpdater/obj/Sources/ARUPDATER_Uploader.c.o
 .debug_info    0x000000000000b212      0x7d9 /home/heratom/Firefly-project/out/arsdk-native/build/libARUpdater/obj/Sources/ARUPDATER_Utils.c.o
 .debug_info    0x000000000000b9eb      0x128 /home/heratom/Firefly-project/out/arsdk-native/build/libARUpdater/obj/gen/Sources/ARUPDATER_Error.c.o

.debug_abbrev   0x0000000000000000     0x1230
 *(.debug_abbrev)
 .debug_abbrev  0x0000000000000000      0x3f5 /home/heratom/Firefly-project/out/arsdk-native/build/libARUpdater/obj/Sources/ARUPDATER_Downloader.c.o
 .debug_abbrev  0x00000000000003f5      0x234 /home/heratom/Firefly-project/out/arsdk-native/build/libARUpdater/obj/Sources/ARUPDATER_DownloadInformation.c.o
 .debug_abbrev  0x0000000000000629      0x301 /home/heratom/Firefly-project/out/arsdk-native/build/libARUpdater/obj/Sources/ARUPDATER_Manager.c.o
 .debug_abbrev  0x000000000000092a      0x21b /home/heratom/Firefly-project/out/arsdk-native/build/libARUpdater/obj/Sources/ARUPDATER_Plf.c.o
 .debug_abbrev  0x0000000000000b45      0x411 /home/heratom/Firefly-project/out/arsdk-native/build/libARUpdater/obj/Sources/ARUPDATER_Uploader.c.o
 .debug_abbrev  0x0000000000000f56      0x264 /home/heratom/Firefly-project/out/arsdk-native/build/libARUpdater/obj/Sources/ARUPDATER_Utils.c.o
 .debug_abbrev  0x00000000000011ba       0x76 /home/heratom/Firefly-project/out/arsdk-native/build/libARUpdater/obj/gen/Sources/ARUPDATER_Error.c.o

.debug_line     0x0000000000000000     0x25c1
 *(.debug_line .debug_line.* .debug_line_end)
 .debug_line    0x0000000000000000      0xee5 /home/heratom/Firefly-project/out/arsdk-native/build/libARUpdater/obj/Sources/ARUPDATER_Downloader.c.o
 .debug_line    0x0000000000000ee5      0x2c1 /home/heratom/Firefly-project/out/arsdk-native/build/libARUpdater/obj/Sources/ARUPDATER_DownloadInformation.c.o
 .debug_line    0x00000000000011a6      0x5ea /home/heratom/Firefly-project/out/arsdk-native/build/libARUpdater/obj/Sources/ARUPDATER_Manager.c.o
 .debug_line    0x0000000000001790      0x174 /home/heratom/Firefly-project/out/arsdk-native/build/libARUpdater/obj/Sources/ARUPDATER_Plf.c.o
 .debug_line    0x0000000000001904      0x96d /home/heratom/Firefly-project/out/arsdk-native/build/libARUpdater/obj/Sources/ARUPDATER_Uploader.c.o
 .debug_line    0x0000000000002271      0x1e4 /home/heratom/Firefly-project/out/arsdk-native/build/libARUpdater/obj/Sources/ARUPDATER_Utils.c.o
 .debug_line    0x0000000000002455      0x16c /home/heratom/Firefly-project/out/arsdk-native/build/libARUpdater/obj/gen/Sources/ARUPDATER_Error.c.o

.debug_frame
 *(.debug_frame)

.debug_str      0x0000000000000000     0x2a46
 *(.debug_str)
 .debug_str     0x0000000000000000     0x20e7 /home/heratom/Firefly-project/out/arsdk-native/build/libARUpdater/obj/Sources/ARUPDATER_Downloader.c.o
                                       0x2218 (size before relaxing)
 .debug_str     0x00000000000020e7       0x4e /home/heratom/Firefly-project/out/arsdk-native/build/libARUpdater/obj/Sources/ARUPDATER_DownloadInformation.c.o
                                        0xb4c (size before relaxing)
 .debug_str     0x0000000000002135      0x15f /home/heratom/Firefly-project/out/arsdk-native/build/libARUpdater/obj/Sources/ARUPDATER_Manager.c.o
                                       0x1b65 (size before relaxing)
 .debug_str     0x0000000000002294      0x106 /home/heratom/Firefly-project/out/arsdk-native/build/libARUpdater/obj/Sources/ARUPDATER_Plf.c.o
                                        0x73b (size before relaxing)
 .debug_str     0x000000000000239a      0x5c1 /home/heratom/Firefly-project/out/arsdk-native/build/libARUpdater/obj/Sources/ARUPDATER_Uploader.c.o
                                       0x205b (size before relaxing)
 .debug_str     0x000000000000295b       0xb7 /home/heratom/Firefly-project/out/arsdk-native/build/libARUpdater/obj/Sources/ARUPDATER_Utils.c.o
                                        0x838 (size before relaxing)
 .debug_str     0x0000000000002a12       0x34 /home/heratom/Firefly-project/out/arsdk-native/build/libARUpdater/obj/gen/Sources/ARUPDATER_Error.c.o
                                        0x469 (size before relaxing)

.debug_loc      0x0000000000000000     0xa847
 *(.debug_loc)
 .debug_loc     0x0000000000000000     0x55ff /home/heratom/Firefly-project/out/arsdk-native/build/libARUpdater/obj/Sources/ARUPDATER_Downloader.c.o
 .debug_loc     0x00000000000055ff      0x3e2 /home/heratom/Firefly-project/out/arsdk-native/build/libARUpdater/obj/Sources/ARUPDATER_DownloadInformation.c.o
 .debug_loc     0x00000000000059e1     0x11f5 /home/heratom/Firefly-project/out/arsdk-native/build/libARUpdater/obj/Sources/ARUPDATER_Manager.c.o
 .debug_loc     0x0000000000006bd6      0x221 /home/heratom/Firefly-project/out/arsdk-native/build/libARUpdater/obj/Sources/ARUPDATER_Plf.c.o
 .debug_loc     0x0000000000006df7     0x3751 /home/heratom/Firefly-project/out/arsdk-native/build/libARUpdater/obj/Sources/ARUPDATER_Uploader.c.o
 .debug_loc     0x000000000000a548      0x2ff /home/heratom/Firefly-project/out/arsdk-native/build/libARUpdater/obj/Sources/ARUPDATER_Utils.c.o

.debug_macinfo
 *(.debug_macinfo)

.debug_weaknames
 *(.debug_weaknames)

.debug_funcnames
 *(.debug_funcnames)

.debug_typenames
 *(.debug_typenames)

.debug_varnames
 *(.debug_varnames)

.debug_pubtypes
 *(.debug_pubtypes)

.debug_ranges   0x0000000000000000     0x2130
 *(.debug_ranges)
 .debug_ranges  0x0000000000000000     0x1380 /home/heratom/Firefly-project/out/arsdk-native/build/libARUpdater/obj/Sources/ARUPDATER_Downloader.c.o
 .debug_ranges  0x0000000000001380       0xc0 /home/heratom/Firefly-project/out/arsdk-native/build/libARUpdater/obj/Sources/ARUPDATER_DownloadInformation.c.o
 .debug_ranges  0x0000000000001440      0x4e0 /home/heratom/Firefly-project/out/arsdk-native/build/libARUpdater/obj/Sources/ARUPDATER_Manager.c.o
 .debug_ranges  0x0000000000001920       0x60 /home/heratom/Firefly-project/out/arsdk-native/build/libARUpdater/obj/Sources/ARUPDATER_Plf.c.o
 .debug_ranges  0x0000000000001980      0x6d0 /home/heratom/Firefly-project/out/arsdk-native/build/libARUpdater/obj/Sources/ARUPDATER_Uploader.c.o
 .debug_ranges  0x0000000000002050       0xc0 /home/heratom/Firefly-project/out/arsdk-native/build/libARUpdater/obj/Sources/ARUPDATER_Utils.c.o
 .debug_ranges  0x0000000000002110       0x20 /home/heratom/Firefly-project/out/arsdk-native/build/libARUpdater/obj/gen/Sources/ARUPDATER_Error.c.o

.debug_macro
 *(.debug_macro)

.gnu.attributes
 *(.gnu.attributes)

/DISCARD/
 *(.note.GNU-stack)
 *(.gnu_debuglink)
 *(.gnu.lto_*)
OUTPUT(/home/heratom/Firefly-project/out/arsdk-native/build/libARUpdater/libarupdater.so elf64-x86-64)
