Archive member included to satisfy reference by file (symbol)

/usr/lib/x86_64-linux-gnu/libc_nonshared.a(elf-init.oS)
                              /usr/lib/gcc/x86_64-linux-gnu/4.8/../../../x86_64-linux-gnu/crt1.o (__libc_csu_init)

As-needed library included to satisfy reference by file (symbol)

libarsal.so                   /home/heratom/Firefly-project/out/arsdk-native/build/JumpingSumoReceiveStream/obj/JumpingSumoReceiveStream.c.o (ARSAL_Print_PrintRaw)
libarcommands.so              /home/heratom/Firefly-project/out/arsdk-native/build/JumpingSumoReceiveStream/obj/JumpingSumoReceiveStream.c.o (ARCOMMANDS_Generator_GenerateJumpingSumoMediaStreamingVideoEnable)
libarnetwork.so               /home/heratom/Firefly-project/out/arsdk-native/build/JumpingSumoReceiveStream/obj/JumpingSumoReceiveStream.c.o (ARNETWORK_Manager_ReceivingThreadRun)
libarnetworkal.so             /home/heratom/Firefly-project/out/arsdk-native/build/JumpingSumoReceiveStream/obj/JumpingSumoReceiveStream.c.o (ARNETWORKAL_Error_ToString)
libardiscovery.so             /home/heratom/Firefly-project/out/arsdk-native/build/JumpingSumoReceiveStream/obj/JumpingSumoReceiveStream.c.o (ARDISCOVERY_Connection_New)
libarstream.so                /home/heratom/Firefly-project/out/arsdk-native/build/JumpingSumoReceiveStream/obj/JumpingSumoReceiveStream.c.o (ARSTREAM_Reader_New)
libpthread.so.0               /home/heratom/Firefly-project/out/arsdk-native/build/JumpingSumoReceiveStream/obj/JumpingSumoReceiveStream.c.o (__errno_location@@GLIBC_2.2.5)
libc.so.6                     /home/heratom/Firefly-project/out/arsdk-native/build/JumpingSumoReceiveStream/obj/JumpingSumoReceiveStream.c.o (mkdtemp@@GLIBC_2.2.5)

Discarded input sections

 .rodata.cst4   0x0000000000000000        0x4 /usr/lib/gcc/x86_64-linux-gnu/4.8/../../../x86_64-linux-gnu/crt1.o
 .data          0x0000000000000000        0x4 /usr/lib/gcc/x86_64-linux-gnu/4.8/../../../x86_64-linux-gnu/crt1.o
 .bss           0x0000000000000000        0x0 /usr/lib/gcc/x86_64-linux-gnu/4.8/../../../x86_64-linux-gnu/crt1.o
 .note.GNU-stack
                0x0000000000000000        0x0 /usr/lib/gcc/x86_64-linux-gnu/4.8/../../../x86_64-linux-gnu/crt1.o
 .gnu_debuglink
                0x0000000000000000        0xc /usr/lib/gcc/x86_64-linux-gnu/4.8/../../../x86_64-linux-gnu/crt1.o
 .text          0x0000000000000000        0x0 /usr/lib/gcc/x86_64-linux-gnu/4.8/../../../x86_64-linux-gnu/crti.o
 .data          0x0000000000000000        0x0 /usr/lib/gcc/x86_64-linux-gnu/4.8/../../../x86_64-linux-gnu/crti.o
 .bss           0x0000000000000000        0x0 /usr/lib/gcc/x86_64-linux-gnu/4.8/../../../x86_64-linux-gnu/crti.o
 .note.GNU-stack
                0x0000000000000000        0x0 /usr/lib/gcc/x86_64-linux-gnu/4.8/../../../x86_64-linux-gnu/crti.o
 .gnu_debuglink
                0x0000000000000000        0xc /usr/lib/gcc/x86_64-linux-gnu/4.8/../../../x86_64-linux-gnu/crti.o
 .data          0x0000000000000000        0x8 /usr/lib/gcc/x86_64-linux-gnu/4.8/crtbegin.o
 .note.GNU-stack
                0x0000000000000000        0x0 /usr/lib/gcc/x86_64-linux-gnu/4.8/crtbegin.o
 .text          0x0000000000000000        0x0 /home/heratom/Firefly-project/out/arsdk-native/build/JumpingSumoReceiveStream/obj/JumpingSumoReceiveStream.c.o
 .note.GNU-stack
                0x0000000000000000        0x0 /home/heratom/Firefly-project/out/arsdk-native/build/JumpingSumoReceiveStream/obj/JumpingSumoReceiveStream.c.o
 .data          0x0000000000000000        0x0 /usr/lib/x86_64-linux-gnu/libc_nonshared.a(elf-init.oS)
 .bss           0x0000000000000000        0x0 /usr/lib/x86_64-linux-gnu/libc_nonshared.a(elf-init.oS)
 .note.GNU-stack
                0x0000000000000000        0x0 /usr/lib/x86_64-linux-gnu/libc_nonshared.a(elf-init.oS)
 .text          0x0000000000000000        0x0 /usr/lib/gcc/x86_64-linux-gnu/4.8/crtend.o
 .data          0x0000000000000000        0x0 /usr/lib/gcc/x86_64-linux-gnu/4.8/crtend.o
 .bss           0x0000000000000000        0x0 /usr/lib/gcc/x86_64-linux-gnu/4.8/crtend.o
 .note.GNU-stack
                0x0000000000000000        0x0 /usr/lib/gcc/x86_64-linux-gnu/4.8/crtend.o
 .text          0x0000000000000000        0x0 /usr/lib/gcc/x86_64-linux-gnu/4.8/../../../x86_64-linux-gnu/crtn.o
 .data          0x0000000000000000        0x0 /usr/lib/gcc/x86_64-linux-gnu/4.8/../../../x86_64-linux-gnu/crtn.o
 .bss           0x0000000000000000        0x0 /usr/lib/gcc/x86_64-linux-gnu/4.8/../../../x86_64-linux-gnu/crtn.o
 .note.GNU-stack
                0x0000000000000000        0x0 /usr/lib/gcc/x86_64-linux-gnu/4.8/../../../x86_64-linux-gnu/crtn.o
 .gnu_debuglink
                0x0000000000000000        0xc /usr/lib/gcc/x86_64-linux-gnu/4.8/../../../x86_64-linux-gnu/crtn.o

Memory Configuration

Name             Origin             Length             Attributes
*default*        0x0000000000000000 0xffffffffffffffff

Linker script and memory map

LOAD /usr/lib/gcc/x86_64-linux-gnu/4.8/../../../x86_64-linux-gnu/crt1.o
LOAD /usr/lib/gcc/x86_64-linux-gnu/4.8/../../../x86_64-linux-gnu/crti.o
LOAD /usr/lib/gcc/x86_64-linux-gnu/4.8/crtbegin.o
LOAD /home/heratom/Firefly-project/out/arsdk-native/build/JumpingSumoReceiveStream/obj/JumpingSumoReceiveStream.c.o
LOAD /home/heratom/Firefly-project/out/arsdk-native/staging/usr/lib/libarsal.so
LOAD /home/heratom/Firefly-project/out/arsdk-native/staging/usr/lib/libarcommands.so
LOAD /home/heratom/Firefly-project/out/arsdk-native/staging/usr/lib/libarnetwork.so
LOAD /home/heratom/Firefly-project/out/arsdk-native/staging/usr/lib/libarnetworkal.so
LOAD /home/heratom/Firefly-project/out/arsdk-native/staging/usr/lib/libardiscovery.so
LOAD /home/heratom/Firefly-project/out/arsdk-native/staging/usr/lib/libarstream.so
LOAD /usr/lib/gcc/x86_64-linux-gnu/4.8/../../../x86_64-linux-gnu/librt.so
LOAD /usr/lib/gcc/x86_64-linux-gnu/4.8/libstdc++.so
LOAD /usr/lib/gcc/x86_64-linux-gnu/4.8/../../../x86_64-linux-gnu/libm.so
LOAD /usr/lib/gcc/x86_64-linux-gnu/4.8/libgcc_s.so
LOAD /usr/lib/gcc/x86_64-linux-gnu/4.8/libgcc.a
LOAD /usr/lib/gcc/x86_64-linux-gnu/4.8/../../../x86_64-linux-gnu/libpthread.so
START GROUP
LOAD /lib/x86_64-linux-gnu/libpthread.so.0
LOAD /usr/lib/x86_64-linux-gnu/libpthread_nonshared.a
END GROUP
LOAD /usr/lib/gcc/x86_64-linux-gnu/4.8/../../../x86_64-linux-gnu/libc.so
START GROUP
LOAD /lib/x86_64-linux-gnu/libc.so.6
LOAD /usr/lib/x86_64-linux-gnu/libc_nonshared.a
LOAD /lib/x86_64-linux-gnu/ld-linux-x86-64.so.2
END GROUP
LOAD /usr/lib/gcc/x86_64-linux-gnu/4.8/libgcc_s.so
LOAD /usr/lib/gcc/x86_64-linux-gnu/4.8/libgcc.a
LOAD /usr/lib/gcc/x86_64-linux-gnu/4.8/crtend.o
LOAD /usr/lib/gcc/x86_64-linux-gnu/4.8/../../../x86_64-linux-gnu/crtn.o
                0x0000000000400000                PROVIDE (__executable_start, 0x400000)
                0x0000000000400238                . = (0x400000 + SIZEOF_HEADERS)

.interp         0x0000000000400238       0x1c
 *(.interp)
 .interp        0x0000000000400238       0x1c /usr/lib/gcc/x86_64-linux-gnu/4.8/../../../x86_64-linux-gnu/crt1.o

.note.ABI-tag   0x0000000000400254       0x20
 .note.ABI-tag  0x0000000000400254       0x20 /usr/lib/gcc/x86_64-linux-gnu/4.8/../../../x86_64-linux-gnu/crt1.o

.note.gnu.build-id
                0x0000000000400274       0x24
 *(.note.gnu.build-id)
 .note.gnu.build-id
                0x0000000000400274       0x24 /usr/lib/gcc/x86_64-linux-gnu/4.8/../../../x86_64-linux-gnu/crt1.o

.hash
 *(.hash)

.gnu.hash       0x0000000000400298       0x28
 *(.gnu.hash)
 .gnu.hash      0x0000000000400298       0x28 /usr/lib/gcc/x86_64-linux-gnu/4.8/../../../x86_64-linux-gnu/crt1.o

.dynsym         0x00000000004002c0      0x600
 *(.dynsym)
 .dynsym        0x00000000004002c0      0x600 /usr/lib/gcc/x86_64-linux-gnu/4.8/../../../x86_64-linux-gnu/crt1.o

.dynstr         0x00000000004008c0      0x569
 *(.dynstr)
 .dynstr        0x00000000004008c0      0x569 /usr/lib/gcc/x86_64-linux-gnu/4.8/../../../x86_64-linux-gnu/crt1.o

.gnu.version    0x0000000000400e2a       0x80
 *(.gnu.version)
 .gnu.version   0x0000000000400e2a       0x80 /usr/lib/gcc/x86_64-linux-gnu/4.8/../../../x86_64-linux-gnu/crt1.o

.gnu.version_d  0x0000000000400eb0        0x0
 *(.gnu.version_d)
 .gnu.version_d
                0x0000000000000000        0x0 /usr/lib/gcc/x86_64-linux-gnu/4.8/../../../x86_64-linux-gnu/crt1.o

.gnu.version_r  0x0000000000400eb0       0x60
 *(.gnu.version_r)
 .gnu.version_r
                0x0000000000400eb0       0x60 /usr/lib/gcc/x86_64-linux-gnu/4.8/../../../x86_64-linux-gnu/crt1.o

.rela.dyn       0x0000000000400f10       0x78
 *(.rela.init)
 *(.rela.text .rela.text.* .rela.gnu.linkonce.t.*)
 .rela.text     0x0000000000000000        0x0 /usr/lib/gcc/x86_64-linux-gnu/4.8/../../../x86_64-linux-gnu/crt1.o
 *(.rela.fini)
 *(.rela.rodata .rela.rodata.* .rela.gnu.linkonce.r.*)
 *(.rela.data .rela.data.* .rela.gnu.linkonce.d.*)
 *(.rela.tdata .rela.tdata.* .rela.gnu.linkonce.td.*)
 *(.rela.tbss .rela.tbss.* .rela.gnu.linkonce.tb.*)
 *(.rela.ctors)
 *(.rela.dtors)
 *(.rela.got)
 .rela.got      0x0000000000400f10       0x78 /usr/lib/gcc/x86_64-linux-gnu/4.8/../../../x86_64-linux-gnu/crt1.o
 *(.rela.bss .rela.bss.* .rela.gnu.linkonce.b.*)
 .rela.bss      0x0000000000000000        0x0 /usr/lib/gcc/x86_64-linux-gnu/4.8/../../../x86_64-linux-gnu/crt1.o
 *(.rela.ldata .rela.ldata.* .rela.gnu.linkonce.l.*)
 *(.rela.lbss .rela.lbss.* .rela.gnu.linkonce.lb.*)
 *(.rela.lrodata .rela.lrodata.* .rela.gnu.linkonce.lr.*)
 *(.rela.ifunc)

.rela.plt       0x0000000000400f88      0x4c8
 *(.rela.plt)
 .rela.plt      0x0000000000400f88      0x4c8 /usr/lib/gcc/x86_64-linux-gnu/4.8/../../../x86_64-linux-gnu/crt1.o
                0x0000000000401450                PROVIDE (__rela_iplt_start, .)
 *(.rela.iplt)
 .rela.iplt     0x0000000000000000        0x0 /usr/lib/gcc/x86_64-linux-gnu/4.8/../../../x86_64-linux-gnu/crt1.o
                0x0000000000401450                PROVIDE (__rela_iplt_end, .)

.init           0x0000000000401450       0x1a
 *(SORT(.init))
 .init          0x0000000000401450       0x15 /usr/lib/gcc/x86_64-linux-gnu/4.8/../../../x86_64-linux-gnu/crti.o
                0x0000000000401450                _init
 .init          0x0000000000401465        0x5 /usr/lib/gcc/x86_64-linux-gnu/4.8/../../../x86_64-linux-gnu/crtn.o

.plt            0x0000000000401470      0x340
 *(.plt)
 .plt           0x0000000000401470      0x340 /usr/lib/gcc/x86_64-linux-gnu/4.8/../../../x86_64-linux-gnu/crt1.o
                0x0000000000401480                __snprintf_chk@@GLIBC_2.3.4
                0x0000000000401490                free@@GLIBC_2.2.5
                0x00000000004014a0                ARSAL_Thread_Destroy
                0x00000000004014b0                ARNETWORK_Manager_Delete
                0x00000000004014c0                ARSAL_Thread_Create
                0x00000000004014d0                ARNETWORKAL_Manager_Delete
                0x00000000004014e0                __errno_location@@GLIBC_2.2.5
                0x00000000004014f0                unlink@@GLIBC_2.2.5
                0x0000000000401500                strncpy@@GLIBC_2.2.5
                0x0000000000401510                ARSTREAM_Reader_Delete
                0x0000000000401520                ARNETWORKAL_Manager_Unlock
                0x0000000000401530                ARSTREAM_Reader_StopReader
                0x0000000000401540                sigaction@@GLIBC_2.2.5
                0x0000000000401550                fclose@@GLIBC_2.2.5
                0x0000000000401560                ARNETWORK_Manager_New
                0x0000000000401570                rmdir@@GLIBC_2.2.5
                0x0000000000401580                __stack_chk_fail@@GLIBC_2.4
                0x0000000000401590                ARSAL_Time_GetLocalTime
                0x00000000004015a0                ARNETWORK_Manager_SendData
                0x00000000004015b0                __libc_start_main@@GLIBC_2.2.5
                0x00000000004015c0                ARSTREAM_Reader_New
                0x00000000004015d0                ARSAL_Thread_Join
                0x00000000004015e0                mkfifo@@GLIBC_2.2.5
                0x0000000000401600                ARNETWORKAL_Error_ToString
                0x0000000000401610                ARSTREAM_Reader_InitStreamAckBuffer
                0x0000000000401620                kill@@GLIBC_2.2.5
                0x0000000000401630                ARNETWORK_Error_ToString
                0x0000000000401640                ARDISCOVERY_Error_ToString
                0x0000000000401650                malloc@@GLIBC_2.2.5
                0x0000000000401660                fflush@@GLIBC_2.2.5
                0x0000000000401670                ARSAL_Print_PrintRaw
                0x0000000000401680                ARNETWORKAL_Manager_CloseWifiNetwork
                0x0000000000401690                mkdtemp@@GLIBC_2.2.5
                0x00000000004016a0                strftime@@GLIBC_2.2.5
                0x00000000004016b0                ARDISCOVERY_Connection_ControllerConnection
                0x00000000004016c0                ARSTREAM_Error_ToString
                0x00000000004016d0                ARNETWORK_Manager_Stop
                0x00000000004016e0                ARNETWORKAL_Manager_New
                0x00000000004016f0                fopen@@GLIBC_2.2.5
                0x0000000000401700                ARDISCOVERY_Connection_Delete
                0x0000000000401710                ARCOMMANDS_Generator_GenerateJumpingSumoMediaStreamingVideoEnable
                0x0000000000401720                ARSTREAM_Reader_InitStreamDataBuffer
                0x0000000000401730                fwrite@@GLIBC_2.2.5
                0x0000000000401740                execlp@@GLIBC_2.2.5
                0x0000000000401750                strerror@@GLIBC_2.2.5
                0x0000000000401760                sleep@@GLIBC_2.2.5
                0x0000000000401770                ARNETWORKAL_Manager_InitWifiNetwork
                0x0000000000401780                fork@@GLIBC_2.2.5
                0x0000000000401790                __sprintf_chk@@GLIBC_2.3.4
                0x00000000004017a0                ARDISCOVERY_Connection_New
 *(.iplt)
 .iplt          0x0000000000000000        0x0 /usr/lib/gcc/x86_64-linux-gnu/4.8/../../../x86_64-linux-gnu/crt1.o

.text           0x00000000004017b0     0x1942
 *(.text.unlikely .text.*_unlikely .text.unlikely.*)
 *(.text.exit .text.exit.*)
 *(.text.startup .text.startup.*)
 .text.startup.main
                0x00000000004017b0      0x6ae /home/heratom/Firefly-project/out/arsdk-native/build/JumpingSumoReceiveStream/obj/JumpingSumoReceiveStream.c.o
                0x00000000004017b0                main
 *(.text.hot .text.hot.*)
 *(.text .stub .text.* .gnu.linkonce.t.*)
 .text          0x0000000000401e5e       0x2a /usr/lib/gcc/x86_64-linux-gnu/4.8/../../../x86_64-linux-gnu/crt1.o
                0x0000000000401e5e                _start
 *fill*         0x0000000000401e88        0x8 
 .text          0x0000000000401e90       0xbd /usr/lib/gcc/x86_64-linux-gnu/4.8/crtbegin.o
 *fill*         0x0000000000401f4d        0x3 
 .text.signal_handler
                0x0000000000401f50        0xe /home/heratom/Firefly-project/out/arsdk-native/build/JumpingSumoReceiveStream/obj/JumpingSumoReceiveStream.c.o
 *fill*         0x0000000000401f5e        0x2 
 .text.onDisconnectNetwork
                0x0000000000401f60       0xb4 /home/heratom/Firefly-project/out/arsdk-native/build/JumpingSumoReceiveStream/obj/JumpingSumoReceiveStream.c.o
                0x0000000000401f60                onDisconnectNetwork
 *fill*         0x0000000000402014        0xc 
 .text.arnetworkCmdCallback
                0x0000000000402020       0xd4 /home/heratom/Firefly-project/out/arsdk-native/build/JumpingSumoReceiveStream/obj/JumpingSumoReceiveStream.c.o
                0x0000000000402020                arnetworkCmdCallback
 *fill*         0x00000000004020f4        0xc 
 .text.ARDISCOVERY_Connection_SendJsonCallback
                0x0000000000402100       0x97 /home/heratom/Firefly-project/out/arsdk-native/build/JumpingSumoReceiveStream/obj/JumpingSumoReceiveStream.c.o
                0x0000000000402100                ARDISCOVERY_Connection_SendJsonCallback
 *fill*         0x0000000000402197        0x9 
 .text.ARDISCOVERY_Connection_ReceiveJsonCallback
                0x00000000004021a0      0x10c /home/heratom/Firefly-project/out/arsdk-native/build/JumpingSumoReceiveStream/obj/JumpingSumoReceiveStream.c.o
                0x00000000004021a0                ARDISCOVERY_Connection_ReceiveJsonCallback
 *fill*         0x00000000004022ac        0x4 
 .text.frameCompleteCallback
                0x00000000004022b0       0x6b /home/heratom/Firefly-project/out/arsdk-native/build/JumpingSumoReceiveStream/obj/JumpingSumoReceiveStream.c.o
                0x00000000004022b0                frameCompleteCallback
 *fill*         0x000000000040231b        0x5 
 .text.ardiscoveryConnect
                0x0000000000402320      0x22d /home/heratom/Firefly-project/out/arsdk-native/build/JumpingSumoReceiveStream/obj/JumpingSumoReceiveStream.c.o
                0x0000000000402320                ardiscoveryConnect
 *fill*         0x000000000040254d        0x3 
 .text.startNetwork
                0x0000000000402550      0x3fd /home/heratom/Firefly-project/out/arsdk-native/build/JumpingSumoReceiveStream/obj/JumpingSumoReceiveStream.c.o
                0x0000000000402550                startNetwork
 *fill*         0x000000000040294d        0x3 
 .text.stopNetwork
                0x0000000000402950      0x12b /home/heratom/Firefly-project/out/arsdk-native/build/JumpingSumoReceiveStream/obj/JumpingSumoReceiveStream.c.o
                0x0000000000402950                stopNetwork
 *fill*         0x0000000000402a7b        0x5 
 .text.startVideo
                0x0000000000402a80      0x2f8 /home/heratom/Firefly-project/out/arsdk-native/build/JumpingSumoReceiveStream/obj/JumpingSumoReceiveStream.c.o
                0x0000000000402a80                startVideo
 *fill*         0x0000000000402d78        0x8 
 .text.stopVideo
                0x0000000000402d80      0x12c /home/heratom/Firefly-project/out/arsdk-native/build/JumpingSumoReceiveStream/obj/JumpingSumoReceiveStream.c.o
                0x0000000000402d80                stopVideo
 *fill*         0x0000000000402eac        0x4 
 .text.sendBeginStream
                0x0000000000402eb0      0x1cd /home/heratom/Firefly-project/out/arsdk-native/build/JumpingSumoReceiveStream/obj/JumpingSumoReceiveStream.c.o
                0x0000000000402eb0                sendBeginStream
 *fill*         0x000000000040307d        0x3 
 .text          0x0000000000403080       0x72 /usr/lib/x86_64-linux-gnu/libc_nonshared.a(elf-init.oS)
                0x0000000000403080                __libc_csu_init
                0x00000000004030f0                __libc_csu_fini
 *(.gnu.warning)

.fini           0x00000000004030f4        0x9
 *(SORT(.fini))
 .fini          0x00000000004030f4        0x4 /usr/lib/gcc/x86_64-linux-gnu/4.8/../../../x86_64-linux-gnu/crti.o
                0x00000000004030f4                _fini
 .fini          0x00000000004030f8        0x5 /usr/lib/gcc/x86_64-linux-gnu/4.8/../../../x86_64-linux-gnu/crtn.o
                0x00000000004030fd                PROVIDE (__etext, .)
                0x00000000004030fd                PROVIDE (_etext, .)
                0x00000000004030fd                PROVIDE (etext, .)

.rodata         0x0000000000403100      0x768
 *(.rodata .rodata.* .gnu.linkonce.r.*)
 .rodata.str1.1
                0x0000000000403100       0xaa /home/heratom/Firefly-project/out/arsdk-native/build/JumpingSumoReceiveStream/obj/JumpingSumoReceiveStream.c.o
 *fill*         0x00000000004031aa        0x6 
 .rodata.str1.8
                0x00000000004031b0      0x5d8 /home/heratom/Firefly-project/out/arsdk-native/build/JumpingSumoReceiveStream/obj/JumpingSumoReceiveStream.c.o
                                        0x5d3 (size before relaxing)
 *fill*         0x0000000000403788       0x18 
 .rodata        0x00000000004037a0       0xc8 /home/heratom/Firefly-project/out/arsdk-native/build/JumpingSumoReceiveStream/obj/JumpingSumoReceiveStream.c.o

.rodata1
 *(.rodata1)

.eh_frame_hdr   0x0000000000403868       0x8c
 *(.eh_frame_hdr)
 .eh_frame_hdr  0x0000000000403868       0x8c /usr/lib/gcc/x86_64-linux-gnu/4.8/../../../x86_64-linux-gnu/crt1.o

.eh_frame       0x00000000004038f8      0x404
 *(.eh_frame)
 .eh_frame      0x00000000004038f8       0x30 /usr/lib/gcc/x86_64-linux-gnu/4.8/../../../x86_64-linux-gnu/crt1.o
 .eh_frame      0x0000000000403928       0x40 /usr/lib/gcc/x86_64-linux-gnu/4.8/../../../x86_64-linux-gnu/crt1.o
 .eh_frame      0x0000000000403968      0x330 /home/heratom/Firefly-project/out/arsdk-native/build/JumpingSumoReceiveStream/obj/JumpingSumoReceiveStream.c.o
                                        0x320 (size before relaxing)
 .eh_frame      0x0000000000403c98       0x60 /usr/lib/x86_64-linux-gnu/libc_nonshared.a(elf-init.oS)
                                         0x78 (size before relaxing)
 .eh_frame      0x0000000000403cf8        0x4 /usr/lib/gcc/x86_64-linux-gnu/4.8/crtend.o

.gcc_except_table
 *(.gcc_except_table .gcc_except_table.*)

.exception_ranges
 *(.exception_ranges .exception_ranges*)
                0x0000000000403cfc                . = (ALIGN (0x200000) - ((0x200000 - .) & 0x1fffff))
                0x0000000000603d7c                . = DATA_SEGMENT_ALIGN (0x200000, 0x1000)

.eh_frame
 *(.eh_frame)

.gcc_except_table
 *(.gcc_except_table .gcc_except_table.*)

.exception_ranges
 *(.exception_ranges .exception_ranges*)

.tdata
 *(.tdata .tdata.* .gnu.linkonce.td.*)

.tbss
 *(.tbss .tbss.* .gnu.linkonce.tb.*)
 *(.tcommon)

.preinit_array  0x0000000000603d7c        0x0
                0x0000000000603d7c                PROVIDE (__preinit_array_start, .)
 *(.preinit_array)
                0x0000000000603d7c                PROVIDE (__preinit_array_end, .)

.init_array     0x0000000000603d80        0x8
                0x0000000000603d80                PROVIDE (__init_array_start, .)
 *(SORT(.init_array.*) SORT(.ctors.*))
 *(.init_array EXCLUDE_FILE(*crtend?.o *crtend.o *crtbegin?.o *crtbegin.o) .ctors)
 .init_array    0x0000000000603d80        0x8 /usr/lib/gcc/x86_64-linux-gnu/4.8/crtbegin.o
                0x0000000000603d88                PROVIDE (__init_array_end, .)

.fini_array     0x0000000000603d88        0x8
                0x0000000000603d88                PROVIDE (__fini_array_start, .)
 *(SORT(.fini_array.*) SORT(.dtors.*))
 *(.fini_array EXCLUDE_FILE(*crtend?.o *crtend.o *crtbegin?.o *crtbegin.o) .dtors)
 .fini_array    0x0000000000603d88        0x8 /usr/lib/gcc/x86_64-linux-gnu/4.8/crtbegin.o
                0x0000000000603d90                PROVIDE (__fini_array_end, .)

.ctors
 *crtbegin.o(.ctors)
 *crtbegin?.o(.ctors)
 *(EXCLUDE_FILE(*crtend?.o *crtend.o) .ctors)
 *(SORT(.ctors.*))
 *(.ctors)

.dtors
 *crtbegin.o(.dtors)
 *crtbegin?.o(.dtors)
 *(EXCLUDE_FILE(*crtend?.o *crtend.o) .dtors)
 *(SORT(.dtors.*))
 *(.dtors)

.jcr            0x0000000000603d90        0x8
 *(.jcr)
 .jcr           0x0000000000603d90        0x0 /usr/lib/gcc/x86_64-linux-gnu/4.8/crtbegin.o
 .jcr           0x0000000000603d90        0x8 /usr/lib/gcc/x86_64-linux-gnu/4.8/crtend.o

.data.rel.ro
 *(.data.rel.ro.local* .gnu.linkonce.d.rel.ro.local.*)
 *(.data.rel.ro .data.rel.ro.* .gnu.linkonce.d.rel.ro.*)

.dynamic        0x0000000000603d98      0x240
 *(.dynamic)
 .dynamic       0x0000000000603d98      0x240 /usr/lib/gcc/x86_64-linux-gnu/4.8/../../../x86_64-linux-gnu/crt1.o
                0x0000000000603d98                _DYNAMIC

.got            0x0000000000603fd8       0x28
 *(.got)
 .got           0x0000000000603fd8       0x28 /usr/lib/gcc/x86_64-linux-gnu/4.8/../../../x86_64-linux-gnu/crt1.o
 *(.igot)
                0x0000000000604fe8                . = DATA_SEGMENT_RELRO_END (., (SIZEOF (.got.plt) >= 0x18)?0x18:0x0)

.got.plt        0x0000000000604000      0x1b0
 *(.got.plt)
 .got.plt       0x0000000000604000      0x1b0 /usr/lib/gcc/x86_64-linux-gnu/4.8/../../../x86_64-linux-gnu/crt1.o
                0x0000000000604000                _GLOBAL_OFFSET_TABLE_
 *(.igot.plt)
 .igot.plt      0x0000000000000000        0x0 /usr/lib/gcc/x86_64-linux-gnu/4.8/../../../x86_64-linux-gnu/crt1.o

.data           0x00000000006041c0       0xd2
 *(.data .data.* .gnu.linkonce.d.*)
 .data          0x00000000006041c0       0xd2 /home/heratom/Firefly-project/out/arsdk-native/build/JumpingSumoReceiveStream/obj/JumpingSumoReceiveStream.c.o

.tm_clone_table
                0x0000000000604298        0x0
 .tm_clone_table
                0x0000000000604298        0x0 /usr/lib/gcc/x86_64-linux-gnu/4.8/crtbegin.o
 .tm_clone_table
                0x0000000000604298        0x0 /usr/lib/gcc/x86_64-linux-gnu/4.8/crtend.o

.data1
 *(.data1)
                0x0000000000604298                _edata = .
                0x0000000000604298                PROVIDE (edata, .)
                0x0000000000604298                . = .
                0x0000000000604298                __bss_start = .

.bss            0x00000000006042a0       0xc0
 *(.dynbss)
 .dynbss        0x0000000000000000        0x0 /usr/lib/gcc/x86_64-linux-gnu/4.8/../../../x86_64-linux-gnu/crt1.o
 *(.bss .bss.* .gnu.linkonce.b.*)
 .bss           0x00000000006042a0        0x1 /usr/lib/gcc/x86_64-linux-gnu/4.8/crtbegin.o
 *fill*         0x00000000006042a1       0x1f 
 .bss           0x00000000006042c0       0xa0 /home/heratom/Firefly-project/out/arsdk-native/build/JumpingSumoReceiveStream/obj/JumpingSumoReceiveStream.c.o
                0x00000000006042c0                g_exit
 *(COMMON)
                0x0000000000604360                . = ALIGN ((. != 0x0)?0x8:0x1)

.lbss
 *(.dynlbss)
 *(.lbss .lbss.* .gnu.linkonce.lb.*)
 *(LARGE_COMMON)
                0x0000000000604360                . = ALIGN (0x8)
                0x0000000000604360                . = SEGMENT_START ("ldata-segment", .)

.lrodata
 *(.lrodata .lrodata.* .gnu.linkonce.lr.*)

.ldata          0x0000000000a04360        0x0
 *(.ldata .ldata.* .gnu.linkonce.l.*)
                0x0000000000a04360                . = ALIGN ((. != 0x0)?0x8:0x1)
                0x0000000000a04360                . = ALIGN (0x8)
                0x0000000000a04360                _end = .
                0x0000000000a04360                PROVIDE (end, .)
                0x0000000000a04360                . = DATA_SEGMENT_END (.)

.stab
 *(.stab)

.stabstr
 *(.stabstr)

.stab.excl
 *(.stab.excl)

.stab.exclstr
 *(.stab.exclstr)

.stab.index
 *(.stab.index)

.stab.indexstr
 *(.stab.indexstr)

.comment        0x0000000000000000       0x4f
 *(.comment)
 .comment       0x0000000000000000       0x2b /usr/lib/gcc/x86_64-linux-gnu/4.8/crtbegin.o
                                         0x2c (size before relaxing)
 .comment       0x0000000000000000       0x2c /home/heratom/Firefly-project/out/arsdk-native/build/JumpingSumoReceiveStream/obj/JumpingSumoReceiveStream.c.o
 .comment       0x000000000000002b       0x24 /usr/lib/x86_64-linux-gnu/libc_nonshared.a(elf-init.oS)
                                         0x25 (size before relaxing)
 .comment       0x0000000000000000       0x2c /usr/lib/gcc/x86_64-linux-gnu/4.8/crtend.o

.debug
 *(.debug)

.line
 *(.line)

.debug_srcinfo
 *(.debug_srcinfo)

.debug_sfnames
 *(.debug_sfnames)

.debug_aranges  0x0000000000000000       0xf0
 *(.debug_aranges)
 .debug_aranges
                0x0000000000000000       0xf0 /home/heratom/Firefly-project/out/arsdk-native/build/JumpingSumoReceiveStream/obj/JumpingSumoReceiveStream.c.o

.debug_pubnames
 *(.debug_pubnames)

.debug_info     0x0000000000000000     0x3e5d
 *(.debug_info .gnu.linkonce.wi.*)
 .debug_info    0x0000000000000000     0x3e5d /home/heratom/Firefly-project/out/arsdk-native/build/JumpingSumoReceiveStream/obj/JumpingSumoReceiveStream.c.o

.debug_abbrev   0x0000000000000000      0x4a8
 *(.debug_abbrev)
 .debug_abbrev  0x0000000000000000      0x4a8 /home/heratom/Firefly-project/out/arsdk-native/build/JumpingSumoReceiveStream/obj/JumpingSumoReceiveStream.c.o

.debug_line     0x0000000000000000      0x764
 *(.debug_line .debug_line.* .debug_line_end)
 .debug_line    0x0000000000000000      0x764 /home/heratom/Firefly-project/out/arsdk-native/build/JumpingSumoReceiveStream/obj/JumpingSumoReceiveStream.c.o

.debug_frame
 *(.debug_frame)

.debug_str      0x0000000000000000     0x20eb
 *(.debug_str)
 .debug_str     0x0000000000000000     0x20eb /home/heratom/Firefly-project/out/arsdk-native/build/JumpingSumoReceiveStream/obj/JumpingSumoReceiveStream.c.o
                                       0x21c7 (size before relaxing)

.debug_loc      0x0000000000000000     0x130a
 *(.debug_loc)
 .debug_loc     0x0000000000000000     0x130a /home/heratom/Firefly-project/out/arsdk-native/build/JumpingSumoReceiveStream/obj/JumpingSumoReceiveStream.c.o

.debug_macinfo
 *(.debug_macinfo)

.debug_weaknames
 *(.debug_weaknames)

.debug_funcnames
 *(.debug_funcnames)

.debug_typenames
 *(.debug_typenames)

.debug_varnames
 *(.debug_varnames)

.debug_pubtypes
 *(.debug_pubtypes)

.debug_ranges   0x0000000000000000      0x420
 *(.debug_ranges)
 .debug_ranges  0x0000000000000000      0x420 /home/heratom/Firefly-project/out/arsdk-native/build/JumpingSumoReceiveStream/obj/JumpingSumoReceiveStream.c.o

.debug_macro
 *(.debug_macro)

.gnu.attributes
 *(.gnu.attributes)

/DISCARD/
 *(.note.GNU-stack)
 *(.gnu_debuglink)
 *(.gnu.lto_*)
OUTPUT(/home/heratom/Firefly-project/out/arsdk-native/build/JumpingSumoReceiveStream/JumpingSumoReceiveStream elf64-x86-64)
