
As-needed library included to satisfy reference by file (symbol)

libarsal.so                   /home/heratom/Firefly-project/out/arsdk-native/build/libARController/obj/Sources/ARCONTROLLER_StreamQueue.c.o (ARSAL_Sem_Wait)
libardiscovery.so             /home/heratom/Firefly-project/out/arsdk-native/build/libARController/obj/Sources/ARCONTROLLER_Network.c.o (ARDISCOVERY_Device_WifiAddConnectionCallbacks)
libarcommands.so              /home/heratom/Firefly-project/out/arsdk-native/build/libARController/obj/gen/Sources/ARCONTROLLER_Feature.c.o (ARCOMMANDS_Decoder_SetUnknownFeature1GeographicConfigChangedCallback)
libarstream.so                /home/heratom/Firefly-project/out/arsdk-native/build/libARController/obj/Sources/ARCONTROLLER_Stream1.c.o (ARSTREAM_Reader_New)
libarstream2.so               /home/heratom/Firefly-project/out/arsdk-native/build/libARController/obj/Sources/ARCONTROLLER_Stream2.c.o (ARSTREAM2_StreamReceiver_RunControlThread)
libarnetworkal.so             /home/heratom/Firefly-project/out/arsdk-native/build/libARController/obj/Sources/ARCONTROLLER_Network.c.o (ARNETWORKAL_Error_ToString)
libarnetwork.so               /home/heratom/Firefly-project/out/arsdk-native/build/libARController/obj/Sources/ARCONTROLLER_Network.c.o (ARNETWORK_Manager_ReceivingThreadRun)
libjson.so                    /home/heratom/Firefly-project/out/arsdk-native/build/libARController/obj/gen/Sources/ARCONTROLLER_Device.c.o (json_object_new_string)
libc.so.6                     /home/heratom/Firefly-project/out/arsdk-native/build/libARController/obj/Sources/ARCONTROLLER_Dictionary.c.o (exit@@GLIBC_2.2.5)

Discarded input sections

 .text          0x0000000000000000        0x0 /usr/lib/gcc/x86_64-linux-gnu/4.8/../../../x86_64-linux-gnu/crti.o
 .data          0x0000000000000000        0x0 /usr/lib/gcc/x86_64-linux-gnu/4.8/../../../x86_64-linux-gnu/crti.o
 .bss           0x0000000000000000        0x0 /usr/lib/gcc/x86_64-linux-gnu/4.8/../../../x86_64-linux-gnu/crti.o
 .note.GNU-stack
                0x0000000000000000        0x0 /usr/lib/gcc/x86_64-linux-gnu/4.8/../../../x86_64-linux-gnu/crti.o
 .gnu_debuglink
                0x0000000000000000        0xc /usr/lib/gcc/x86_64-linux-gnu/4.8/../../../x86_64-linux-gnu/crti.o
 .data          0x0000000000000000        0x0 /usr/lib/gcc/x86_64-linux-gnu/4.8/crtbeginS.o
 .note.GNU-stack
                0x0000000000000000        0x0 /usr/lib/gcc/x86_64-linux-gnu/4.8/crtbeginS.o
 .text          0x0000000000000000        0x0 /home/heratom/Firefly-project/out/arsdk-native/build/libARController/obj/Sources/ARCONTROLLER_Dictionary.c.o
 .data          0x0000000000000000        0x0 /home/heratom/Firefly-project/out/arsdk-native/build/libARController/obj/Sources/ARCONTROLLER_Dictionary.c.o
 .bss           0x0000000000000000        0x0 /home/heratom/Firefly-project/out/arsdk-native/build/libARController/obj/Sources/ARCONTROLLER_Dictionary.c.o
 .note.GNU-stack
                0x0000000000000000        0x0 /home/heratom/Firefly-project/out/arsdk-native/build/libARController/obj/Sources/ARCONTROLLER_Dictionary.c.o
 .text          0x0000000000000000        0x0 /home/heratom/Firefly-project/out/arsdk-native/build/libARController/obj/Sources/ARCONTROLLER_Frame.c.o
 .data          0x0000000000000000        0x0 /home/heratom/Firefly-project/out/arsdk-native/build/libARController/obj/Sources/ARCONTROLLER_Frame.c.o
 .bss           0x0000000000000000        0x0 /home/heratom/Firefly-project/out/arsdk-native/build/libARController/obj/Sources/ARCONTROLLER_Frame.c.o
 .note.GNU-stack
                0x0000000000000000        0x0 /home/heratom/Firefly-project/out/arsdk-native/build/libARController/obj/Sources/ARCONTROLLER_Frame.c.o
 .text          0x0000000000000000        0x0 /home/heratom/Firefly-project/out/arsdk-native/build/libARController/obj/Sources/ARCONTROLLER_Network.c.o
 .data          0x0000000000000000        0x0 /home/heratom/Firefly-project/out/arsdk-native/build/libARController/obj/Sources/ARCONTROLLER_Network.c.o
 .bss           0x0000000000000000        0x0 /home/heratom/Firefly-project/out/arsdk-native/build/libARController/obj/Sources/ARCONTROLLER_Network.c.o
 .note.GNU-stack
                0x0000000000000000        0x0 /home/heratom/Firefly-project/out/arsdk-native/build/libARController/obj/Sources/ARCONTROLLER_Network.c.o
 .text          0x0000000000000000        0x0 /home/heratom/Firefly-project/out/arsdk-native/build/libARController/obj/Sources/ARCONTROLLER_Stream.c.o
 .data          0x0000000000000000        0x0 /home/heratom/Firefly-project/out/arsdk-native/build/libARController/obj/Sources/ARCONTROLLER_Stream.c.o
 .bss           0x0000000000000000        0x0 /home/heratom/Firefly-project/out/arsdk-native/build/libARController/obj/Sources/ARCONTROLLER_Stream.c.o
 .note.GNU-stack
                0x0000000000000000        0x0 /home/heratom/Firefly-project/out/arsdk-native/build/libARController/obj/Sources/ARCONTROLLER_Stream.c.o
[...]
Memory Configuration

Name             Origin             Length             Attributes
*default*        0x0000000000000000 0xffffffffffffffff

Linker script and memory map

LOAD /usr/lib/gcc/x86_64-linux-gnu/4.8/../../../x86_64-linux-gnu/crti.o
LOAD /usr/lib/gcc/x86_64-linux-gnu/4.8/crtbeginS.o
LOAD /home/heratom/Firefly-project/out/arsdk-native/build/libARController/obj/Sources/ARCONTROLLER_Dictionary.c.o
LOAD /home/heratom/Firefly-project/out/arsdk-native/build/libARController/obj/Sources/ARCONTROLLER_Frame.c.o
LOAD /home/heratom/Firefly-project/out/arsdk-native/build/libARController/obj/Sources/ARCONTROLLER_Network.c.o
LOAD /home/heratom/Firefly-project/out/arsdk-native/build/libARController/obj/Sources/ARCONTROLLER_Stream.c.o
LOAD /home/heratom/Firefly-project/out/arsdk-native/build/libARController/obj/Sources/ARCONTROLLER_StreamPool.c.o
LOAD /home/heratom/Firefly-project/out/arsdk-native/build/libARController/obj/Sources/ARCONTROLLER_StreamQueue.c.o
LOAD /home/heratom/Firefly-project/out/arsdk-native/build/libARController/obj/Sources/ARCONTROLLER_Stream1.c.o
LOAD /home/heratom/Firefly-project/out/arsdk-native/build/libARController/obj/Sources/ARCONTROLLER_Stream2.c.o
LOAD /home/heratom/Firefly-project/out/arsdk-native/build/libARController/obj/gen/Sources/ARCONTROLLER_Device.c.o
LOAD /home/heratom/Firefly-project/out/arsdk-native/build/libARController/obj/gen/Sources/ARCONTROLLER_DICTIONARY_Key.c.o
LOAD /home/heratom/Firefly-project/out/arsdk-native/build/libARController/obj/gen/Sources/ARCONTROLLER_Error.c.o
LOAD /home/heratom/Firefly-project/out/arsdk-native/build/libARController/obj/gen/Sources/ARCONTROLLER_Feature.c.o
LOAD /home/heratom/Firefly-project/out/arsdk-native/staging/usr/lib/libarsal.so
LOAD /home/heratom/Firefly-project/out/arsdk-native/staging/usr/lib/libardiscovery.so
LOAD /home/heratom/Firefly-project/out/arsdk-native/staging/usr/lib/libarcommands.so
LOAD /home/heratom/Firefly-project/out/arsdk-native/staging/usr/lib/libarutils.so
LOAD /home/heratom/Firefly-project/out/arsdk-native/staging/usr/lib/libarstream.so
LOAD /home/heratom/Firefly-project/out/arsdk-native/staging/usr/lib/libarstream2.so
LOAD /home/heratom/Firefly-project/out/arsdk-native/staging/usr/lib/libarnetworkal.so
LOAD /home/heratom/Firefly-project/out/arsdk-native/staging/usr/lib/libarnetwork.so
LOAD /home/heratom/Firefly-project/out/arsdk-native/staging/usr/lib/libjson.so
LOAD /usr/lib/gcc/x86_64-linux-gnu/4.8/../../../x86_64-linux-gnu/librt.so
LOAD /usr/lib/gcc/x86_64-linux-gnu/4.8/libstdc++.so
LOAD /usr/lib/gcc/x86_64-linux-gnu/4.8/../../../x86_64-linux-gnu/libm.so
LOAD /usr/lib/gcc/x86_64-linux-gnu/4.8/libgcc_s.so
LOAD /usr/lib/gcc/x86_64-linux-gnu/4.8/../../../x86_64-linux-gnu/libpthread.so
START GROUP
LOAD /lib/x86_64-linux-gnu/libpthread.so.0
LOAD /usr/lib/x86_64-linux-gnu/libpthread_nonshared.a
END GROUP
LOAD /usr/lib/gcc/x86_64-linux-gnu/4.8/../../../x86_64-linux-gnu/libc.so
START GROUP
LOAD /lib/x86_64-linux-gnu/libc.so.6
LOAD /usr/lib/x86_64-linux-gnu/libc_nonshared.a
LOAD /lib/x86_64-linux-gnu/ld-linux-x86-64.so.2
END GROUP
LOAD /usr/lib/gcc/x86_64-linux-gnu/4.8/libgcc_s.so
LOAD /usr/lib/gcc/x86_64-linux-gnu/4.8/crtendS.o
LOAD /usr/lib/gcc/x86_64-linux-gnu/4.8/../../../x86_64-linux-gnu/crtn.o
                0x00000000000001c8                . = (0x0 + SIZEOF_HEADERS)

.note.gnu.build-id
                0x00000000000001c8       0x24
 *(.note.gnu.build-id)
 .note.gnu.build-id
                0x00000000000001c8       0x24 /usr/lib/gcc/x86_64-linux-gnu/4.8/../../../x86_64-linux-gnu/crti.o

.hash
 *(.hash)

.gnu.hash       0x00000000000001f0     0x28a4
 *(.gnu.hash)
 .gnu.hash      0x00000000000001f0     0x28a4 /usr/lib/gcc/x86_64-linux-gnu/4.8/../../../x86_64-linux-gnu/crti.o

.dynsym         0x0000000000002a98     0xa998
 *(.dynsym)
 .dynsym        0x0000000000002a98     0xa998 /usr/lib/gcc/x86_64-linux-gnu/4.8/../../../x86_64-linux-gnu/crti.o

.dynstr         0x000000000000d430    0x1ce15
 *(.dynstr)
 .dynstr        0x000000000000d430    0x1ce15 /usr/lib/gcc/x86_64-linux-gnu/4.8/../../../x86_64-linux-gnu/crti.o

.gnu.version    0x000000000002a246      0xe22
 *(.gnu.version)
 .gnu.version   0x000000000002a246      0xe22 /usr/lib/gcc/x86_64-linux-gnu/4.8/../../../x86_64-linux-gnu/crti.o

.gnu.version_d  0x000000000002b068        0x0
 *(.gnu.version_d)
 .gnu.version_d
                0x0000000000000000        0x0 /usr/lib/gcc/x86_64-linux-gnu/4.8/../../../x86_64-linux-gnu/crti.o

.gnu.version_r  0x000000000002b068       0x50
 *(.gnu.version_r)
 .gnu.version_r
                0x000000000002b068       0x50 /usr/lib/gcc/x86_64-linux-gnu/4.8/../../../x86_64-linux-gnu/crti.o

.rela.dyn       0x000000000002b0b8     0x7860
 *(.rela.init)
 *(.rela.text .rela.text.* .rela.gnu.linkonce.t.*)
 .rela.text     0x0000000000000000        0x0 /usr/lib/gcc/x86_64-linux-gnu/4.8/../../../x86_64-linux-gnu/crti.o
 *(.rela.fini)
 *(.rela.rodata .rela.rodata.* .rela.gnu.linkonce.r.*)
 *(.rela.data .rela.data.* .rela.gnu.linkonce.d.*)
 .rela.data.rel
                0x000000000002b0b8       0x18 /usr/lib/gcc/x86_64-linux-gnu/4.8/../../../x86_64-linux-gnu/crti.o
 .rela.data.rel.local
                0x000000000002b0d0     0x2688 /usr/lib/gcc/x86_64-linux-gnu/4.8/../../../x86_64-linux-gnu/crti.o
 *(.rela.tdata .rela.tdata.* .rela.gnu.linkonce.td.*)
 *(.rela.tbss .rela.tbss.* .rela.gnu.linkonce.tb.*)
 *(.rela.ctors)
 *(.rela.dtors)
 *(.rela.got)
 .rela.got      0x000000000002d758     0x5190 /usr/lib/gcc/x86_64-linux-gnu/4.8/../../../x86_64-linux-gnu/crti.o
 *(.rela.bss .rela.bss.* .rela.gnu.linkonce.b.*)
 *(.rela.ldata .rela.ldata.* .rela.gnu.linkonce.l.*)
 *(.rela.lbss .rela.lbss.* .rela.gnu.linkonce.lb.*)
 *(.rela.lrodata .rela.lrodata.* .rela.gnu.linkonce.lr.*)
 *(.rela.ifunc)
 .rela.ifunc    0x0000000000000000        0x0 /usr/lib/gcc/x86_64-linux-gnu/4.8/../../../x86_64-linux-gnu/crti.o
 .rela.fini_array
                0x00000000000328e8       0x18 /usr/lib/gcc/x86_64-linux-gnu/4.8/../../../x86_64-linux-gnu/crti.o
 .rela.init_array
                0x0000000000032900       0x18 /usr/lib/gcc/x86_64-linux-gnu/4.8/../../../x86_64-linux-gnu/crti.o

.rela.plt       0x0000000000032918     0x5448
 *(.rela.plt)
 .rela.plt      0x0000000000032918     0x5448 /usr/lib/gcc/x86_64-linux-gnu/4.8/../../../x86_64-linux-gnu/crti.o
 *(.rela.iplt)

.init           0x0000000000037d60       0x1a
 *(SORT(.init))
 .init          0x0000000000037d60       0x15 /usr/lib/gcc/x86_64-linux-gnu/4.8/../../../x86_64-linux-gnu/crti.o
                0x0000000000037d60                _init
 .init          0x0000000000037d75        0x5 /usr/lib/gcc/x86_64-linux-gnu/4.8/../../../x86_64-linux-gnu/crtn.o

.plt            0x0000000000037d80     0x3840
 *(.plt)
 .plt           0x0000000000037d80     0x3840 /usr/lib/gcc/x86_64-linux-gnu/4.8/../../../x86_64-linux-gnu/crti.o
 *(.iplt)

.text           0x000000000003b5c0    0xfa190
 *(.text.unlikely .text.*_unlikely .text.unlikely.*)
 *(.text.exit .text.exit.*)
 *(.text.startup .text.startup.*)
 *(.text.hot .text.hot.*)
 *(.text .stub .text.* .gnu.linkonce.t.*)
 .text          0x000000000003b5c0       0xe5 /usr/lib/gcc/x86_64-linux-gnu/4.8/crtbeginS.o
 *fill*         0x000000000003b6a5        0xb 
 .text.ARCONTROLLER_Dictionary_DeleteCallbackList
                0x000000000003b6b0       0x9c /home/heratom/Firefly-project/out/arsdk-native/build/libARController/obj/Sources/ARCONTROLLER_Dictionary.c.o
                0x000000000003b6b0                ARCONTROLLER_Dictionary_DeleteCallbackList
 *fill*         0x000000000003b74c        0x4 
 .text.ARCONTROLLER_Dictionary_Delete
                0x000000000003b750       0x32 /home/heratom/Firefly-project/out/arsdk-native/build/libARController/obj/Sources/ARCONTROLLER_Dictionary.c.o
                0x000000000003b750                ARCONTROLLER_Dictionary_Delete
 *fill*         0x000000000003b782        0xe 
 .text.ARCONTROLLER_Dictionary_New
                0x000000000003b790       0x56 /home/heratom/Firefly-project/out/arsdk-native/build/libARController/obj/Sources/ARCONTROLLER_Dictionary.c.o
                0x000000000003b790                ARCONTROLLER_Dictionary_New
 *fill*         0x000000000003b7e6        0xa 
 .text.ARCONTROLLER_Dictionary_AddCallbackInList
                0x000000000003b7f0       0x75 /home/heratom/Firefly-project/out/arsdk-native/build/libARController/obj/Sources/ARCONTROLLER_Dictionary.c.o
                0x000000000003b7f0                ARCONTROLLER_Dictionary_AddCallbackInList
 *fill*         0x000000000003b865        0xb 
 .text.ARCONTROLLER_Dictionary_DeleteDictionary
                0x000000000003b870      0x17c /home/heratom/Firefly-project/out/arsdk-native/build/libARController/obj/Sources/ARCONTROLLER_Dictionary.c.o
                0x000000000003b870                ARCONTROLLER_Dictionary_DeleteDictionary
 *fill*         0x000000000003b9ec        0x4 
 .text.ARCONTROLLER_DICTIONARY_NotifyAllCallbackInList
                0x000000000003b9f0       0x3d /home/heratom/Firefly-project/out/arsdk-native/build/libARController/obj/Sources/ARCONTROLLER_Dictionary.c.o
                0x000000000003b9f0                ARCONTROLLER_DICTIONARY_NotifyAllCallbackInList
 *fill*         0x000000000003ba2d        0x3 
 .text.ARCONTROLLER_Dictionary_Notify
                0x000000000003ba30      0x129 /home/heratom/Firefly-project/out/arsdk-native/build/libARController/obj/Sources/ARCONTROLLER_Dictionary.c.o
                0x000000000003ba30                ARCONTROLLER_Dictionary_Notify
 *fill*         0x000000000003bb59        0x7 
 .text.ARCONTROLLER_DICTIONARY_ElementCompare
                0x000000000003bb60       0x1f /home/heratom/Firefly-project/out/arsdk-native/build/libARController/obj/Sources/ARCONTROLLER_Dictionary.c.o
                0x000000000003bb60                ARCONTROLLER_DICTIONARY_ElementCompare
 *fill*         0x000000000003bb7f        0x1 
 .text.ARCONTROLLER_Dictionary_AddCallback
                0x000000000003bb80       0x9d /home/heratom/Firefly-project/out/arsdk-native/build/libARController/obj/Sources/ARCONTROLLER_Dictionary.c.o
                0x000000000003bb80                ARCONTROLLER_Dictionary_AddCallback
 *fill*         0x000000000003bc1d        0x3 
 .text.ARCONTROLLER_Dictionary_AddDictionaryElement
                0x000000000003bc20      0x5b1 /home/heratom/Firefly-project/out/arsdk-native/build/libARController/obj/Sources/ARCONTROLLER_Dictionary.c.o
                0x000000000003bc20                ARCONTROLLER_Dictionary_AddDictionaryElement
 *fill*         0x000000000003c1d1        0xf 
 .text.ARCONTROLLER_Dictionary_RemoveCallbackFromList
                0x000000000003c1e0       0xd4 /home/heratom/Firefly-project/out/arsdk-native/build/libARController/obj/Sources/ARCONTROLLER_Dictionary.c.o
                0x000000000003c1e0                ARCONTROLLER_Dictionary_RemoveCallbackFromList
 *fill*         0x000000000003c2b4        0xc 
 .text.ARCONTROLLER_Dictionary_RemoveCallback
                0x000000000003c2c0       0x1e /home/heratom/Firefly-project/out/arsdk-native/build/libARController/obj/Sources/ARCONTROLLER_Dictionary.c.o
                0x000000000003c2c0                ARCONTROLLER_Dictionary_RemoveCallback
 *fill*         0x000000000003c2de        0x2 
 .text.ARCONTROLLER_Dictionary_RemoveDictionaryElement
                0x000000000003c2e0      0x146 /home/heratom/Firefly-project/out/arsdk-native/build/libARController/obj/Sources/ARCONTROLLER_Dictionary.c.o
                0x000000000003c2e0                ARCONTROLLER_Dictionary_RemoveDictionaryElement
 *fill*         0x000000000003c426        0xa 
 .text.ARCONTROLLER_Frame_NewWithCapacity
                0x000000000003c430       0xb0 /home/heratom/Firefly-project/out/arsdk-native/build/libARController/obj/Sources/ARCONTROLLER_Frame.c.o
                0x000000000003c430                ARCONTROLLER_Frame_NewWithCapacity
 .text.ARCONTROLLER_Frame_New
                0x000000000003c4e0        0xd /home/heratom/Firefly-project/out/arsdk-native/build/libARController/obj/Sources/ARCONTROLLER_Frame.c.o
                0x000000000003c4e0                ARCONTROLLER_Frame_New
 *fill*         0x000000000003c4ed        0x3 
 .text.ARCONTROLLER_Frame_Delete
                0x000000000003c4f0       0x48 /home/heratom/Firefly-project/out/arsdk-native/build/libARController/obj/Sources/ARCONTROLLER_Frame.c.o
                0x000000000003c4f0                ARCONTROLLER_Frame_Delete
 *fill*         0x000000000003c538        0x8 
 .text.ARCONTROLLER_Frame_ensureCapacityIsAtLeast
                0x000000000003c540       0x8a /home/heratom/Firefly-project/out/arsdk-native/build/libARController/obj/Sources/ARCONTROLLER_Frame.c.o
                0x000000000003c540                ARCONTROLLER_Frame_ensureCapacityIsAtLeast
 *fill*         0x000000000003c5ca        0x6 
 .text.ARCONTROLLER_Frame_SetFree
                0x000000000003c5d0       0x38 /home/heratom/Firefly-project/out/arsdk-native/build/libARController/obj/Sources/ARCONTROLLER_Frame.c.o
                0x000000000003c5d0                ARCONTROLLER_Frame_SetFree
 *fill*         0x000000000003c608        0x8 
 .text.ARCONTROLLER_Network_OnDisconnectNetwork
                0x000000000003c610       0x22 /home/heratom/Firefly-project/out/arsdk-native/build/libARController/obj/Sources/ARCONTROLLER_Network.c.o
                0x000000000003c610                ARCONTROLLER_Network_OnDisconnectNetwork
 *fill*         0x000000000003c632        0xe 
 .text.ARCONTROLLER_Network_OnSendJson
                0x000000000003c640       0x69 /home/heratom/Firefly-project/out/arsdk-native/build/libARController/obj/Sources/ARCONTROLLER_Network.c.o
                0x000000000003c640                ARCONTROLLER_Network_OnSendJson
 *fill*         0x000000000003c6a9        0x7 
 .text.ARCONTROLLER_Network_OnReceiveJson
                0x000000000003c6b0       0x69 /home/heratom/Firefly-project/out/arsdk-native/build/libARController/obj/Sources/ARCONTROLLER_Network.c.o
                0x000000000003c6b0                ARCONTROLLER_Network_OnReceiveJson
 *fill*         0x000000000003c719        0x7 
 .text.ARCONTROLLER_Network_ReaderRun
                0x000000000003c720      0x3ab /home/heratom/Firefly-project/out/arsdk-native/build/libARController/obj/Sources/ARCONTROLLER_Network.c.o
                0x000000000003c720                ARCONTROLLER_Network_ReaderRun
 *fill*         0x000000000003cacb        0x5 
 .text.ARCONTROLLER_Network_SendingCallback
                0x000000000003cad0      0x13c /home/heratom/Firefly-project/out/arsdk-native/build/libARController/obj/Sources/ARCONTROLLER_Network.c.o
                0x000000000003cad0                ARCONTROLLER_Network_SendingCallback
 *fill*         0x000000000003cc0c        0x4 
 .text.ARCONTROLLER_Network_Pause
                0x000000000003cc10      0x1d5 /home/heratom/Firefly-project/out/arsdk-native/build/libARController/obj/Sources/ARCONTROLLER_Network.c.o
                0x000000000003cc10                ARCONTROLLER_Network_Pause
 *fill*         0x000000000003cde5        0xb 
 .text.ARCONTROLLER_Network_Resume
                0x000000000003cdf0      0x1c2 /home/heratom/Firefly-project/out/arsdk-native/build/libARController/obj/Sources/ARCONTROLLER_Network.c.o
                0x000000000003cdf0                ARCONTROLLER_Network_Resume
 *fill*         0x000000000003cfb2        0xe 
 .text.ARCONTROLLER_Network_SetVideoReceiveCallback
                0x000000000003cfc0       0x82 /home/heratom/Firefly-project/out/arsdk-native/build/libARController/obj/Sources/ARCONTROLLER_Network.c.o
                0x000000000003cfc0                ARCONTROLLER_Network_SetVideoReceiveCallback
 *fill*         0x000000000003d042        0xe 
 .text.ARCONTROLLER_Network_StartVideoStream
                0x000000000003d050       0x5c /home/heratom/Firefly-project/out/arsdk-native/build/libARController/obj/Sources/ARCONTROLLER_Network.c.o
                0x000000000003d050                ARCONTROLLER_Network_StartVideoStream
 *fill*         0x000000000003d0ac        0x4 
 .text.ARCONTROLLER_Network_StopVideoStream
                0x000000000003d0b0       0x58 /home/heratom/Firefly-project/out/arsdk-native/build/libARController/obj/Sources/ARCONTROLLER_Network.c.o
                0x000000000003d0b0                ARCONTROLLER_Network_StopVideoStream
 *fill*         0x000000000003d108        0x8 
 .text.ARCONTROLLER_Network_SetVideoStreamMP4Compliant
                0x000000000003d110       0x6b /home/heratom/Firefly-project/out/arsdk-native/build/libARController/obj/Sources/ARCONTROLLER_Network.c.o
                0x000000000003d110                ARCONTROLLER_Network_SetVideoStreamMP4Compliant
 *fill*         0x000000000003d17b        0x5 
 .text.ARCONTROLLER_Network_SendData
                0x000000000003d180      0x1ef /home/heratom/Firefly-project/out/arsdk-native/build/libARController/obj/Sources/ARCONTROLLER_Network.c.o
                0x000000000003d180                ARCONTROLLER_Network_SendData
 *fill*         0x000000000003d36f        0x1 
 .text.ARCONTROLLER_Network_CreateNetworkThreads
                0x000000000003d370      0x179 /home/heratom/Firefly-project/out/arsdk-native/build/libARController/obj/Sources/ARCONTROLLER_Network.c.o
                0x000000000003d370                ARCONTROLLER_Network_CreateNetworkThreads
 *fill*         0x000000000003d4e9        0x7 
 .text.ARCONTROLLER_Network_StopNetworkThreads
                0x000000000003d4f0       0x6b /home/heratom/Firefly-project/out/arsdk-native/build/libARController/obj/Sources/ARCONTROLLER_Network.c.o
                0x000000000003d4f0                ARCONTROLLER_Network_StopNetworkThreads
 *fill*         0x000000000003d55b        0x5 
 .text.ARCONTROLLER_Network_CreateReaderThreads
                0x000000000003d560      0x275 /home/heratom/Firefly-project/out/arsdk-native/build/libARController/obj/Sources/ARCONTROLLER_Network.c.o
                0x000000000003d560                ARCONTROLLER_Network_CreateReaderThreads
 *fill*         0x000000000003d7d5        0xb 
 .text.ARCONTROLLER_Network_StopReaderThreads
                0x000000000003d7e0       0xb0 /home/heratom/Firefly-project/out/arsdk-native/build/libARController/obj/Sources/ARCONTROLLER_Network.c.o
                0x000000000003d7e0                ARCONTROLLER_Network_StopReaderThreads
 .text.ARCONTROLLER_Network_Delete
                0x000000000003d890       0x89 /home/heratom/Firefly-project/out/arsdk-native/build/libARController/obj/Sources/ARCONTROLLER_Network.c.o
                0x000000000003d890                ARCONTROLLER_Network_Delete
 *fill*         0x000000000003d919        0x7 
 .text.ARCONTROLLER_Network_New
                0x000000000003d920      0x5a3 /home/heratom/Firefly-project/out/arsdk-native/build/libARController/obj/Sources/ARCONTROLLER_Network.c.o
                0x000000000003d920                ARCONTROLLER_Network_New
 *fill*         0x000000000003dec3        0xd 
 .text.ARCONTROLLER_Stream_SetMP4Compliant
                0x000000000003ded0       0x34 /home/heratom/Firefly-project/out/arsdk-native/build/libARController/obj/Sources/ARCONTROLLER_Stream.c.o
                0x000000000003ded0                ARCONTROLLER_Stream_SetMP4Compliant
 *fill*         0x000000000003df04        0xc 
 .text.ARCONTROLLER_Stream_Stop
                0x000000000003df10       0x76 /home/heratom/Firefly-project/out/arsdk-native/build/libARController/obj/Sources/ARCONTROLLER_Stream.c.o
                0x000000000003df10                ARCONTROLLER_Stream_Stop
 *fill*         0x000000000003df86        0xa 
 .text.ARCONTROLLER_Stream_Delete
                0x000000000003df90       0x3f /home/heratom/Firefly-project/out/arsdk-native/build/libARController/obj/Sources/ARCONTROLLER_Stream.c.o
                0x000000000003df90                ARCONTROLLER_Stream_Delete
 *fill*         0x000000000003dfcf        0x1 
 .text.ARCONTROLLER_Stream_New
                0x000000000003dfd0       0xfc /home/heratom/Firefly-project/out/arsdk-native/build/libARController/obj/Sources/ARCONTROLLER_Stream.c.o
                0x000000000003dfd0                ARCONTROLLER_Stream_New
 *fill*         0x000000000003e0cc        0x4 
 .text.ARCONTROLLER_Stream_Start
                0x000000000003e0d0       0x6d /home/heratom/Firefly-project/out/arsdk-native/build/libARController/obj/Sources/ARCONTROLLER_Stream.c.o
                0x000000000003e0d0                ARCONTROLLER_Stream_Start
 *fill*         0x000000000003e13d        0x3 
 .text.ARCONTROLLER_Stream_SetReceiveFrameCallback
                0x000000000003e140       0x58 /home/heratom/Firefly-project/out/arsdk-native/build/libARController/obj/Sources/ARCONTROLLER_Stream.c.o
                0x000000000003e140                ARCONTROLLER_Stream_SetReceiveFrameCallback
 *fill*         0x000000000003e198        0x8 
 .text.ARCONTROLLER_Stream_OnSendJson
                0x000000000003e1a0       0x1e /home/heratom/Firefly-project/out/arsdk-native/build/libARController/obj/Sources/ARCONTROLLER_Stream.c.o
                0x000000000003e1a0                ARCONTROLLER_Stream_OnSendJson
 *fill*         0x000000000003e1be        0x2 
 .text.ARCONTROLLER_Stream_OnReceiveJson
                0x000000000003e1c0       0x44 /home/heratom/Firefly-project/out/arsdk-native/build/libARController/obj/Sources/ARCONTROLLER_Stream.c.o
                0x000000000003e1c0                ARCONTROLLER_Stream_OnReceiveJson
 *fill*         0x000000000003e204        0xc 
 .text.ARCONTROLLER_StreamPool_Delete
                0x000000000003e210       0x77 /home/heratom/Firefly-project/out/arsdk-native/build/libARController/obj/Sources/ARCONTROLLER_StreamPool.c.o
                0x000000000003e210                ARCONTROLLER_StreamPool_Delete
 *fill*         0x000000000003e287        0x9 
 .text.ARCONTROLLER_StreamPool_New
                0x000000000003e290       0xef /home/heratom/Firefly-project/out/arsdk-native/build/libARController/obj/Sources/ARCONTROLLER_StreamPool.c.o
                0x000000000003e290                ARCONTROLLER_StreamPool_New
 *fill*         0x000000000003e37f        0x1 
 .text.ARCONTROLLER_StreamPool_GetNextFreeFrame
                0x000000000003e380       0x69 /home/heratom/Firefly-project/out/arsdk-native/build/libARController/obj/Sources/ARCONTROLLER_StreamPool.c.o
                0x000000000003e380                ARCONTROLLER_StreamPool_GetNextFreeFrame
 *fill*         0x000000000003e3e9        0x7 
 .text.ARCONTROLLER_StreamPool_GetFrameFromData
                0x000000000003e3f0       0x61 /home/heratom/Firefly-project/out/arsdk-native/build/libARController/obj/Sources/ARCONTROLLER_StreamPool.c.o
                0x000000000003e3f0                ARCONTROLLER_StreamPool_GetFrameFromData
 *fill*         0x000000000003e451        0xf 
 .text.ARCONTROLLER_StreamQueue_New
                0x000000000003e460       0x7c /home/heratom/Firefly-project/out/arsdk-native/build/libARController/obj/Sources/ARCONTROLLER_StreamQueue.c.o
                0x000000000003e460                ARCONTROLLER_StreamQueue_New
 *fill*         0x000000000003e4dc        0x4 
 .text.ARCONTROLLER_StreamQueue_LocalPopFrame
                0x000000000003e4e0       0x8b /home/heratom/Firefly-project/out/arsdk-native/build/libARController/obj/Sources/ARCONTROLLER_StreamQueue.c.o
                0x000000000003e4e0                ARCONTROLLER_StreamQueue_LocalPopFrame
 *fill*         0x000000000003e56b        0x5 
 .text.ARCONTROLLER_StreamQueue_Pop
                0x000000000003e570       0x59 /home/heratom/Firefly-project/out/arsdk-native/build/libARController/obj/Sources/ARCONTROLLER_StreamQueue.c.o
                0x000000000003e570                ARCONTROLLER_StreamQueue_Pop
 *fill*         0x000000000003e5c9        0x7 
 .text.ARCONTROLLER_StreamQueue_PopWithTimeout
                0x000000000003e5d0       0x89 /home/heratom/Firefly-project/out/arsdk-native/build/libARController/obj/Sources/ARCONTROLLER_StreamQueue.c.o
                0x000000000003e5d0                ARCONTROLLER_StreamQueue_PopWithTimeout
 *fill*         0x000000000003e659        0x7 
 .text.ARCONTROLLER_StreamQueue_LocalTryPop
                0x000000000003e660       0x49 /home/heratom/Firefly-project/out/arsdk-native/build/libARController/obj/Sources/ARCONTROLLER_StreamQueue.c.o
                0x000000000003e660                ARCONTROLLER_StreamQueue_LocalTryPop
 *fill*         0x000000000003e6a9        0x7 
 .text.ARCONTROLLER_StreamQueue_TryPop
                0x000000000003e6b0       0x3c /home/heratom/Firefly-project/out/arsdk-native/build/libARController/obj/Sources/ARCONTROLLER_StreamQueue.c.o
                0x000000000003e6b0                ARCONTROLLER_StreamQueue_TryPop
 *fill*         0x000000000003e6ec        0x4 
 .text.ARCONTROLLER_StreamQueue_LocalFlush
                0x000000000003e6f0      0x148 /home/heratom/Firefly-project/out/arsdk-native/build/libARController/obj/Sources/ARCONTROLLER_StreamQueue.c.o
                0x000000000003e6f0                ARCONTROLLER_StreamQueue_LocalFlush
 *fill*         0x000000000003e838        0x8 
 .text.ARCONTROLLER_StreamQueue_Push
                0x000000000003e840       0xdb /home/heratom/Firefly-project/out/arsdk-native/build/libARController/obj/Sources/ARCONTROLLER_StreamQueue.c.o
                0x000000000003e840                ARCONTROLLER_StreamQueue_Push
 *fill*         0x000000000003e91b        0x5 
 .text.ARCONTROLLER_StreamQueue_Flush
                0x000000000003e920       0x16 /home/heratom/Firefly-project/out/arsdk-native/build/libARController/obj/Sources/ARCONTROLLER_StreamQueue.c.o
                0x000000000003e920                ARCONTROLLER_StreamQueue_Flush
 *fill*         0x000000000003e936        0xa 
 .text.ARCONTROLLER_StreamQueue_Delete
                0x000000000003e940       0x3f /home/heratom/Firefly-project/out/arsdk-native/build/libARController/obj/Sources/ARCONTROLLER_StreamQueue.c.o
                0x000000000003e940                ARCONTROLLER_StreamQueue_Delete
 *fill*         0x000000000003e97f        0x1 
 .text.ARCONTROLLER_Stream1_FrameCompleteCallback
                0x000000000003e980      0x36b /home/heratom/Firefly-project/out/arsdk-native/build/libARController/obj/Sources/ARCONTROLLER_Stream1.c.o
                0x000000000003e980                ARCONTROLLER_Stream1_FrameCompleteCallback
 *fill*         0x000000000003eceb        0x5 
 .text.ARCONTROLLER_Stream1_Stop
                0x000000000003ecf0       0xa7 /home/heratom/Firefly-project/out/arsdk-native/build/libARController/obj/Sources/ARCONTROLLER_Stream1.c.o
                0x000000000003ecf0                ARCONTROLLER_Stream1_Stop
 *fill*         0x000000000003ed97        0x9 
 .text.ARCONTROLLER_Stream1_Delete
                0x000000000003eda0       0x3f /home/heratom/Firefly-project/out/arsdk-native/build/libARController/obj/Sources/ARCONTROLLER_Stream1.c.o
                0x000000000003eda0                ARCONTROLLER_Stream1_Delete
 *fill*         0x000000000003eddf        0x1 
 .text.ARCONTROLLER_Stream1_New
                0x000000000003ede0      0x142 /home/heratom/Firefly-project/out/arsdk-native/build/libARController/obj/Sources/ARCONTROLLER_Stream1.c.o
                0x000000000003ede0                ARCONTROLLER_Stream1_New
 *fill*         0x000000000003ef22        0xe 
 .text.ARCONTROLLER_Stream1_Start
                0x000000000003ef30      0x38e /home/heratom/Firefly-project/out/arsdk-native/build/libARController/obj/Sources/ARCONTROLLER_Stream1.c.o
                0x000000000003ef30                ARCONTROLLER_Stream1_Start
 *fill*         0x000000000003f2be        0x2 
 .text.ARCONTROLLER_Stream1_SetCallbacks
                0x000000000003f2c0       0x1e /home/heratom/Firefly-project/out/arsdk-native/build/libARController/obj/Sources/ARCONTROLLER_Stream1.c.o
                0x000000000003f2c0                ARCONTROLLER_Stream1_SetCallbacks
 *fill*         0x000000000003f2de        0x2 
 .text.ARCONTROLLER_Stream1_IsRunning
                0x000000000003f2e0       0x29 /home/heratom/Firefly-project/out/arsdk-native/build/libARController/obj/Sources/ARCONTROLLER_Stream1.c.o
                0x000000000003f2e0                ARCONTROLLER_Stream1_IsRunning
 *fill*         0x000000000003f309        0x7 
 .text.ARCONTROLLER_Stream1_SetMP4Compliant
                0x000000000003f310       0x11 /home/heratom/Firefly-project/out/arsdk-native/build/libARController/obj/Sources/ARCONTROLLER_Stream1.c.o
                0x000000000003f310                ARCONTROLLER_Stream1_SetMP4Compliant
 *fill*         0x000000000003f321        0xf 
 .text.ARCONTROLLER_Stream1_GetFrame
                0x000000000003f330       0x41 /home/heratom/Firefly-project/out/arsdk-native/build/libARController/obj/Sources/ARCONTROLLER_Stream1.c.o
                0x000000000003f330                ARCONTROLLER_Stream1_GetFrame
 *fill*         0x000000000003f371        0xf 
 .text.ARCONTROLLER_Stream1_TryGetFrame
                0x000000000003f380       0x54 /home/heratom/Firefly-project/out/arsdk-native/build/libARController/obj/Sources/ARCONTROLLER_Stream1.c.o
                0x000000000003f380                ARCONTROLLER_Stream1_TryGetFrame
 *fill*         0x000000000003f3d4        0xc 
 .text.ARCONTROLLER_Stream1_GetFrameWithTimeout
                0x000000000003f3e0       0x54 /home/heratom/Firefly-project/out/arsdk-native/build/libARController/obj/Sources/ARCONTROLLER_Stream1.c.o
                0x000000000003f3e0                ARCONTROLLER_Stream1_GetFrameWithTimeout
 *fill*         0x000000000003f434        0xc 
 .text.ARCONTROLLER_Stream1_IdToIndex
                0x000000000003f440       0x3c /home/heratom/Firefly-project/out/arsdk-native/build/libARController/obj/Sources/ARCONTROLLER_Stream1.c.o
                0x000000000003f440                ARCONTROLLER_Stream1_IdToIndex
 *fill*         0x000000000003f47c        0x4 
 .text.ARCONTROLLER_Stream1_InitStream1Buffers
                0x000000000003f480       0x8e /home/heratom/Firefly-project/out/arsdk-native/build/libARController/obj/Sources/ARCONTROLLER_Stream1.c.o
                0x000000000003f480                ARCONTROLLER_Stream1_InitStream1Buffers
 *fill*         0x000000000003f50e        0x2 
 .text.ARCONTROLLER_Stream1_OnReceiveJson
                0x000000000003f510      0x167 /home/heratom/Firefly-project/out/arsdk-native/build/libARController/obj/Sources/ARCONTROLLER_Stream1.c.o
                0x000000000003f510                ARCONTROLLER_Stream1_OnReceiveJson
 *fill*         0x000000000003f677        0x9 
 .text.ARCONTROLLER_Stream1_GetSpsPpsFromIFrame
                0x000000000003f680      0x294 /home/heratom/Firefly-project/out/arsdk-native/build/libARController/obj/Sources/ARCONTROLLER_Stream1.c.o
                0x000000000003f680                ARCONTROLLER_Stream1_GetSpsPpsFromIFrame
 *fill*         0x000000000003f914        0xc 
 .text.ARCONTROLLER_Stream1_ReaderThreadRun
                0x000000000003f920      0x3c9 /home/heratom/Firefly-project/out/arsdk-native/build/libARController/obj/Sources/ARCONTROLLER_Stream1.c.o
                0x000000000003f920                ARCONTROLLER_Stream1_ReaderThreadRun
 *fill*         0x000000000003fce9        0x7 
 .text.ARCONTROLLER_Stream2_SpsPpsCallback
                0x000000000003fcf0       0x73 /home/heratom/Firefly-project/out/arsdk-native/build/libARController/obj/Sources/ARCONTROLLER_Stream2.c.o
 *fill*         0x000000000003fd63        0xd 
 .text.ARCONTROLLER_Stream2_AuReadyCallback
                0x000000000003fd70      0x19d /home/heratom/Firefly-project/out/arsdk-native/build/libARController/obj/Sources/ARCONTROLLER_Stream2.c.o
 *fill*         0x000000000003ff0d        0x3 
 .text.ARCONTROLLER_Stream2_StartStream
                0x000000000003ff10      0x417 /home/heratom/Firefly-project/out/arsdk-native/build/libARController/obj/Sources/ARCONTROLLER_Stream2.c.o
 *fill*         0x0000000000040327        0x9 
 .text.ARCONTROLLER_Stream2_StopStream.part.0
                0x0000000000040330       0x7a /home/heratom/Firefly-project/out/arsdk-native/build/libARController/obj/Sources/ARCONTROLLER_Stream2.c.o
 *fill*         0x00000000000403aa        0x6 
 .text.ARCONTROLLER_Stream2_RestartRun
                0x00000000000403b0       0x1a /home/heratom/Firefly-project/out/arsdk-native/build/libARController/obj/Sources/ARCONTROLLER_Stream2.c.o
 *fill*         0x00000000000403ca        0x6 
 .text.ARCONTROLLER_Stream2_GetAuBufferCallback
                0x00000000000403d0      0x10c /home/heratom/Firefly-project/out/arsdk-native/build/libARController/obj/Sources/ARCONTROLLER_Stream2.c.o
 *fill*         0x00000000000404dc        0x4 
 .text.ARCONTROLLER_Stream2_Stop
                0x00000000000404e0       0x31 /home/heratom/Firefly-project/out/arsdk-native/build/libARController/obj/Sources/ARCONTROLLER_Stream2.c.o
                0x00000000000404e0                ARCONTROLLER_Stream2_Stop
 *fill*         0x0000000000040511        0xf 
 .text.ARCONTROLLER_Stream2_Delete
                0x0000000000040520       0x3e /home/heratom/Firefly-project/out/arsdk-native/build/libARController/obj/Sources/ARCONTROLLER_Stream2.c.o
                0x0000000000040520                ARCONTROLLER_Stream2_Delete
 *fill*         0x000000000004055e        0x2 
 .text.ARCONTROLLER_Stream2_New
                0x0000000000040560       0xf7 /home/heratom/Firefly-project/out/arsdk-native/build/libARController/obj/Sources/ARCONTROLLER_Stream2.c.o
                0x0000000000040560                ARCONTROLLER_Stream2_New
 *fill*         0x0000000000040657        0x9 
 .text.ARCONTROLLER_Stream2_SetCallbacks
                0x0000000000040660       0x20 /home/heratom/Firefly-project/out/arsdk-native/build/libARController/obj/Sources/ARCONTROLLER_Stream2.c.o
                0x0000000000040660                ARCONTROLLER_Stream2_SetCallbacks
 .text.ARCONTROLLER_Stream2_IsRunning
                0x0000000000040680       0x29 /home/heratom/Firefly-project/out/arsdk-native/build/libARController/obj/Sources/ARCONTROLLER_Stream2.c.o
                0x0000000000040680                ARCONTROLLER_Stream2_IsRunning
 *fill*         0x00000000000406a9        0x7 
 .text.ARCONTROLLER_Stream2_SetMP4Compliant
                0x00000000000406b0       0x11 /home/heratom/Firefly-project/out/arsdk-native/build/libARController/obj/Sources/ARCONTROLLER_Stream2.c.o
                0x00000000000406b0                ARCONTROLLER_Stream2_SetMP4Compliant
 *fill*         0x00000000000406c1        0xf 
 .text.ARCONTROLLER_Stream2_OnSendJson
                0x00000000000406d0       0x5f /home/heratom/Firefly-project/out/arsdk-native/build/libARController/obj/Sources/ARCONTROLLER_Stream2.c.o
                0x00000000000406d0                ARCONTROLLER_Stream2_OnSendJson
 *fill*         0x000000000004072f        0x1 
 .text.ARCONTROLLER_Stream2_OnReceiveJson
                0x0000000000040730      0x15c /home/heratom/Firefly-project/out/arsdk-native/build/libARController/obj/Sources/ARCONTROLLER_Stream2.c.o
                0x0000000000040730                ARCONTROLLER_Stream2_OnReceiveJson
 *fill*         0x000000000004088c        0x4 
 .text.ARCONTROLLER_Stream2_JsonContainsStream2Param
                0x0000000000040890       0x3e /home/heratom/Firefly-project/out/arsdk-native/build/libARController/obj/Sources/ARCONTROLLER_Stream2.c.o
                0x0000000000040890                ARCONTROLLER_Stream2_JsonContainsStream2Param
 *fill*         0x00000000000408ce        0x2 
 .text.ARCONTROLLER_Stream2_IsInitilized
                0x00000000000408d0       0x15 /home/heratom/Firefly-project/out/arsdk-native/build/libARController/obj/Sources/ARCONTROLLER_Stream2.c.o
                0x00000000000408d0                ARCONTROLLER_Stream2_IsInitilized
 *fill*         0x00000000000408e5        0xb 
 .text.ARCONTROLLER_Stream2_Start
                0x00000000000408f0       0x8d /home/heratom/Firefly-project/out/arsdk-native/build/libARController/obj/Sources/ARCONTROLLER_Stream2.c.o
                0x00000000000408f0                ARCONTROLLER_Stream2_Start
 *fill*         0x000000000004097d        0x3 
 .text.ARCONTROLLER_Device_ReceiveJsonCallback
                0x0000000000040980       0x26 /home/heratom/Firefly-project/out/arsdk-native/build/libARController/obj/gen/Sources/ARCONTROLLER_Device.c.o
                0x0000000000040980                ARCONTROLLER_Device_ReceiveJsonCallback
 *fill*         0x00000000000409a6        0xa 
 .text.ARCONTROLLER_Device_ControllerLooperThread
                0x00000000000409b0      0x2f3 /home/heratom/Firefly-project/out/arsdk-native/build/libARController/obj/gen/Sources/ARCONTROLLER_Device.c.o
                0x00000000000409b0                ARCONTROLLER_Device_ControllerLooperThread
 *fill*         0x0000000000040ca3        0xd 
 .text.ARCONTROLLER_Device_SendJsonCallback
                0x0000000000040cb0       0x67 /home/heratom/Firefly-project/out/arsdk-native/build/libARController/obj/gen/Sources/ARCONTROLLER_Device.c.o
                0x0000000000040cb0                ARCONTROLLER_Device_SendJsonCallback
 *fill*         0x0000000000040d17        0x9 
 .text.ARCONTROLLER_Device_RegisterCallbacks
                0x0000000000040d20     0x1ae4 /home/heratom/Firefly-project/out/arsdk-native/build/libARController/obj/gen/Sources/ARCONTROLLER_Device.c.o
                0x0000000000040d20                ARCONTROLLER_Device_RegisterCallbacks
 *fill*         0x0000000000042804        0xc 
 .text.ARCONTROLLER_Device_UnregisterCallbacks
                0x0000000000042810     0x13d7 /home/heratom/Firefly-project/out/arsdk-native/build/libARController/obj/gen/Sources/ARCONTROLLER_Device.c.o
                0x0000000000042810                ARCONTROLLER_Device_UnregisterCallbacks
 *fill*         0x0000000000043be7        0x9 
 .text.ARCONTROLLER_Device_SetVideoStreamCallbacks
                0x0000000000043bf0       0x87 /home/heratom/Firefly-project/out/arsdk-native/build/libARController/obj/gen/Sources/ARCONTROLLER_Device.c.o
                0x0000000000043bf0                ARCONTROLLER_Device_SetVideoStreamCallbacks
 *fill*         0x0000000000043c77        0x9 
 .text.ARCONTROLLER_Device_SetVideoStreamMP4Compliant
                0x0000000000043c80       0x57 /home/heratom/Firefly-project/out/arsdk-native/build/libARController/obj/gen/Sources/ARCONTROLLER_Device.c.o
                0x0000000000043c80                ARCONTROLLER_Device_SetVideoStreamMP4Compliant
 *fill*         0x0000000000043cd7        0x9 
 .text.ARCONTROLLER_Device_AddCommandReceivedCallback
                0x0000000000043ce0       0x61 /home/heratom/Firefly-project/out/arsdk-native/build/libARController/obj/gen/Sources/ARCONTROLLER_Device.c.o
                0x0000000000043ce0                ARCONTROLLER_Device_AddCommandReceivedCallback
 *fill*         0x0000000000043d41        0xf 
 .text.ARCONTROLLER_Device_RemoveCommandReceivedCallback
                0x0000000000043d50       0x61 /home/heratom/Firefly-project/out/arsdk-native/build/libARController/obj/gen/Sources/ARCONTROLLER_Device.c.o
                0x0000000000043d50                ARCONTROLLER_Device_RemoveCommandReceivedCallback
 *fill*         0x0000000000043db1        0xf 
 .text.ARCONTROLLER_Device_GetCommandElements
                0x0000000000043dc0      0x305 /home/heratom/Firefly-project/out/arsdk-native/build/libARController/obj/gen/Sources/ARCONTROLLER_Device.c.o
                0x0000000000043dc0                ARCONTROLLER_Device_GetCommandElements
 *fill*         0x00000000000440c5        0xb 
 .text.ARCONTROLLER_Device_GetState
                0x00000000000440d0       0x5c /home/heratom/Firefly-project/out/arsdk-native/build/libARController/obj/gen/Sources/ARCONTROLLER_Device.c.o
                0x00000000000440d0                ARCONTROLLER_Device_GetState
 *fill*         0x000000000004412c        0x4 
 .text.ARCONTROLLER_Device_GetExtensionState
                0x0000000000044130       0x5c /home/heratom/Firefly-project/out/arsdk-native/build/libARController/obj/gen/Sources/ARCONTROLLER_Device.c.o
                0x0000000000044130                ARCONTROLLER_Device_GetExtensionState
 *fill*         0x000000000004418c        0x4 
 .text.ARCONTROLLER_Device_GetExtensionName
                0x0000000000044190       0xa1 /home/heratom/Firefly-project/out/arsdk-native/build/libARController/obj/gen/Sources/ARCONTROLLER_Device.c.o
                0x0000000000044190                ARCONTROLLER_Device_GetExtensionName
 *fill*         0x0000000000044231        0xf 
 .text.ARCONTROLLER_Device_GetExtensionProduct
                0x0000000000044240       0x5c /home/heratom/Firefly-project/out/arsdk-native/build/libARController/obj/gen/Sources/ARCONTROLLER_Device.c.o
                0x0000000000044240                ARCONTROLLER_Device_GetExtensionProduct
 *fill*         0x000000000004429c        0x4 
 .text.ARCONTROLLER_Device_StartNetwork
                0x00000000000442a0       0xc1 /home/heratom/Firefly-project/out/arsdk-native/build/libARController/obj/gen/Sources/ARCONTROLLER_Device.c.o
                0x00000000000442a0                ARCONTROLLER_Device_StartNetwork
 *fill*         0x0000000000044361        0xf 
 .text.ARCONTROLLER_Device_StopNetwork
                0x0000000000044370       0x2e /home/heratom/Firefly-project/out/arsdk-native/build/libARController/obj/gen/Sources/ARCONTROLLER_Device.c.o
                0x0000000000044370                ARCONTROLLER_Device_StopNetwork
 *fill*         0x000000000004439e        0x2 
 .text.ARCONTROLLER_Device_SetNetworkControllerToFeatures
                0x00000000000443a0      0x108 /home/heratom/Firefly-project/out/arsdk-native/build/libARController/obj/gen/Sources/ARCONTROLLER_Device.c.o
                0x00000000000443a0                ARCONTROLLER_Device_SetNetworkControllerToFeatures
 *fill*         0x00000000000444a8        0x8 
 .text.ARCONTROLLER_Device_StartControllerLooperThread
                0x00000000000444b0       0xec /home/heratom/Firefly-project/out/arsdk-native/build/libARController/obj/gen/Sources/ARCONTROLLER_Device.c.o
                0x00000000000444b0                ARCONTROLLER_Device_StartControllerLooperThread
 *fill*         0x000000000004459c        0x4 
 .text.ARCONTROLLER_Device_StopControllerLooperThread
                0x00000000000445a0       0x4f /home/heratom/Firefly-project/out/arsdk-native/build/libARController/obj/gen/Sources/ARCONTROLLER_Device.c.o
                0x00000000000445a0                ARCONTROLLER_Device_StopControllerLooperThread
 *fill*         0x00000000000445ef        0x1 
 .text.ARCONTROLLER_Device_SetInitialDate
                0x00000000000445f0      0x19c /home/heratom/Firefly-project/out/arsdk-native/build/libARController/obj/gen/Sources/ARCONTROLLER_Device.c.o
                0x00000000000445f0                ARCONTROLLER_Device_SetInitialDate
 *fill*         0x000000000004478c        0x4 
 .text.ARCONTROLLER_Device_GetInitialSettings
                0x0000000000044790       0x56 /home/heratom/Firefly-project/out/arsdk-native/build/libARController/obj/gen/Sources/ARCONTROLLER_Device.c.o
                0x0000000000044790                ARCONTROLLER_Device_GetInitialSettings
 *fill*         0x00000000000447e6        0xa 
 .text.ARCONTROLLER_Device_GetInitialStates
                0x00000000000447f0       0x56 /home/heratom/Firefly-project/out/arsdk-native/build/libARController/obj/gen/Sources/ARCONTROLLER_Device.c.o
                0x00000000000447f0                ARCONTROLLER_Device_GetInitialStates
 *fill*         0x0000000000044846        0xa 
 .text.ARCONTROLLER_Device_OnStart
                0x0000000000044850       0x94 /home/heratom/Firefly-project/out/arsdk-native/build/libARController/obj/gen/Sources/ARCONTROLLER_Device.c.o
                0x0000000000044850                ARCONTROLLER_Device_OnStart
 *fill*         0x00000000000448e4        0xc 
 .text.ARCONTROLLER_Device_OnAllStatesEnd
                0x00000000000448f0       0x22 /home/heratom/Firefly-project/out/arsdk-native/build/libARController/obj/gen/Sources/ARCONTROLLER_Device.c.o
                0x00000000000448f0                ARCONTROLLER_Device_OnAllStatesEnd
 *fill*         0x0000000000044912        0xe 
 .text.ARCONTROLLER_Device_OnAllSettingsEnd
                0x0000000000044920       0x22 /home/heratom/Firefly-project/out/arsdk-native/build/libARController/obj/gen/Sources/ARCONTROLLER_Device.c.o
                0x0000000000044920                ARCONTROLLER_Device_OnAllSettingsEnd
 *fill*         0x0000000000044942        0xe 
 .text.ARCONTROLLER_Device_OnARDrone3VideoEnableChanged
                0x0000000000044950      0x6f7 /home/heratom/Firefly-project/out/arsdk-native/build/libARController/obj/gen/Sources/ARCONTROLLER_Device.c.o
                0x0000000000044950                ARCONTROLLER_Device_OnARDrone3VideoEnableChanged
 *fill*         0x0000000000045047        0x9 
 .text.ARCONTROLLER_Device_OnJumpingSumoVideoEnableChanged
                0x0000000000045050      0x6f7 /home/heratom/Firefly-project/out/arsdk-native/build/libARController/obj/gen/Sources/ARCONTROLLER_Device.c.o
                0x0000000000045050                ARCONTROLLER_Device_OnJumpingSumoVideoEnableChanged
 *fill*         0x0000000000045747        0x9 
 .text.ARCONTROLLER_Device_AddCallbackInList
                0x0000000000045750       0x75 /home/heratom/Firefly-project/out/arsdk-native/build/libARController/obj/gen/Sources/ARCONTROLLER_Device.c.o
                0x0000000000045750                ARCONTROLLER_Device_AddCallbackInList
 *fill*         0x00000000000457c5        0xb 
 .text.ARCONTROLLER_Device_AddStateChangedCallback
                0x00000000000457d0       0x61 /home/heratom/Firefly-project/out/arsdk-native/build/libARController/obj/gen/Sources/ARCONTROLLER_Device.c.o
                0x00000000000457d0                ARCONTROLLER_Device_AddStateChangedCallback
 *fill*         0x0000000000045831        0xf 
 .text.ARCONTROLLER_Device_AddExtensionCallbackInList
                0x0000000000045840       0x75 /home/heratom/Firefly-project/out/arsdk-native/build/libARController/obj/gen/Sources/ARCONTROLLER_Device.c.o
                0x0000000000045840                ARCONTROLLER_Device_AddExtensionCallbackInList
 *fill*         0x00000000000458b5        0xb 
 .text.ARCONTROLLER_Device_AddExtensionStateChangedCallback
                0x00000000000458c0       0x61 /home/heratom/Firefly-project/out/arsdk-native/build/libARController/obj/gen/Sources/ARCONTROLLER_Device.c.o
                0x00000000000458c0                ARCONTROLLER_Device_AddExtensionStateChangedCallback
 *fill*         0x0000000000045921        0xf 
 .text.ARCONTROLLER_Device_RemoveCallbackFromList
                0x0000000000045930       0x82 /home/heratom/Firefly-project/out/arsdk-native/build/libARController/obj/gen/Sources/ARCONTROLLER_Device.c.o
                0x0000000000045930                ARCONTROLLER_Device_RemoveCallbackFromList
 *fill*         0x00000000000459b2        0xe 
 .text.ARCONTROLLER_Device_RemoveStateChangedCallback
                0x00000000000459c0       0x61 /home/heratom/Firefly-project/out/arsdk-native/build/libARController/obj/gen/Sources/ARCONTROLLER_Device.c.o
                0x00000000000459c0                ARCONTROLLER_Device_RemoveStateChangedCallback
 *fill*         0x0000000000045a21        0xf 
 .text.ARCONTROLLER_Device_RemoveExtensionCallbackFromList
                0x0000000000045a30       0x82 /home/heratom/Firefly-project/out/arsdk-native/build/libARController/obj/gen/Sources/ARCONTROLLER_Device.c.o
                0x0000000000045a30                ARCONTROLLER_Device_RemoveExtensionCallbackFromList
 *fill*         0x0000000000045ab2        0xe 
 .text.ARCONTROLLER_Device_DeleteCallbackList
                0x0000000000045ac0       0x6f /home/heratom/Firefly-project/out/arsdk-native/build/libARController/obj/gen/Sources/ARCONTROLLER_Device.c.o
                0x0000000000045ac0                ARCONTROLLER_Device_DeleteCallbackList
 *fill*         0x0000000000045b2f        0x1 
 .text.ARCONTROLLER_Device_DeleteExtensionCallbackList
                0x0000000000045b30       0x6f /home/heratom/Firefly-project/out/arsdk-native/build/libARController/obj/gen/Sources/ARCONTROLLER_Device.c.o
                0x0000000000045b30                ARCONTROLLER_Device_DeleteExtensionCallbackList
 *fill*         0x0000000000045b9f        0x1 
 .text.ARCONTROLLER_Device_DeleteExtension
                0x0000000000045ba0      0x179 /home/heratom/Firefly-project/out/arsdk-native/build/libARController/obj/gen/Sources/ARCONTROLLER_Device.c.o
                0x0000000000045ba0                ARCONTROLLER_Device_DeleteExtension
 *fill*         0x0000000000045d19        0x7 
 .text.ARCONTROLLER_Device_Delete
                0x0000000000045d20      0x217 /home/heratom/Firefly-project/out/arsdk-native/build/libARController/obj/gen/Sources/ARCONTROLLER_Device.c.o
                0x0000000000045d20                ARCONTROLLER_Device_Delete
 *fill*         0x0000000000045f37        0x9 
 .text.ARCONTROLLER_Device_New
                0x0000000000045f40      0x482 /home/heratom/Firefly-project/out/arsdk-native/build/libARController/obj/gen/Sources/ARCONTROLLER_Device.c.o
                0x0000000000045f40                ARCONTROLLER_Device_New
 *fill*         0x00000000000463c2        0xe 
 .text.ARCONTROLLER_Device_NotifyAllCallbackInList
                0x00000000000463d0       0x3c /home/heratom/Firefly-project/out/arsdk-native/build/libARController/obj/gen/Sources/ARCONTROLLER_Device.c.o
                0x00000000000463d0                ARCONTROLLER_Device_NotifyAllCallbackInList
 *fill*         0x000000000004640c        0x4 
 .text.ARCONTROLLER_Device_NotifyAllExtensionCallbackInList
                0x0000000000046410       0x4f /home/heratom/Firefly-project/out/arsdk-native/build/libARController/obj/gen/Sources/ARCONTROLLER_Device.c.o
                0x0000000000046410                ARCONTROLLER_Device_NotifyAllExtensionCallbackInList
 *fill*         0x000000000004645f        0x1 
 .text.ARCONTROLLER_Device_SetState
                0x0000000000046460       0x43 /home/heratom/Firefly-project/out/arsdk-native/build/libARController/obj/gen/Sources/ARCONTROLLER_Device.c.o
                0x0000000000046460                ARCONTROLLER_Device_SetState
 *fill*         0x00000000000464a3        0xd 
 .text.ARCONTROLLER_Device_Start
                0x00000000000464b0      0x127 /home/heratom/Firefly-project/out/arsdk-native/build/libARController/obj/gen/Sources/ARCONTROLLER_Device.c.o
                0x00000000000464b0                ARCONTROLLER_Device_Start
 *fill*         0x00000000000465d7        0x9 
 .text.ARCONTROLLER_Device_Stop
                0x00000000000465e0      0x194 /home/heratom/Firefly-project/out/arsdk-native/build/libARController/obj/gen/Sources/ARCONTROLLER_Device.c.o
                0x00000000000465e0                ARCONTROLLER_Device_Stop
 *fill*         0x0000000000046774        0xc 
 .text.ARCONTROLLER_Device_OnDisconnectCallback
                0x0000000000046780       0x1a /home/heratom/Firefly-project/out/arsdk-native/build/libARController/obj/gen/Sources/ARCONTROLLER_Device.c.o
                0x0000000000046780                ARCONTROLLER_Device_OnDisconnectCallback
 *fill*         0x000000000004679a        0x6 
 .text.ARCONTROLLER_Device_StopRun
                0x00000000000467a0      0x118 /home/heratom/Firefly-project/out/arsdk-native/build/libARController/obj/gen/Sources/ARCONTROLLER_Device.c.o
                0x00000000000467a0                ARCONTROLLER_Device_StopRun
 *fill*         0x00000000000468b8        0x8 
 .text.ARCONTROLLER_Device_StartRun
                0x00000000000468c0      0x335 /home/heratom/Firefly-project/out/arsdk-native/build/libARController/obj/gen/Sources/ARCONTROLLER_Device.c.o
                0x00000000000468c0                ARCONTROLLER_Device_StartRun
 *fill*         0x0000000000046bf5        0xb 
 .text.ARCONTROLLER_Device_SetExtensionState
                0x0000000000046c00       0x54 /home/heratom/Firefly-project/out/arsdk-native/build/libARController/obj/gen/Sources/ARCONTROLLER_Device.c.o
                0x0000000000046c00                ARCONTROLLER_Device_SetExtensionState
 *fill*         0x0000000000046c54        0xc 
 .text.ARCONTROLLER_Device_ExtensionStopRun
                0x0000000000046c60      0x21d /home/heratom/Firefly-project/out/arsdk-native/build/libARController/obj/gen/Sources/ARCONTROLLER_Device.c.o
                0x0000000000046c60                ARCONTROLLER_Device_ExtensionStopRun
 *fill*         0x0000000000046e7d        0x3 
 .text.ARCONTROLLER_Device_OnSkyControllerConnectionChangedReceived
                0x0000000000046e80      0xd31 /home/heratom/Firefly-project/out/arsdk-native/build/libARController/obj/gen/Sources/ARCONTROLLER_Device.c.o
                0x0000000000046e80                ARCONTROLLER_Device_OnSkyControllerConnectionChangedReceived
 *fill*         0x0000000000047bb1        0xf 
 .text.ARCONTROLLER_Device_DictionaryChangedCallback
                0x0000000000047bc0      0x175 /home/heratom/Firefly-project/out/arsdk-native/build/libARController/obj/gen/Sources/ARCONTROLLER_Device.c.o
                0x0000000000047bc0                ARCONTROLLER_Device_DictionaryChangedCallback
 *fill*         0x0000000000047d35        0xb 
 .text.ARCONTROLLER_Device_ExtensionStartRun
                0x0000000000047d40      0x186 /home/heratom/Firefly-project/out/arsdk-native/build/libARController/obj/gen/Sources/ARCONTROLLER_Device.c.o
                0x0000000000047d40                ARCONTROLLER_Device_ExtensionStartRun
 *fill*         0x0000000000047ec6        0xa 
 .text.ARCONTROLLER_DICTIONARY_Key_GetFeatureFromCommandKey
                0x0000000000047ed0       0x6f /home/heratom/Firefly-project/out/arsdk-native/build/libARController/obj/gen/Sources/ARCONTROLLER_DICTIONARY_Key.c.o
                0x0000000000047ed0                ARCONTROLLER_DICTIONARY_Key_GetFeatureFromCommandKey
 *fill*         0x0000000000047f3f        0x1 
 .text.ARCONTROLLER_Error_ToString
                0x0000000000047f40      0x378 /home/heratom/Firefly-project/out/arsdk-native/build/libARController/obj/gen/Sources/ARCONTROLLER_Error.c.o
                0x0000000000047f40                ARCONTROLLER_Error_ToString
 *fill*         0x00000000000482b8        0x8 
 .text.ARCONTROLLER_FEATURE_ARDrone3_SetPilotingPCMDFlag
                0x00000000000482c0       0x26 /home/heratom/Firefly-project/out/arsdk-native/build/libARController/obj/gen/Sources/ARCONTROLLER_Feature.c.o
                0x00000000000482c0                ARCONTROLLER_FEATURE_ARDrone3_SetPilotingPCMDFlag
 *fill*         0x00000000000482e6        0xa 
 .text.ARCONTROLLER_FEATURE_ARDrone3_SetPilotingPCMDRoll
                0x00000000000482f0       0x2e /home/heratom/Firefly-project/out/arsdk-native/build/libARController/obj/gen/Sources/ARCONTROLLER_Feature.c.o
                0x00000000000482f0                ARCONTROLLER_FEATURE_ARDrone3_SetPilotingPCMDRoll
 *fill*         0x000000000004831e        0x2 
 .text.ARCONTROLLER_FEATURE_ARDrone3_SetPilotingPCMDPitch
                0x0000000000048320       0x2e /home/heratom/Firefly-project/out/arsdk-native/build/libARController/obj/gen/Sources/ARCONTROLLER_Feature.c.o
                0x0000000000048320                ARCONTROLLER_FEATURE_ARDrone3_SetPilotingPCMDPitch
 *fill*         0x000000000004834e        0x2 
 .text.ARCONTROLLER_FEATURE_ARDrone3_SetPilotingPCMDYaw
                0x0000000000048350       0x2e /home/heratom/Firefly-project/out/arsdk-native/build/libARController/obj/gen/Sources/ARCONTROLLER_Feature.c.o
                0x0000000000048350                ARCONTROLLER_FEATURE_ARDrone3_SetPilotingPCMDYaw
 *fill*         0x000000000004837e        0x2 
 .text.ARCONTROLLER_FEATURE_ARDrone3_SetPilotingPCMDGaz
                0x0000000000048380       0x2e /home/heratom/Firefly-project/out/arsdk-native/build/libARController/obj/gen/Sources/ARCONTROLLER_Feature.c.o
                0x0000000000048380                ARCONTROLLER_FEATURE_ARDrone3_SetPilotingPCMDGaz
 *fill*         0x00000000000483ae        0x2 
 .text.ARCONTROLLER_FEATURE_ARDrone3_SetPilotingPCMDTimestampAndSeqNum
                0x00000000000483b0       0x26 /home/heratom/Firefly-project/out/arsdk-native/build/libARController/obj/gen/Sources/ARCONTROLLER_Feature.c.o
                0x00000000000483b0                ARCONTROLLER_FEATURE_ARDrone3_SetPilotingPCMDTimestampAndSeqNum
 *fill*         0x00000000000483d6        0xa 
 .text.ARCONTROLLER_FEATURE_JumpingSumo_SetPilotingPCMDFlag
                0x00000000000483e0       0x26 /home/heratom/Firefly-project/out/arsdk-native/build/libARController/obj/gen/Sources/ARCONTROLLER_Feature.c.o
                0x00000000000483e0                ARCONTROLLER_FEATURE_JumpingSumo_SetPilotingPCMDFlag
 *fill*         0x0000000000048406        0xa 
 .text.ARCONTROLLER_FEATURE_JumpingSumo_SetPilotingPCMDSpeed
                0x0000000000048410       0x2e /home/heratom/Firefly-project/out/arsdk-native/build/libARController/obj/gen/Sources/ARCONTROLLER_Feature.c.o
                0x0000000000048410                ARCONTROLLER_FEATURE_JumpingSumo_SetPilotingPCMDSpeed
 *fill*         0x000000000004843e        0x2 
 .text.ARCONTROLLER_FEATURE_JumpingSumo_SetPilotingPCMDTurn
                0x0000000000048440       0x2e /home/heratom/Firefly-project/out/arsdk-native/build/libARController/obj/gen/Sources/ARCONTROLLER_Feature.c.o
                0x0000000000048440                ARCONTROLLER_FEATURE_JumpingSumo_SetPilotingPCMDTurn
 *fill*         0x000000000004846e        0x2 
 .text.ARCONTROLLER_FEATURE_MiniDrone_SetPilotingPCMDFlag
                0x0000000000048470       0x26 /home/heratom/Firefly-project/out/arsdk-native/build/libARController/obj/gen/Sources/ARCONTROLLER_Feature.c.o
                0x0000000000048470                ARCONTROLLER_FEATURE_MiniDrone_SetPilotingPCMDFlag
 *fill*         0x0000000000048496        0xa 
 .text.ARCONTROLLER_FEATURE_MiniDrone_SetPilotingPCMDRoll
                0x00000000000484a0       0x2e /home/heratom/Firefly-project/out/arsdk-native/build/libARController/obj/gen/Sources/ARCONTROLLER_Feature.c.o
                0x00000000000484a0                ARCONTROLLER_FEATURE_MiniDrone_SetPilotingPCMDRoll
 *fill*         0x00000000000484ce        0x2 
 .text.ARCONTROLLER_FEATURE_MiniDrone_SetPilotingPCMDPitch
                0x00000000000484d0       0x2e /home/heratom/Firefly-project/out/arsdk-native/build/libARController/obj/gen/Sources/ARCONTROLLER_Feature.c.o
                0x00000000000484d0                ARCONTROLLER_FEATURE_MiniDrone_SetPilotingPCMDPitch
 *fill*         0x00000000000484fe        0x2 
 .text.ARCONTROLLER_FEATURE_MiniDrone_SetPilotingPCMDYaw
                0x0000000000048500       0x2e /home/heratom/Firefly-project/out/arsdk-native/build/libARController/obj/gen/Sources/ARCONTROLLER_Feature.c.o
                0x0000000000048500                ARCONTROLLER_FEATURE_MiniDrone_SetPilotingPCMDYaw
 *fill*         0x000000000004852e        0x2 
 .text.ARCONTROLLER_FEATURE_MiniDrone_SetPilotingPCMDGaz
                0x0000000000048530       0x2e /home/heratom/Firefly-project/out/arsdk-native/build/libARController/obj/gen/Sources/ARCONTROLLER_Feature.c.o
                0x0000000000048530                ARCONTROLLER_FEATURE_MiniDrone_SetPilotingPCMDGaz
 *fill*         0x000000000004855e        0x2 
 .text.ARCONTROLLER_FEATURE_MiniDrone_SetPilotingPCMDTimestamp
                0x0000000000048560       0x26 /home/heratom/Firefly-project/out/arsdk-native/build/libARController/obj/gen/Sources/ARCONTROLLER_Feature.c.o
                0x0000000000048560                ARCONTROLLER_FEATURE_MiniDrone_SetPilotingPCMDTimestamp
 *fill*         0x0000000000048586        0xa 
 .text.ARCONTROLLER_FEATURE_Generic_SendDefault
                0x0000000000048590       0xa9 /home/heratom/Firefly-project/out/arsdk-native/build/libARController/obj/gen/Sources/ARCONTROLLER_Feature.c.o
                0x0000000000048590                ARCONTROLLER_FEATURE_Generic_SendDefault
 *fill*         0x0000000000048639        0x7 
 .text.ARCONTROLLER_FEATURE_ARDrone3_SendPilotingFlatTrim
                0x0000000000048640       0xac /home/heratom/Firefly-project/out/arsdk-native/build/libARController/obj/gen/Sources/ARCONTROLLER_Feature.c.o
                0x0000000000048640                ARCONTROLLER_FEATURE_ARDrone3_SendPilotingFlatTrim
 *fill*         0x00000000000486ec        0x4 
 .text.ARCONTROLLER_FEATURE_ARDrone3_SendPilotingTakeOff
                0x00000000000486f0       0xac /home/heratom/Firefly-project/out/arsdk-native/build/libARController/obj/gen/Sources/ARCONTROLLER_Feature.c.o
                0x00000000000486f0                ARCONTROLLER_FEATURE_ARDrone3_SendPilotingTakeOff
 *fill*         0x000000000004879c        0x4 
 .text.ARCONTROLLER_FEATURE_ARDrone3_SendPilotingPCMD
                0x00000000000487a0       0xda /home/heratom/Firefly-project/out/arsdk-native/build/libARController/obj/gen/Sources/ARCONTROLLER_Feature.c.o
                0x00000000000487a0                ARCONTROLLER_FEATURE_ARDrone3_SendPilotingPCMD
 *fill*         0x000000000004887a        0x6 
 .text.ARCONTROLLER_FEATURE_ARDrone3_SendPilotingLanding
                0x0000000000048880       0xac /home/heratom/Firefly-project/out/arsdk-native/build/libARController/obj/gen/Sources/ARCONTROLLER_Feature.c.o
                0x0000000000048880                ARCONTROLLER_FEATURE_ARDrone3_SendPilotingLanding
 *fill*         0x000000000004892c        0x4 
 .text.ARCONTROLLER_FEATURE_ARDrone3_SendPilotingEmergency
                0x0000000000048930       0xaf /home/heratom/Firefly-project/out/arsdk-native/build/libARController/obj/gen/Sources/ARCONTROLLER_Feature.c.o
                0x0000000000048930                ARCONTROLLER_FEATURE_ARDrone3_SendPilotingEmergency
 *fill*         0x00000000000489df        0x1 
 .text.ARCONTROLLER_FEATURE_ARDrone3_SendPilotingNavigateHome
                0x00000000000489e0       0xac /home/heratom/Firefly-project/out/arsdk-native/build/libARController/obj/gen/Sources/ARCONTROLLER_Feature.c.o
                0x00000000000489e0                ARCONTROLLER_FEATURE_ARDrone3_SendPilotingNavigateHome
 *fill*         0x0000000000048a8c        0x4 
 .text.ARCONTROLLER_FEATURE_ARDrone3_SendPilotingAutoTakeOffMode
                0x0000000000048a90       0xac /home/heratom/Firefly-project/out/arsdk-native/build/libARController/obj/gen/Sources/ARCONTROLLER_Feature.c.o
                0x0000000000048a90                ARCONTROLLER_FEATURE_ARDrone3_SendPilotingAutoTakeOffMode
 *fill*         0x0000000000048b3c        0x4 
 .text.ARCONTROLLER_FEATURE_ARDrone3_SendPilotingMoveBy
                0x0000000000048b40       0xac /home/heratom/Firefly-project/out/arsdk-native/build/libARController/obj/gen/Sources/ARCONTROLLER_Feature.c.o
                0x0000000000048b40                ARCONTROLLER_FEATURE_ARDrone3_SendPilotingMoveBy
 *fill*         0x0000000000048bec        0x4 
 .text.ARCONTROLLER_FEATURE_ARDrone3_SendPilotingUserTakeOff
                0x0000000000048bf0       0xac /home/heratom/Firefly-project/out/arsdk-native/build/libARController/obj/gen/Sources/ARCONTROLLER_Feature.c.o
                0x0000000000048bf0                ARCONTROLLER_FEATURE_ARDrone3_SendPilotingUserTakeOff
 *fill*         0x0000000000048c9c        0x4 
 .text.ARCONTROLLER_FEATURE_ARDrone3_SendPilotingCircle
                0x0000000000048ca0       0xac /home/heratom/Firefly-project/out/arsdk-native/build/libARController/obj/gen/Sources/ARCONTROLLER_Feature.c.o
                0x0000000000048ca0                ARCONTROLLER_FEATURE_ARDrone3_SendPilotingCircle
 *fill*         0x0000000000048d4c        0x4 
 .text.ARCONTROLLER_FEATURE_ARDrone3_SendAnimationsFlip
                0x0000000000048d50       0xac /home/heratom/Firefly-project/out/arsdk-native/build/libARController/obj/gen/Sources/ARCONTROLLER_Feature.c.o
                0x0000000000048d50                ARCONTROLLER_FEATURE_ARDrone3_SendAnimationsFlip
 *fill*         0x0000000000048dfc        0x4 
 .text.ARCONTROLLER_FEATURE_ARDrone3_SendCameraOrientation
                0x0000000000048e00       0xbd /home/heratom/Firefly-project/out/arsdk-native/build/libARController/obj/gen/Sources/ARCONTROLLER_Feature.c.o
                0x0000000000048e00                ARCONTROLLER_FEATURE_ARDrone3_SendCameraOrientation
 *fill*         0x0000000000048ebd        0x3 
 .text.ARCONTROLLER_FEATURE_ARDrone3_SendMediaRecordPicture
                0x0000000000048ec0       0xac /home/heratom/Firefly-project/out/arsdk-native/build/libARController/obj/gen/Sources/ARCONTROLLER_Feature.c.o
                0x0000000000048ec0                ARCONTROLLER_FEATURE_ARDrone3_SendMediaRecordPicture
 *fill*         0x0000000000048f6c        0x4 
 .text.ARCONTROLLER_FEATURE_ARDrone3_SendMediaRecordVideo
                0x0000000000048f70       0xb5 /home/heratom/Firefly-project/out/arsdk-native/build/libARController/obj/gen/Sources/ARCONTROLLER_Feature.c.o
                0x0000000000048f70                ARCONTROLLER_FEATURE_ARDrone3_SendMediaRecordVideo
 *fill*         0x0000000000049025        0xb 
 .text.ARCONTROLLER_FEATURE_ARDrone3_SendMediaRecordPictureV2
                0x0000000000049030       0xac /home/heratom/Firefly-project/out/arsdk-native/build/libARController/obj/gen/Sources/ARCONTROLLER_Feature.c.o
                0x0000000000049030                ARCONTROLLER_FEATURE_ARDrone3_SendMediaRecordPictureV2
 *fill*         0x00000000000490dc        0x4 
 .text.ARCONTROLLER_FEATURE_ARDrone3_SendMediaRecordVideoV2
                0x00000000000490e0       0xac /home/heratom/Firefly-project/out/arsdk-native/build/libARController/obj/gen/Sources/ARCONTROLLER_Feature.c.o
                0x00000000000490e0                ARCONTROLLER_FEATURE_ARDrone3_SendMediaRecordVideoV2
 *fill*         0x000000000004918c        0x4 
 .text.ARCONTROLLER_FEATURE_ARDrone3_SendNetworkWifiScan
                0x0000000000049190       0xac /home/heratom/Firefly-project/out/arsdk-native/build/libARController/obj/gen/Sources/ARCONTROLLER_Feature.c.o
                0x0000000000049190                ARCONTROLLER_FEATURE_ARDrone3_SendNetworkWifiScan
 *fill*         0x000000000004923c        0x4 
 .text.ARCONTROLLER_FEATURE_ARDrone3_SendNetworkWifiAuthChannel
                0x0000000000049240       0xac /home/heratom/Firefly-project/out/arsdk-native/build/libARController/obj/gen/Sources/ARCONTROLLER_Feature.c.o
                0x0000000000049240                ARCONTROLLER_FEATURE_ARDrone3_SendNetworkWifiAuthChannel
 *fill*         0x00000000000492ec        0x4 
 .text.ARCONTROLLER_FEATURE_ARDrone3_SendPilotingSettingsMaxAltitude
                0x00000000000492f0       0xac /home/heratom/Firefly-project/out/arsdk-native/build/libARController/obj/gen/Sources/ARCONTROLLER_Feature.c.o
                0x00000000000492f0                ARCONTROLLER_FEATURE_ARDrone3_SendPilotingSettingsMaxAltitude
 *fill*         0x000000000004939c        0x4 
 .text.ARCONTROLLER_FEATURE_ARDrone3_SendPilotingSettingsMaxTilt
                0x00000000000493a0       0xac /home/heratom/Firefly-project/out/arsdk-native/build/libARController/obj/gen/Sources/ARCONTROLLER_Feature.c.o
                0x00000000000493a0                ARCONTROLLER_FEATURE_ARDrone3_SendPilotingSettingsMaxTilt
 *fill*         0x000000000004944c        0x4 
 .text.ARCONTROLLER_FEATURE_ARDrone3_SendPilotingSettingsAbsolutControl
                0x0000000000049450       0xac /home/heratom/Firefly-project/out/arsdk-native/build/libARController/obj/gen/Sources/ARCONTROLLER_Feature.c.o
                0x0000000000049450                ARCONTROLLER_FEATURE_ARDrone3_SendPilotingSettingsAbsolutControl
 *fill*         0x00000000000494fc        0x4 
 .text.ARCONTROLLER_FEATURE_ARDrone3_SendPilotingSettingsMaxDistance
                0x0000000000049500       0xac /home/heratom/Firefly-project/out/arsdk-native/build/libARController/obj/gen/Sources/ARCONTROLLER_Feature.c.o
                0x0000000000049500                ARCONTROLLER_FEATURE_ARDrone3_SendPilotingSettingsMaxDistance
 *fill*         0x00000000000495ac        0x4 
 .text.ARCONTROLLER_FEATURE_ARDrone3_SendPilotingSettingsNoFlyOverMaxDistance
                0x00000000000495b0       0xac /home/heratom/Firefly-project/out/arsdk-native/build/libARController/obj/gen/Sources/ARCONTROLLER_Feature.c.o
                0x00000000000495b0                ARCONTROLLER_FEATURE_ARDrone3_SendPilotingSettingsNoFlyOverMaxDistance
 *fill*         0x000000000004965c        0x4 
 .text.ARCONTROLLER_FEATURE_ARDrone3_SendPilotingSettingsSetAutonomousFlightMaxHorizontalSpeed
                0x0000000000049660       0xac /home/heratom/Firefly-project/out/arsdk-native/build/libARController/obj/gen/Sources/ARCONTROLLER_Feature.c.o
                0x0000000000049660                ARCONTROLLER_FEATURE_ARDrone3_SendPilotingSettingsSetAutonomousFlightMaxHorizontalSpeed
 *fill*         0x000000000004970c        0x4 
 .text.ARCONTROLLER_FEATURE_ARDrone3_SendPilotingSettingsSetAutonomousFlightMaxVerticalSpeed
                0x0000000000049710       0xac /home/heratom/Firefly-project/out/arsdk-native/build/libARController/obj/gen/Sources/ARCONTROLLER_Feature.c.o
                0x0000000000049710                ARCONTROLLER_FEATURE_ARDrone3_SendPilotingSettingsSetAutonomousFlightMaxVerticalSpeed
 *fill*         0x00000000000497bc        0x4 
 .text.ARCONTROLLER_FEATURE_ARDrone3_SendPilotingSettingsSetAutonomousFlightMaxHorizontalAcceleration
                0x00000000000497c0       0xac /home/heratom/Firefly-project/out/arsdk-native/build/libARController/obj/gen/Sources/ARCONTROLLER_Feature.c.o
                0x00000000000497c0                ARCONTROLLER_FEATURE_ARDrone3_SendPilotingSettingsSetAutonomousFlightMaxHorizontalAcceleration
 *fill*         0x000000000004986c        0x4 
 .text.ARCONTROLLER_FEATURE_ARDrone3_SendPilotingSettingsSetAutonomousFlightMaxVerticalAcceleration
                0x0000000000049870       0xac /home/heratom/Firefly-project/out/arsdk-native/build/libARController/obj/gen/Sources/ARCONTROLLER_Feature.c.o
                0x0000000000049870                ARCONTROLLER_FEATURE_ARDrone3_SendPilotingSettingsSetAutonomousFlightMaxVerticalAcceleration
 *fill*         0x000000000004991c        0x4 
 .text.ARCONTROLLER_FEATURE_ARDrone3_SendPilotingSettingsSetAutonomousFlightMaxRotationSpeed
                0x0000000000049920       0xac /home/heratom/Firefly-project/out/arsdk-native/build/libARController/obj/gen/Sources/ARCONTROLLER_Feature.c.o
                0x0000000000049920                ARCONTROLLER_FEATURE_ARDrone3_SendPilotingSettingsSetAutonomousFlightMaxRotationSpeed
 *fill*         0x00000000000499cc        0x4 
 .text.ARCONTROLLER_FEATURE_ARDrone3_SendPilotingSettingsBankedTurn
                0x00000000000499d0       0xac /home/heratom/Firefly-project/out/arsdk-native/build/libARController/obj/gen/Sources/ARCONTROLLER_Feature.c.o
                0x00000000000499d0                ARCONTROLLER_FEATURE_ARDrone3_SendPilotingSettingsBankedTurn
 *fill*         0x0000000000049a7c        0x4 
 .text.ARCONTROLLER_FEATURE_ARDrone3_SendPilotingSettingsMinAltitude
                0x0000000000049a80       0xac /home/heratom/Firefly-project/out/arsdk-native/build/libARController/obj/gen/Sources/ARCONTROLLER_Feature.c.o
                0x0000000000049a80                ARCONTROLLER_FEATURE_ARDrone3_SendPilotingSettingsMinAltitude
 *fill*         0x0000000000049b2c        0x4 
 .text.ARCONTROLLER_FEATURE_ARDrone3_SendPilotingSettingsCirclingDirection
                0x0000000000049b30       0xac /home/heratom/Firefly-project/out/arsdk-native/build/libARController/obj/gen/Sources/ARCONTROLLER_Feature.c.o
                0x0000000000049b30                ARCONTROLLER_FEATURE_ARDrone3_SendPilotingSettingsCirclingDirection
 *fill*         0x0000000000049bdc        0x4 
 .text.ARCONTROLLER_FEATURE_ARDrone3_SendPilotingSettingsCirclingRadius
                0x0000000000049be0       0xac /home/heratom/Firefly-project/out/arsdk-native/build/libARController/obj/gen/Sources/ARCONTROLLER_Feature.c.o
                0x0000000000049be0                ARCONTROLLER_FEATURE_ARDrone3_SendPilotingSettingsCirclingRadius
 *fill*         0x0000000000049c8c        0x4 
 .text.ARCONTROLLER_FEATURE_ARDrone3_SendPilotingSettingsCirclingAltitude
                0x0000000000049c90       0xac /home/heratom/Firefly-project/out/arsdk-native/build/libARController/obj/gen/Sources/ARCONTROLLER_Feature.c.o
                0x0000000000049c90                ARCONTROLLER_FEATURE_ARDrone3_SendPilotingSettingsCirclingAltitude
 *fill*         0x0000000000049d3c        0x4 
 .text.ARCONTROLLER_FEATURE_ARDrone3_SendPilotingSettingsPitchMode
                0x0000000000049d40       0xac /home/heratom/Firefly-project/out/arsdk-native/build/libARController/obj/gen/Sources/ARCONTROLLER_Feature.c.o
                0x0000000000049d40                ARCONTROLLER_FEATURE_ARDrone3_SendPilotingSettingsPitchMode
 *fill*         0x0000000000049dec        0x4 
 .text.ARCONTROLLER_FEATURE_ARDrone3_SendPilotingSettingsLandingMode
                0x0000000000049df0       0xac /home/heratom/Firefly-project/out/arsdk-native/build/libARController/obj/gen/Sources/ARCONTROLLER_Feature.c.o
                0x0000000000049df0                ARCONTROLLER_FEATURE_ARDrone3_SendPilotingSettingsLandingMode
 *fill*         0x0000000000049e9c        0x4 
 .text.ARCONTROLLER_FEATURE_ARDrone3_SendSpeedSettingsMaxVerticalSpeed
                0x0000000000049ea0       0xac /home/heratom/Firefly-project/out/arsdk-native/build/libARController/obj/gen/Sources/ARCONTROLLER_Feature.c.o
                0x0000000000049ea0                ARCONTROLLER_FEATURE_ARDrone3_SendSpeedSettingsMaxVerticalSpeed
 *fill*         0x0000000000049f4c        0x4 
 .text.ARCONTROLLER_FEATURE_ARDrone3_SendSpeedSettingsMaxRotationSpeed
                0x0000000000049f50       0xac /home/heratom/Firefly-project/out/arsdk-native/build/libARController/obj/gen/Sources/ARCONTROLLER_Feature.c.o
                0x0000000000049f50                ARCONTROLLER_FEATURE_ARDrone3_SendSpeedSettingsMaxRotationSpeed
 *fill*         0x0000000000049ffc        0x4 
 .text.ARCONTROLLER_FEATURE_ARDrone3_SendSpeedSettingsHullProtection
                0x000000000004a000       0xac /home/heratom/Firefly-project/out/arsdk-native/build/libARController/obj/gen/Sources/ARCONTROLLER_Feature.c.o
                0x000000000004a000                ARCONTROLLER_FEATURE_ARDrone3_SendSpeedSettingsHullProtection
 *fill*         0x000000000004a0ac        0x4 
 .text.ARCONTROLLER_FEATURE_ARDrone3_SendSpeedSettingsOutdoor
                0x000000000004a0b0       0xac /home/heratom/Firefly-project/out/arsdk-native/build/libARController/obj/gen/Sources/ARCONTROLLER_Feature.c.o
                0x000000000004a0b0                ARCONTROLLER_FEATURE_ARDrone3_SendSpeedSettingsOutdoor
 *fill*         0x000000000004a15c        0x4 
 .text.ARCONTROLLER_FEATURE_ARDrone3_SendSpeedSettingsMaxPitchRollRotationSpeed
                0x000000000004a160       0xac /home/heratom/Firefly-project/out/arsdk-native/build/libARController/obj/gen/Sources/ARCONTROLLER_Feature.c.o
                0x000000000004a160                ARCONTROLLER_FEATURE_ARDrone3_SendSpeedSettingsMaxPitchRollRotationSpeed
 *fill*         0x000000000004a20c        0x4 
 .text.ARCONTROLLER_FEATURE_ARDrone3_SendNetworkSettingsWifiSelection
                0x000000000004a210       0xb5 /home/heratom/Firefly-project/out/arsdk-native/build/libARController/obj/gen/Sources/ARCONTROLLER_Feature.c.o
                0x000000000004a210                ARCONTROLLER_FEATURE_ARDrone3_SendNetworkSettingsWifiSelection
 *fill*         0x000000000004a2c5        0xb 
 .text.ARCONTROLLER_FEATURE_ARDrone3_SendNetworkSettingsWifiSecurity
                0x000000000004a2d0       0xb5 /home/heratom/Firefly-project/out/arsdk-native/build/libARController/obj/gen/Sources/ARCONTROLLER_Feature.c.o
                0x000000000004a2d0                ARCONTROLLER_FEATURE_ARDrone3_SendNetworkSettingsWifiSecurity
 *fill*         0x000000000004a385        0xb 
 .text.ARCONTROLLER_FEATURE_ARDrone3_SendPictureSettingsPictureFormatSelection
                0x000000000004a390       0xac /home/heratom/Firefly-project/out/arsdk-native/build/libARController/obj/gen/Sources/ARCONTROLLER_Feature.c.o
                0x000000000004a390                ARCONTROLLER_FEATURE_ARDrone3_SendPictureSettingsPictureFormatSelection
 *fill*         0x000000000004a43c        0x4 
 .text.ARCONTROLLER_FEATURE_ARDrone3_SendPictureSettingsAutoWhiteBalanceSelection
                0x000000000004a440       0xac /home/heratom/Firefly-project/out/arsdk-native/build/libARController/obj/gen/Sources/ARCONTROLLER_Feature.c.o
                0x000000000004a440                ARCONTROLLER_FEATURE_ARDrone3_SendPictureSettingsAutoWhiteBalanceSelection
 *fill*         0x000000000004a4ec        0x4 
 .text.ARCONTROLLER_FEATURE_ARDrone3_SendPictureSettingsExpositionSelection
                0x000000000004a4f0       0xac /home/heratom/Firefly-project/out/arsdk-native/build/libARController/obj/gen/Sources/ARCONTROLLER_Feature.c.o
                0x000000000004a4f0                ARCONTROLLER_FEATURE_ARDrone3_SendPictureSettingsExpositionSelection
 *fill*         0x000000000004a59c        0x4 
 .text.ARCONTROLLER_FEATURE_ARDrone3_SendPictureSettingsSaturationSelection
                0x000000000004a5a0       0xac /home/heratom/Firefly-project/out/arsdk-native/build/libARController/obj/gen/Sources/ARCONTROLLER_Feature.c.o
                0x000000000004a5a0                ARCONTROLLER_FEATURE_ARDrone3_SendPictureSettingsSaturationSelection
 *fill*         0x000000000004a64c        0x4 
 .text.ARCONTROLLER_FEATURE_ARDrone3_SendPictureSettingsTimelapseSelection
                0x000000000004a650       0xac /home/heratom/Firefly-project/out/arsdk-native/build/libARController/obj/gen/Sources/ARCONTROLLER_Feature.c.o
                0x000000000004a650                ARCONTROLLER_FEATURE_ARDrone3_SendPictureSettingsTimelapseSelection
 *fill*         0x000000000004a6fc        0x4 
 .text.ARCONTROLLER_FEATURE_ARDrone3_SendPictureSettingsVideoAutorecordSelection
                0x000000000004a700       0xbd /home/heratom/Firefly-project/out/arsdk-native/build/libARController/obj/gen/Sources/ARCONTROLLER_Feature.c.o
                0x000000000004a700                ARCONTROLLER_FEATURE_ARDrone3_SendPictureSettingsVideoAutorecordSelection
 *fill*         0x000000000004a7bd        0x3 
 .text.ARCONTROLLER_FEATURE_ARDrone3_SendPictureSettingsVideoStabilizationMode
                0x000000000004a7c0       0xac /home/heratom/Firefly-project/out/arsdk-native/build/libARController/obj/gen/Sources/ARCONTROLLER_Feature.c.o
                0x000000000004a7c0                ARCONTROLLER_FEATURE_ARDrone3_SendPictureSettingsVideoStabilizationMode
 *fill*         0x000000000004a86c        0x4 
 .text.ARCONTROLLER_FEATURE_ARDrone3_SendMediaStreamingVideoEnable
                0x000000000004a870       0xac /home/heratom/Firefly-project/out/arsdk-native/build/libARController/obj/gen/Sources/ARCONTROLLER_Feature.c.o
                0x000000000004a870                ARCONTROLLER_FEATURE_ARDrone3_SendMediaStreamingVideoEnable
 *fill*         0x000000000004a91c        0x4 
 .text.ARCONTROLLER_FEATURE_ARDrone3_SendGPSSettingsSetHome
                0x000000000004a920       0xac /home/heratom/Firefly-project/out/arsdk-native/build/libARController/obj/gen/Sources/ARCONTROLLER_Feature.c.o
                0x000000000004a920                ARCONTROLLER_FEATURE_ARDrone3_SendGPSSettingsSetHome
 *fill*         0x000000000004a9cc        0x4 
 .text.ARCONTROLLER_FEATURE_ARDrone3_SendGPSSettingsResetHome
                0x000000000004a9d0       0xac /home/heratom/Firefly-project/out/arsdk-native/build/libARController/obj/gen/Sources/ARCONTROLLER_Feature.c.o
                0x000000000004a9d0                ARCONTROLLER_FEATURE_ARDrone3_SendGPSSettingsResetHome
 *fill*         0x000000000004aa7c        0x4 
 .text.ARCONTROLLER_FEATURE_ARDrone3_SendGPSSettingsSendControllerGPS
                0x000000000004aa80       0xac /home/heratom/Firefly-project/out/arsdk-native/build/libARController/obj/gen/Sources/ARCONTROLLER_Feature.c.o
                0x000000000004aa80                ARCONTROLLER_FEATURE_ARDrone3_SendGPSSettingsSendControllerGPS
 *fill*         0x000000000004ab2c        0x4 
 .text.ARCONTROLLER_FEATURE_ARDrone3_SendGPSSettingsHomeType
                0x000000000004ab30       0xac /home/heratom/Firefly-project/out/arsdk-native/build/libARController/obj/gen/Sources/ARCONTROLLER_Feature.c.o
                0x000000000004ab30                ARCONTROLLER_FEATURE_ARDrone3_SendGPSSettingsHomeType
 *fill*         0x000000000004abdc        0x4 
 .text.ARCONTROLLER_FEATURE_ARDrone3_SendGPSSettingsReturnHomeDelay
                0x000000000004abe0       0xac /home/heratom/Firefly-project/out/arsdk-native/build/libARController/obj/gen/Sources/ARCONTROLLER_Feature.c.o
                0x000000000004abe0                ARCONTROLLER_FEATURE_ARDrone3_SendGPSSettingsReturnHomeDelay
 *fill*         0x000000000004ac8c        0x4 
 .text.ARCONTROLLER_FEATURE_ARDrone3_SendAntiflickeringElectricFrequency
                0x000000000004ac90       0xac /home/heratom/Firefly-project/out/arsdk-native/build/libARController/obj/gen/Sources/ARCONTROLLER_Feature.c.o
                0x000000000004ac90                ARCONTROLLER_FEATURE_ARDrone3_SendAntiflickeringElectricFrequency
 *fill*         0x000000000004ad3c        0x4 
 .text.ARCONTROLLER_FEATURE_ARDrone3_SendAntiflickeringSetMode
                0x000000000004ad40       0xac /home/heratom/Firefly-project/out/arsdk-native/build/libARController/obj/gen/Sources/ARCONTROLLER_Feature.c.o
                0x000000000004ad40                ARCONTROLLER_FEATURE_ARDrone3_SendAntiflickeringSetMode
 *fill*         0x000000000004adec        0x4 
 .text.ARCONTROLLER_FEATURE_JumpingSumo_SendPilotingPCMD
                0x000000000004adf0       0xba /home/heratom/Firefly-project/out/arsdk-native/build/libARController/obj/gen/Sources/ARCONTROLLER_Feature.c.o
                0x000000000004adf0                ARCONTROLLER_FEATURE_JumpingSumo_SendPilotingPCMD
 *fill*         0x000000000004aeaa        0x6 
 .text.ARCONTROLLER_FEATURE_JumpingSumo_SendPilotingPosture
                0x000000000004aeb0       0xac /home/heratom/Firefly-project/out/arsdk-native/build/libARController/obj/gen/Sources/ARCONTROLLER_Feature.c.o
                0x000000000004aeb0                ARCONTROLLER_FEATURE_JumpingSumo_SendPilotingPosture
 *fill*         0x000000000004af5c        0x4 
 .text.ARCONTROLLER_FEATURE_JumpingSumo_SendPilotingAddCapOffset
                0x000000000004af60       0xac /home/heratom/Firefly-project/out/arsdk-native/build/libARController/obj/gen/Sources/ARCONTROLLER_Feature.c.o
                0x000000000004af60                ARCONTROLLER_FEATURE_JumpingSumo_SendPilotingAddCapOffset
 *fill*         0x000000000004b00c        0x4 
 .text.ARCONTROLLER_FEATURE_JumpingSumo_SendAnimationsJumpStop
                0x000000000004b010       0xaf /home/heratom/Firefly-project/out/arsdk-native/build/libARController/obj/gen/Sources/ARCONTROLLER_Feature.c.o
                0x000000000004b010                ARCONTROLLER_FEATURE_JumpingSumo_SendAnimationsJumpStop
 *fill*         0x000000000004b0bf        0x1 
 .text.ARCONTROLLER_FEATURE_JumpingSumo_SendAnimationsJumpCancel
                0x000000000004b0c0       0xac /home/heratom/Firefly-project/out/arsdk-native/build/libARController/obj/gen/Sources/ARCONTROLLER_Feature.c.o
                0x000000000004b0c0                ARCONTROLLER_FEATURE_JumpingSumo_SendAnimationsJumpCancel
 *fill*         0x000000000004b16c        0x4 
 .text.ARCONTROLLER_FEATURE_JumpingSumo_SendAnimationsJumpLoad
                0x000000000004b170       0xac /home/heratom/Firefly-project/out/arsdk-native/build/libARController/obj/gen/Sources/ARCONTROLLER_Feature.c.o
                0x000000000004b170                ARCONTROLLER_FEATURE_JumpingSumo_SendAnimationsJumpLoad
 *fill*         0x000000000004b21c        0x4 
 .text.ARCONTROLLER_FEATURE_JumpingSumo_SendAnimationsJump
                0x000000000004b220       0xac /home/heratom/Firefly-project/out/arsdk-native/build/libARController/obj/gen/Sources/ARCONTROLLER_Feature.c.o
                0x000000000004b220                ARCONTROLLER_FEATURE_JumpingSumo_SendAnimationsJump
 *fill*         0x000000000004b2cc        0x4 
 .text.ARCONTROLLER_FEATURE_JumpingSumo_SendAnimationsSimpleAnimation
                0x000000000004b2d0       0xac /home/heratom/Firefly-project/out/arsdk-native/build/libARController/obj/gen/Sources/ARCONTROLLER_Feature.c.o
                0x000000000004b2d0                ARCONTROLLER_FEATURE_JumpingSumo_SendAnimationsSimpleAnimation
 *fill*         0x000000000004b37c        0x4 
 .text.ARCONTROLLER_FEATURE_JumpingSumo_SendMediaRecordPicture
                0x000000000004b380       0xac /home/heratom/Firefly-project/out/arsdk-native/build/libARController/obj/gen/Sources/ARCONTROLLER_Feature.c.o
                0x000000000004b380                ARCONTROLLER_FEATURE_JumpingSumo_SendMediaRecordPicture
 *fill*         0x000000000004b42c        0x4 
 .text.ARCONTROLLER_FEATURE_JumpingSumo_SendMediaRecordVideo
                0x000000000004b430       0xb5 /home/heratom/Firefly-project/out/arsdk-native/build/libARController/obj/gen/Sources/ARCONTROLLER_Feature.c.o
                0x000000000004b430                ARCONTROLLER_FEATURE_JumpingSumo_SendMediaRecordVideo
 *fill*         0x000000000004b4e5        0xb 
 .text.ARCONTROLLER_FEATURE_JumpingSumo_SendMediaRecordPictureV2
                0x000000000004b4f0       0xac /home/heratom/Firefly-project/out/arsdk-native/build/libARController/obj/gen/Sources/ARCONTROLLER_Feature.c.o
                0x000000000004b4f0                ARCONTROLLER_FEATURE_JumpingSumo_SendMediaRecordPictureV2
 *fill*         0x000000000004b59c        0x4 
 .text.ARCONTROLLER_FEATURE_JumpingSumo_SendMediaRecordVideoV2
                0x000000000004b5a0       0xac /home/heratom/Firefly-project/out/arsdk-native/build/libARController/obj/gen/Sources/ARCONTROLLER_Feature.c.o
                0x000000000004b5a0                ARCONTROLLER_FEATURE_JumpingSumo_SendMediaRecordVideoV2
 *fill*         0x000000000004b64c        0x4 
 .text.ARCONTROLLER_FEATURE_JumpingSumo_SendNetworkSettingsWifiSelection
                0x000000000004b650       0xb5 /home/heratom/Firefly-project/out/arsdk-native/build/libARController/obj/gen/Sources/ARCONTROLLER_Feature.c.o
                0x000000000004b650                ARCONTROLLER_FEATURE_JumpingSumo_SendNetworkSettingsWifiSelection
 *fill*         0x000000000004b705        0xb 
 .text.ARCONTROLLER_FEATURE_JumpingSumo_SendNetworkWifiScan
                0x000000000004b710       0xac /home/heratom/Firefly-project/out/arsdk-native/build/libARController/obj/gen/Sources/ARCONTROLLER_Feature.c.o
                0x000000000004b710                ARCONTROLLER_FEATURE_JumpingSumo_SendNetworkWifiScan
 *fill*         0x000000000004b7bc        0x4 
 .text.ARCONTROLLER_FEATURE_JumpingSumo_SendNetworkWifiAuthChannel
                0x000000000004b7c0       0xac /home/heratom/Firefly-project/out/arsdk-native/build/libARController/obj/gen/Sources/ARCONTROLLER_Feature.c.o
                0x000000000004b7c0                ARCONTROLLER_FEATURE_JumpingSumo_SendNetworkWifiAuthChannel
 *fill*         0x000000000004b86c        0x4 
 .text.ARCONTROLLER_FEATURE_JumpingSumo_SendAudioSettingsMasterVolume
                0x000000000004b870       0xac /home/heratom/Firefly-project/out/arsdk-native/build/libARController/obj/gen/Sources/ARCONTROLLER_Feature.c.o
                0x000000000004b870                ARCONTROLLER_FEATURE_JumpingSumo_SendAudioSettingsMasterVolume
 *fill*         0x000000000004b91c        0x4 
 .text.ARCONTROLLER_FEATURE_JumpingSumo_SendAudioSettingsTheme
                0x000000000004b920       0xac /home/heratom/Firefly-project/out/arsdk-native/build/libARController/obj/gen/Sources/ARCONTROLLER_Feature.c.o
                0x000000000004b920                ARCONTROLLER_FEATURE_JumpingSumo_SendAudioSettingsTheme
 *fill*         0x000000000004b9cc        0x4 
 .text.ARCONTROLLER_FEATURE_JumpingSumo_SendRoadPlanAllScriptsMetadata
                0x000000000004b9d0       0xac /home/heratom/Firefly-project/out/arsdk-native/build/libARController/obj/gen/Sources/ARCONTROLLER_Feature.c.o
                0x000000000004b9d0                ARCONTROLLER_FEATURE_JumpingSumo_SendRoadPlanAllScriptsMetadata
 *fill*         0x000000000004ba7c        0x4 
 .text.ARCONTROLLER_FEATURE_JumpingSumo_SendRoadPlanScriptUploaded
                0x000000000004ba80       0xb5 /home/heratom/Firefly-project/out/arsdk-native/build/libARController/obj/gen/Sources/ARCONTROLLER_Feature.c.o
                0x000000000004ba80                ARCONTROLLER_FEATURE_JumpingSumo_SendRoadPlanScriptUploaded
 *fill*         0x000000000004bb35        0xb 
 .text.ARCONTROLLER_FEATURE_JumpingSumo_SendRoadPlanScriptDelete
                0x000000000004bb40       0xac /home/heratom/Firefly-project/out/arsdk-native/build/libARController/obj/gen/Sources/ARCONTROLLER_Feature.c.o
                0x000000000004bb40                ARCONTROLLER_FEATURE_JumpingSumo_SendRoadPlanScriptDelete
 *fill*         0x000000000004bbec        0x4 
 .text.ARCONTROLLER_FEATURE_JumpingSumo_SendRoadPlanPlayScript
                0x000000000004bbf0       0xac /home/heratom/Firefly-project/out/arsdk-native/build/libARController/obj/gen/Sources/ARCONTROLLER_Feature.c.o
                0x000000000004bbf0                ARCONTROLLER_FEATURE_JumpingSumo_SendRoadPlanPlayScript
 *fill*         0x000000000004bc9c        0x4 
 .text.ARCONTROLLER_FEATURE_JumpingSumo_SendSpeedSettingsOutdoor
                0x000000000004bca0       0xac /home/heratom/Firefly-project/out/arsdk-native/build/libARController/obj/gen/Sources/ARCONTROLLER_Feature.c.o
                0x000000000004bca0                ARCONTROLLER_FEATURE_JumpingSumo_SendSpeedSettingsOutdoor
 *fill*         0x000000000004bd4c        0x4 
 .text.ARCONTROLLER_FEATURE_JumpingSumo_SendMediaStreamingVideoEnable
                0x000000000004bd50       0xac /home/heratom/Firefly-project/out/arsdk-native/build/libARController/obj/gen/Sources/ARCONTROLLER_Feature.c.o
                0x000000000004bd50                ARCONTROLLER_FEATURE_JumpingSumo_SendMediaStreamingVideoEnable
 *fill*         0x000000000004bdfc        0x4 
 .text.ARCONTROLLER_FEATURE_JumpingSumo_SendVideoSettingsAutorecord
                0x000000000004be00       0xac /home/heratom/Firefly-project/out/arsdk-native/build/libARController/obj/gen/Sources/ARCONTROLLER_Feature.c.o
                0x000000000004be00                ARCONTROLLER_FEATURE_JumpingSumo_SendVideoSettingsAutorecord
 *fill*         0x000000000004beac        0x4 
 .text.ARCONTROLLER_FEATURE_MiniDrone_SendPilotingFlatTrim
                0x000000000004beb0       0xac /home/heratom/Firefly-project/out/arsdk-native/build/libARController/obj/gen/Sources/ARCONTROLLER_Feature.c.o
                0x000000000004beb0                ARCONTROLLER_FEATURE_MiniDrone_SendPilotingFlatTrim
 *fill*         0x000000000004bf5c        0x4 
 .text.ARCONTROLLER_FEATURE_MiniDrone_SendPilotingTakeOff
                0x000000000004bf60       0xac /home/heratom/Firefly-project/out/arsdk-native/build/libARController/obj/gen/Sources/ARCONTROLLER_Feature.c.o
                0x000000000004bf60                ARCONTROLLER_FEATURE_MiniDrone_SendPilotingTakeOff
 *fill*         0x000000000004c00c        0x4 
 .text.ARCONTROLLER_FEATURE_MiniDrone_SendPilotingPCMD
                0x000000000004c010       0xda /home/heratom/Firefly-project/out/arsdk-native/build/libARController/obj/gen/Sources/ARCONTROLLER_Feature.c.o
                0x000000000004c010                ARCONTROLLER_FEATURE_MiniDrone_SendPilotingPCMD
 *fill*         0x000000000004c0ea        0x6 
 .text.ARCONTROLLER_FEATURE_MiniDrone_SendPilotingLanding
                0x000000000004c0f0       0xac /home/heratom/Firefly-project/out/arsdk-native/build/libARController/obj/gen/Sources/ARCONTROLLER_Feature.c.o
                0x000000000004c0f0                ARCONTROLLER_FEATURE_MiniDrone_SendPilotingLanding
 *fill*         0x000000000004c19c        0x4 
 .text.ARCONTROLLER_FEATURE_MiniDrone_SendPilotingEmergency
                0x000000000004c1a0       0xaf /home/heratom/Firefly-project/out/arsdk-native/build/libARController/obj/gen/Sources/ARCONTROLLER_Feature.c.o
                0x000000000004c1a0                ARCONTROLLER_FEATURE_MiniDrone_SendPilotingEmergency
 *fill*         0x000000000004c24f        0x1 
 .text.ARCONTROLLER_FEATURE_MiniDrone_SendPilotingAutoTakeOffMode
                0x000000000004c250       0xac /home/heratom/Firefly-project/out/arsdk-native/build/libARController/obj/gen/Sources/ARCONTROLLER_Feature.c.o
                0x000000000004c250                ARCONTROLLER_FEATURE_MiniDrone_SendPilotingAutoTakeOffMode
 *fill*         0x000000000004c2fc        0x4 
 .text.ARCONTROLLER_FEATURE_MiniDrone_SendAnimationsFlip
                0x000000000004c300       0xac /home/heratom/Firefly-project/out/arsdk-native/build/libARController/obj/gen/Sources/ARCONTROLLER_Feature.c.o
                0x000000000004c300                ARCONTROLLER_FEATURE_MiniDrone_SendAnimationsFlip
 *fill*         0x000000000004c3ac        0x4 
 .text.ARCONTROLLER_FEATURE_MiniDrone_SendAnimationsCap
                0x000000000004c3b0       0xac /home/heratom/Firefly-project/out/arsdk-native/build/libARController/obj/gen/Sources/ARCONTROLLER_Feature.c.o
                0x000000000004c3b0                ARCONTROLLER_FEATURE_MiniDrone_SendAnimationsCap
 *fill*         0x000000000004c45c        0x4 
 .text.ARCONTROLLER_FEATURE_MiniDrone_SendMediaRecordPicture
                0x000000000004c460       0xac /home/heratom/Firefly-project/out/arsdk-native/build/libARController/obj/gen/Sources/ARCONTROLLER_Feature.c.o
                0x000000000004c460                ARCONTROLLER_FEATURE_MiniDrone_SendMediaRecordPicture
 *fill*         0x000000000004c50c        0x4 
 .text.ARCONTROLLER_FEATURE_MiniDrone_SendMediaRecordPictureV2
                0x000000000004c510       0xac /home/heratom/Firefly-project/out/arsdk-native/build/libARController/obj/gen/Sources/ARCONTROLLER_Feature.c.o
                0x000000000004c510                ARCONTROLLER_FEATURE_MiniDrone_SendMediaRecordPictureV2
 *fill*         0x000000000004c5bc        0x4 