Archive member included to satisfy reference by file (symbol)

/usr/lib/x86_64-linux-gnu/libc_nonshared.a(elf-init.oS)
                              /usr/lib/gcc/x86_64-linux-gnu/4.8/../../../x86_64-linux-gnu/crt1.o (__libc_csu_init)

As-needed library included to satisfy reference by file (symbol)

libarsal.so                   /home/heratom/Firefly-project/out/arsdk-native/build/BebopPilotingNewAPI/obj/BebopPiloting.c.o (ARSAL_Sem_Wait)
libarcontroller.so            /home/heratom/Firefly-project/out/arsdk-native/build/BebopPilotingNewAPI/obj/BebopPiloting.c.o (ARCONTROLLER_Device_GetState)
libardiscovery.so             /home/heratom/Firefly-project/out/arsdk-native/build/BebopPilotingNewAPI/obj/BebopPiloting.c.o (ARDISCOVERY_Device_Delete)
libncurses.so.5               /home/heratom/Firefly-project/out/arsdk-native/build/BebopPilotingNewAPI/obj/ihm.c.o (delwin)
libtinfo.so.5                 /home/heratom/Firefly-project/out/arsdk-native/build/BebopPilotingNewAPI/obj/ihm.c.o (wtimeout)
libpthread.so.0               /home/heratom/Firefly-project/out/arsdk-native/build/BebopPilotingNewAPI/obj/BebopPiloting.c.o (__errno_location@@GLIBC_2.2.5)
libc.so.6                     /home/heratom/Firefly-project/out/arsdk-native/build/BebopPilotingNewAPI/obj/BebopPiloting.c.o (mkdtemp@@GLIBC_2.2.5)

Allocating common symbols
Common symbol       size              file

stateSem            0x8               /home/heratom/Firefly-project/out/arsdk-native/build/BebopPilotingNewAPI/obj/BebopPiloting.c.o
gErrorStr           0x800             /home/heratom/Firefly-project/out/arsdk-native/build/BebopPilotingNewAPI/obj/BebopPiloting.c.o

Discarded input sections

 .rodata.cst4   0x0000000000000000        0x4 /usr/lib/gcc/x86_64-linux-gnu/4.8/../../../x86_64-linux-gnu/crt1.o
 .data          0x0000000000000000        0x4 /usr/lib/gcc/x86_64-linux-gnu/4.8/../../../x86_64-linux-gnu/crt1.o
 .bss           0x0000000000000000        0x0 /usr/lib/gcc/x86_64-linux-gnu/4.8/../../../x86_64-linux-gnu/crt1.o
 .note.GNU-stack
                0x0000000000000000        0x0 /usr/lib/gcc/x86_64-linux-gnu/4.8/../../../x86_64-linux-gnu/crt1.o
 .gnu_debuglink
                0x0000000000000000        0xc /usr/lib/gcc/x86_64-linux-gnu/4.8/../../../x86_64-linux-gnu/crt1.o
 .text          0x0000000000000000        0x0 /usr/lib/gcc/x86_64-linux-gnu/4.8/../../../x86_64-linux-gnu/crti.o
 .data          0x0000000000000000        0x0 /usr/lib/gcc/x86_64-linux-gnu/4.8/../../../x86_64-linux-gnu/crti.o
 .bss           0x0000000000000000        0x0 /usr/lib/gcc/x86_64-linux-gnu/4.8/../../../x86_64-linux-gnu/crti.o
 .note.GNU-stack
                0x0000000000000000        0x0 /usr/lib/gcc/x86_64-linux-gnu/4.8/../../../x86_64-linux-gnu/crti.o
 .gnu_debuglink
                0x0000000000000000        0xc /usr/lib/gcc/x86_64-linux-gnu/4.8/../../../x86_64-linux-gnu/crti.o
 .data          0x0000000000000000        0x8 /usr/lib/gcc/x86_64-linux-gnu/4.8/crtbegin.o
 .note.GNU-stack
                0x0000000000000000        0x0 /usr/lib/gcc/x86_64-linux-gnu/4.8/crtbegin.o
 .text          0x0000000000000000        0x0 /home/heratom/Firefly-project/out/arsdk-native/build/BebopPilotingNewAPI/obj/ihm.c.o
 .data          0x0000000000000000        0x0 /home/heratom/Firefly-project/out/arsdk-native/build/BebopPilotingNewAPI/obj/ihm.c.o
 .bss           0x0000000000000000        0x0 /home/heratom/Firefly-project/out/arsdk-native/build/BebopPilotingNewAPI/obj/ihm.c.o
 .note.GNU-stack
                0x0000000000000000        0x0 /home/heratom/Firefly-project/out/arsdk-native/build/BebopPilotingNewAPI/obj/ihm.c.o
 .text          0x0000000000000000        0x0 /home/heratom/Firefly-project/out/arsdk-native/build/BebopPilotingNewAPI/obj/BebopPiloting.c.o
 .note.GNU-stack
                0x0000000000000000        0x0 /home/heratom/Firefly-project/out/arsdk-native/build/BebopPilotingNewAPI/obj/BebopPiloting.c.o
 .data          0x0000000000000000        0x0 /usr/lib/x86_64-linux-gnu/libc_nonshared.a(elf-init.oS)
 .bss           0x0000000000000000        0x0 /usr/lib/x86_64-linux-gnu/libc_nonshared.a(elf-init.oS)
 .note.GNU-stack
                0x0000000000000000        0x0 /usr/lib/x86_64-linux-gnu/libc_nonshared.a(elf-init.oS)
 .text          0x0000000000000000        0x0 /usr/lib/gcc/x86_64-linux-gnu/4.8/crtend.o
 .data          0x0000000000000000        0x0 /usr/lib/gcc/x86_64-linux-gnu/4.8/crtend.o
 .bss           0x0000000000000000        0x0 /usr/lib/gcc/x86_64-linux-gnu/4.8/crtend.o
 .note.GNU-stack
                0x0000000000000000        0x0 /usr/lib/gcc/x86_64-linux-gnu/4.8/crtend.o
 .text          0x0000000000000000        0x0 /usr/lib/gcc/x86_64-linux-gnu/4.8/../../../x86_64-linux-gnu/crtn.o
 .data          0x0000000000000000        0x0 /usr/lib/gcc/x86_64-linux-gnu/4.8/../../../x86_64-linux-gnu/crtn.o
 .bss           0x0000000000000000        0x0 /usr/lib/gcc/x86_64-linux-gnu/4.8/../../../x86_64-linux-gnu/crtn.o
 .note.GNU-stack
                0x0000000000000000        0x0 /usr/lib/gcc/x86_64-linux-gnu/4.8/../../../x86_64-linux-gnu/crtn.o
 .gnu_debuglink
                0x0000000000000000        0xc /usr/lib/gcc/x86_64-linux-gnu/4.8/../../../x86_64-linux-gnu/crtn.o

Memory Configuration

Name             Origin             Length             Attributes
*default*        0x0000000000000000 0xffffffffffffffff

Linker script and memory map

LOAD /usr/lib/gcc/x86_64-linux-gnu/4.8/../../../x86_64-linux-gnu/crt1.o
LOAD /usr/lib/gcc/x86_64-linux-gnu/4.8/../../../x86_64-linux-gnu/crti.o
LOAD /usr/lib/gcc/x86_64-linux-gnu/4.8/crtbegin.o
LOAD /home/heratom/Firefly-project/out/arsdk-native/build/BebopPilotingNewAPI/obj/ihm.c.o
LOAD /home/heratom/Firefly-project/out/arsdk-native/build/BebopPilotingNewAPI/obj/BebopPiloting.c.o
LOAD /home/heratom/Firefly-project/out/arsdk-native/staging/usr/lib/libarsal.so
LOAD /home/heratom/Firefly-project/out/arsdk-native/staging/usr/lib/libarcontroller.so
LOAD /home/heratom/Firefly-project/out/arsdk-native/staging/usr/lib/libardatatransfer.so
LOAD /home/heratom/Firefly-project/out/arsdk-native/staging/usr/lib/libarutils.so
LOAD /home/heratom/Firefly-project/out/arsdk-native/staging/usr/lib/libarcommands.so
LOAD /home/heratom/Firefly-project/out/arsdk-native/staging/usr/lib/libarnetwork.so
LOAD /home/heratom/Firefly-project/out/arsdk-native/staging/usr/lib/libarnetworkal.so
LOAD /home/heratom/Firefly-project/out/arsdk-native/staging/usr/lib/libardiscovery.so
LOAD /home/heratom/Firefly-project/out/arsdk-native/staging/usr/lib/libarstream.so
LOAD /home/heratom/Firefly-project/out/arsdk-native/staging/usr/lib/libarstream2.so
LOAD /usr/lib/gcc/x86_64-linux-gnu/4.8/../../../x86_64-linux-gnu/libncurses.so
LOAD /lib/x86_64-linux-gnu/libncurses.so.5
LOAD /usr/lib/gcc/x86_64-linux-gnu/4.8/../../../x86_64-linux-gnu/libtinfo.so
LOAD /usr/lib/gcc/x86_64-linux-gnu/4.8/../../../x86_64-linux-gnu/librt.so
LOAD /usr/lib/gcc/x86_64-linux-gnu/4.8/libstdc++.so
LOAD /usr/lib/gcc/x86_64-linux-gnu/4.8/../../../x86_64-linux-gnu/libm.so
LOAD /usr/lib/gcc/x86_64-linux-gnu/4.8/libgcc_s.so
LOAD /usr/lib/gcc/x86_64-linux-gnu/4.8/libgcc.a
LOAD /usr/lib/gcc/x86_64-linux-gnu/4.8/../../../x86_64-linux-gnu/libpthread.so
START GROUP
LOAD /lib/x86_64-linux-gnu/libpthread.so.0
LOAD /usr/lib/x86_64-linux-gnu/libpthread_nonshared.a
END GROUP
LOAD /usr/lib/gcc/x86_64-linux-gnu/4.8/../../../x86_64-linux-gnu/libc.so
START GROUP
LOAD /lib/x86_64-linux-gnu/libc.so.6
LOAD /usr/lib/x86_64-linux-gnu/libc_nonshared.a
LOAD /lib/x86_64-linux-gnu/ld-linux-x86-64.so.2
END GROUP
LOAD /usr/lib/gcc/x86_64-linux-gnu/4.8/libgcc_s.so
LOAD /usr/lib/gcc/x86_64-linux-gnu/4.8/libgcc.a
LOAD /usr/lib/gcc/x86_64-linux-gnu/4.8/crtend.o
LOAD /usr/lib/gcc/x86_64-linux-gnu/4.8/../../../x86_64-linux-gnu/crtn.o
                0x0000000000400000                PROVIDE (__executable_start, 0x400000)
                0x0000000000400238                . = (0x400000 + SIZEOF_HEADERS)

.interp         0x0000000000400238       0x1c
 *(.interp)
 .interp        0x0000000000400238       0x1c /usr/lib/gcc/x86_64-linux-gnu/4.8/../../../x86_64-linux-gnu/crt1.o

.note.ABI-tag   0x0000000000400254       0x20
 .note.ABI-tag  0x0000000000400254       0x20 /usr/lib/gcc/x86_64-linux-gnu/4.8/../../../x86_64-linux-gnu/crt1.o

.note.gnu.build-id
                0x0000000000400274       0x24
 *(.note.gnu.build-id)
 .note.gnu.build-id
                0x0000000000400274       0x24 /usr/lib/gcc/x86_64-linux-gnu/4.8/../../../x86_64-linux-gnu/crt1.o

.hash
 *(.hash)

.gnu.hash       0x0000000000400298       0x28
 *(.gnu.hash)
 .gnu.hash      0x0000000000400298       0x28 /usr/lib/gcc/x86_64-linux-gnu/4.8/../../../x86_64-linux-gnu/crt1.o

.dynsym         0x00000000004002c0      0x6f0
 *(.dynsym)
 .dynsym        0x00000000004002c0      0x6f0 /usr/lib/gcc/x86_64-linux-gnu/4.8/../../../x86_64-linux-gnu/crt1.o

.dynstr         0x00000000004009b0      0x59a
 *(.dynstr)
 .dynstr        0x00000000004009b0      0x59a /usr/lib/gcc/x86_64-linux-gnu/4.8/../../../x86_64-linux-gnu/crt1.o

.gnu.version    0x0000000000400f4a       0x94
 *(.gnu.version)
 .gnu.version   0x0000000000400f4a       0x94 /usr/lib/gcc/x86_64-linux-gnu/4.8/../../../x86_64-linux-gnu/crt1.o

.gnu.version_d  0x0000000000400fe0        0x0
 *(.gnu.version_d)
 .gnu.version_d
                0x0000000000000000        0x0 /usr/lib/gcc/x86_64-linux-gnu/4.8/../../../x86_64-linux-gnu/crt1.o

.gnu.version_r  0x0000000000400fe0       0x70
 *(.gnu.version_r)
 .gnu.version_r
                0x0000000000400fe0       0x70 /usr/lib/gcc/x86_64-linux-gnu/4.8/../../../x86_64-linux-gnu/crt1.o

.rela.dyn       0x0000000000401050       0x78
 *(.rela.init)
 *(.rela.text .rela.text.* .rela.gnu.linkonce.t.*)
 .rela.text     0x0000000000000000        0x0 /usr/lib/gcc/x86_64-linux-gnu/4.8/../../../x86_64-linux-gnu/crt1.o
 *(.rela.fini)
 *(.rela.rodata .rela.rodata.* .rela.gnu.linkonce.r.*)
 *(.rela.data .rela.data.* .rela.gnu.linkonce.d.*)
 *(.rela.tdata .rela.tdata.* .rela.gnu.linkonce.td.*)
 *(.rela.tbss .rela.tbss.* .rela.gnu.linkonce.tb.*)
 *(.rela.ctors)
 *(.rela.dtors)
 *(.rela.got)
 .rela.got      0x0000000000401050       0x78 /usr/lib/gcc/x86_64-linux-gnu/4.8/../../../x86_64-linux-gnu/crt1.o
 *(.rela.bss .rela.bss.* .rela.gnu.linkonce.b.*)
 .rela.bss      0x0000000000000000        0x0 /usr/lib/gcc/x86_64-linux-gnu/4.8/../../../x86_64-linux-gnu/crt1.o
 *(.rela.ldata .rela.ldata.* .rela.gnu.linkonce.l.*)
 *(.rela.lbss .rela.lbss.* .rela.gnu.linkonce.lb.*)
 *(.rela.lrodata .rela.lrodata.* .rela.gnu.linkonce.lr.*)
 *(.rela.ifunc)

.rela.plt       0x00000000004010c8      0x5b8
 *(.rela.plt)
 .rela.plt      0x00000000004010c8      0x5b8 /usr/lib/gcc/x86_64-linux-gnu/4.8/../../../x86_64-linux-gnu/crt1.o
                0x0000000000401680                PROVIDE (__rela_iplt_start, .)
 *(.rela.iplt)
 .rela.iplt     0x0000000000000000        0x0 /usr/lib/gcc/x86_64-linux-gnu/4.8/../../../x86_64-linux-gnu/crt1.o
                0x0000000000401680                PROVIDE (__rela_iplt_end, .)

.init           0x0000000000401680       0x1a
 *(SORT(.init))
 .init          0x0000000000401680       0x15 /usr/lib/gcc/x86_64-linux-gnu/4.8/../../../x86_64-linux-gnu/crti.o
                0x0000000000401680                _init
 .init          0x0000000000401695        0x5 /usr/lib/gcc/x86_64-linux-gnu/4.8/../../../x86_64-linux-gnu/crtn.o

.plt            0x00000000004016a0      0x3e0
 *(.plt)
 .plt           0x00000000004016a0      0x3e0 /usr/lib/gcc/x86_64-linux-gnu/4.8/../../../x86_64-linux-gnu/crt1.o
                0x00000000004016b0                ARSAL_Sem_Init
                0x00000000004016c0                wmove
                0x00000000004016d0                ARSAL_Thread_Join
                0x00000000004016e0                ARSAL_Thread_Destroy
                0x00000000004016f0                keypad
                0x0000000000401710                ARDISCOVERY_Device_New
                0x0000000000401720                endwin
                0x0000000000401730                ARCONTROLLER_Error_ToString
                0x0000000000401740                ARCONTROLLER_Device_Delete
                0x0000000000401750                malloc@@GLIBC_2.2.5
                0x0000000000401760                fopen@@GLIBC_2.2.5
                0x0000000000401770                ARSAL_Print_PrintRaw
                0x0000000000401780                __libc_start_main@@GLIBC_2.2.5
                0x0000000000401790                execlp@@GLIBC_2.2.5
                0x00000000004017a0                unlink@@GLIBC_2.2.5
                0x00000000004017b0                rmdir@@GLIBC_2.2.5
                0x00000000004017c0                raw
                0x00000000004017d0                ARCONTROLLER_Device_GetState
                0x00000000004017e0                delwin
                0x00000000004017f0                __vsnprintf_chk@@GLIBC_2.3.4
                0x0000000000401800                initscr
                0x0000000000401810                mvprintw
                0x0000000000401820                wclrtoeol
                0x0000000000401830                ARCONTROLLER_Device_New
                0x0000000000401840                free@@GLIBC_2.2.5
                0x0000000000401850                strlen@@GLIBC_2.2.5
                0x0000000000401860                ARDISCOVERY_Device_InitWifi
                0x0000000000401870                ARCONTROLLER_Device_Start
                0x0000000000401880                wrefresh
                0x0000000000401890                wtimeout
                0x00000000004018a0                ARSAL_Sem_Destroy
                0x00000000004018b0                kill@@GLIBC_2.2.5
                0x00000000004018c0                usleep@@GLIBC_2.2.5
                0x00000000004018d0                strerror@@GLIBC_2.2.5
                0x00000000004018e0                sigaction@@GLIBC_2.2.5
                0x00000000004018f0                ARSAL_Print_SetCallback
                0x0000000000401900                wgetch
                0x0000000000401910                ARSAL_Sem_Wait
                0x0000000000401920                __errno_location@@GLIBC_2.2.5
                0x0000000000401930                ARDISCOVERY_Device_Delete
                0x0000000000401940                __stack_chk_fail@@GLIBC_2.4
                0x0000000000401950                ARCONTROLLER_Device_AddCommandReceivedCallback
                0x0000000000401960                ARSAL_Sem_Post
                0x0000000000401970                __isoc99_scanf@@GLIBC_2.7
                0x0000000000401980                mkdtemp@@GLIBC_2.2.5
                0x0000000000401990                memcmp@@GLIBC_2.2.5
                0x00000000004019a0                fclose@@GLIBC_2.2.5
                0x00000000004019b0                ARCONTROLLER_Device_Stop
                0x00000000004019c0                mkfifo@@GLIBC_2.2.5
                0x00000000004019d0                __snprintf_chk@@GLIBC_2.3.4
                0x00000000004019e0                fork@@GLIBC_2.2.5
                0x00000000004019f0                ARSAL_Thread_Create
                0x0000000000401a00                fwrite@@GLIBC_2.2.5
                0x0000000000401a10                ARDISCOVERY_Error_ToString
                0x0000000000401a20                ARSAL_Time_GetLocalTime
                0x0000000000401a30                ARCONTROLLER_Device_SetVideoStreamCallbacks
                0x0000000000401a40                strftime@@GLIBC_2.2.5
                0x0000000000401a50                noecho
                0x0000000000401a60                ARCONTROLLER_Device_AddStateChangedCallback
                0x0000000000401a70                fflush@@GLIBC_2.2.5
 *(.iplt)
 .iplt          0x0000000000000000        0x0 /usr/lib/gcc/x86_64-linux-gnu/4.8/../../../x86_64-linux-gnu/crt1.o

.text           0x0000000000401a80     0x2b52
 *(.text.unlikely .text.*_unlikely .text.unlikely.*)
 *(.text.exit .text.exit.*)
 *(.text.startup .text.startup.*)
 .text.startup.main
                0x0000000000401a80     0x1028 /home/heratom/Firefly-project/out/arsdk-native/build/BebopPilotingNewAPI/obj/BebopPiloting.c.o
                0x0000000000401a80                main
 *(.text.hot .text.hot.*)
 *(.text .stub .text.* .gnu.linkonce.t.*)
 .text          0x0000000000402aa8       0x2a /usr/lib/gcc/x86_64-linux-gnu/4.8/../../../x86_64-linux-gnu/crt1.o
                0x0000000000402aa8                _start
 *fill*         0x0000000000402ad2        0xe 
 .text          0x0000000000402ae0       0xbd /usr/lib/gcc/x86_64-linux-gnu/4.8/crtbegin.o
 *fill*         0x0000000000402b9d        0x3 
 .text.IHM_InputProcessing
                0x0000000000402ba0      0x25e /home/heratom/Firefly-project/out/arsdk-native/build/BebopPilotingNewAPI/obj/ihm.c.o
                0x0000000000402ba0                IHM_InputProcessing
 *fill*         0x0000000000402dfe        0x2 
 .text.IHM_Delete
                0x0000000000402e00       0x79 /home/heratom/Firefly-project/out/arsdk-native/build/BebopPilotingNewAPI/obj/ihm.c.o
                0x0000000000402e00                IHM_Delete
 *fill*         0x0000000000402e79        0x7 
 .text.IHM_New  0x0000000000402e80       0xc6 /home/heratom/Firefly-project/out/arsdk-native/build/BebopPilotingNewAPI/obj/ihm.c.o
                0x0000000000402e80                IHM_New
 *fill*         0x0000000000402f46        0xa 
 .text.IHM_setCustomData
                0x0000000000402f50        0xb /home/heratom/Firefly-project/out/arsdk-native/build/BebopPilotingNewAPI/obj/ihm.c.o
                0x0000000000402f50                IHM_setCustomData
 *fill*         0x0000000000402f5b        0x5 
 .text.IHM_PrintHeader
                0x0000000000402f60       0x42 /home/heratom/Firefly-project/out/arsdk-native/build/BebopPilotingNewAPI/obj/ihm.c.o
                0x0000000000402f60                IHM_PrintHeader
 *fill*         0x0000000000402fa2        0xe 
 .text.IHM_PrintInfo
                0x0000000000402fb0       0x4a /home/heratom/Firefly-project/out/arsdk-native/build/BebopPilotingNewAPI/obj/ihm.c.o
                0x0000000000402fb0                IHM_PrintInfo
 *fill*         0x0000000000402ffa        0x6 
 .text.IHM_PrintBattery
                0x0000000000403000       0x52 /home/heratom/Firefly-project/out/arsdk-native/build/BebopPilotingNewAPI/obj/ihm.c.o
                0x0000000000403000                IHM_PrintBattery
 *fill*         0x0000000000403052        0xe 
 .text.signal_handler
                0x0000000000403060        0xe /home/heratom/Firefly-project/out/arsdk-native/build/BebopPilotingNewAPI/obj/BebopPiloting.c.o
 *fill*         0x000000000040306e        0x2 
 .text.onInputEvent
                0x0000000000403070      0x1f3 /home/heratom/Firefly-project/out/arsdk-native/build/BebopPilotingNewAPI/obj/BebopPiloting.c.o
                0x0000000000403070                onInputEvent
 *fill*         0x0000000000403263        0xd 
 .text.stateChanged
                0x0000000000403270       0xf0 /home/heratom/Firefly-project/out/arsdk-native/build/BebopPilotingNewAPI/obj/BebopPiloting.c.o
                0x0000000000403270                stateChanged
 .text.decoderConfigCallback
                0x0000000000403360      0x126 /home/heratom/Firefly-project/out/arsdk-native/build/BebopPilotingNewAPI/obj/BebopPiloting.c.o
                0x0000000000403360                decoderConfigCallback
 *fill*         0x0000000000403486        0xa 
 .text.didReceiveFrameCallback
                0x0000000000403490      0x17e /home/heratom/Firefly-project/out/arsdk-native/build/BebopPilotingNewAPI/obj/BebopPiloting.c.o
                0x0000000000403490                didReceiveFrameCallback
 *fill*         0x000000000040360e        0x2 
 .text.customPrintCallback
                0x0000000000403610       0x59 /home/heratom/Firefly-project/out/arsdk-native/build/BebopPilotingNewAPI/obj/BebopPiloting.c.o
                0x0000000000403610                customPrintCallback
 *fill*         0x0000000000403669        0x7 
 .text.batteryStateChanged
                0x0000000000403670       0x22 /home/heratom/Firefly-project/out/arsdk-native/build/BebopPilotingNewAPI/obj/BebopPiloting.c.o
                0x0000000000403670                batteryStateChanged
 *fill*         0x0000000000403692        0xe 
 .text.commandReceived
                0x00000000004036a0      0xeb2 /home/heratom/Firefly-project/out/arsdk-native/build/BebopPilotingNewAPI/obj/BebopPiloting.c.o
                0x00000000004036a0                commandReceived
 *fill*         0x0000000000404552        0xe 
 .text          0x0000000000404560       0x72 /usr/lib/x86_64-linux-gnu/libc_nonshared.a(elf-init.oS)
                0x0000000000404560                __libc_csu_init
                0x00000000004045d0                __libc_csu_fini
 *(.gnu.warning)

.fini           0x00000000004045d4        0x9
 *(SORT(.fini))
 .fini          0x00000000004045d4        0x4 /usr/lib/gcc/x86_64-linux-gnu/4.8/../../../x86_64-linux-gnu/crti.o
                0x00000000004045d4                _fini
 .fini          0x00000000004045d8        0x5 /usr/lib/gcc/x86_64-linux-gnu/4.8/../../../x86_64-linux-gnu/crtn.o
                0x00000000004045dd                PROVIDE (__etext, .)
                0x00000000004045dd                PROVIDE (_etext, .)
                0x00000000004045dd                PROVIDE (etext, .)

.rodata         0x00000000004045e0      0x970
 *(.rodata .rodata.* .gnu.linkonce.r.*)
 .rodata.str1.1
                0x00000000004045e0        0xc /home/heratom/Firefly-project/out/arsdk-native/build/BebopPilotingNewAPI/obj/ihm.c.o
 .rodata.str1.1
                0x00000000004045ec      0x13d /home/heratom/Firefly-project/out/arsdk-native/build/BebopPilotingNewAPI/obj/BebopPiloting.c.o
                                        0x13e (size before relaxing)
 *fill*         0x0000000000404729        0x7 
 .rodata        0x0000000000404730      0x132 /home/heratom/Firefly-project/out/arsdk-native/build/BebopPilotingNewAPI/obj/BebopPiloting.c.o
 *fill*         0x0000000000404862        0x6 
 .rodata.str1.8
                0x0000000000404868      0x6e8 /home/heratom/Firefly-project/out/arsdk-native/build/BebopPilotingNewAPI/obj/BebopPiloting.c.o
                                        0x6e3 (size before relaxing)

.rodata1
 *(.rodata1)

.eh_frame_hdr   0x0000000000404f50       0xa4
 *(.eh_frame_hdr)
 .eh_frame_hdr  0x0000000000404f50       0xa4 /usr/lib/gcc/x86_64-linux-gnu/4.8/../../../x86_64-linux-gnu/crt1.o

.eh_frame       0x0000000000404ff8      0x3c4
 *(.eh_frame)
 .eh_frame      0x0000000000404ff8       0x30 /usr/lib/gcc/x86_64-linux-gnu/4.8/../../../x86_64-linux-gnu/crt1.o
 .eh_frame      0x0000000000405028       0x40 /usr/lib/gcc/x86_64-linux-gnu/4.8/../../../x86_64-linux-gnu/crt1.o
 .eh_frame      0x0000000000405068      0x138 /home/heratom/Firefly-project/out/arsdk-native/build/BebopPilotingNewAPI/obj/ihm.c.o
                                        0x120 (size before relaxing)
 .eh_frame      0x00000000004051a0      0x1b8 /home/heratom/Firefly-project/out/arsdk-native/build/BebopPilotingNewAPI/obj/BebopPiloting.c.o
 .eh_frame      0x0000000000405358       0x60 /usr/lib/x86_64-linux-gnu/libc_nonshared.a(elf-init.oS)
                                         0x78 (size before relaxing)
 .eh_frame      0x00000000004053b8        0x4 /usr/lib/gcc/x86_64-linux-gnu/4.8/crtend.o

.gcc_except_table
 *(.gcc_except_table .gcc_except_table.*)

.exception_ranges
 *(.exception_ranges .exception_ranges*)
                0x00000000004053bc                . = (ALIGN (0x200000) - ((0x200000 - .) & 0x1fffff))
                0x0000000000605d8c                . = DATA_SEGMENT_ALIGN (0x200000, 0x1000)

.eh_frame
 *(.eh_frame)

.gcc_except_table
 *(.gcc_except_table .gcc_except_table.*)

.exception_ranges
 *(.exception_ranges .exception_ranges*)

.tdata
 *(.tdata .tdata.* .gnu.linkonce.td.*)

.tbss
 *(.tbss .tbss.* .gnu.linkonce.tb.*)
 *(.tcommon)

.preinit_array  0x0000000000605d8c        0x0
                0x0000000000605d8c                PROVIDE (__preinit_array_start, .)
 *(.preinit_array)
                0x0000000000605d8c                PROVIDE (__preinit_array_end, .)

.init_array     0x0000000000605d90        0x8
                0x0000000000605d90                PROVIDE (__init_array_start, .)
 *(SORT(.init_array.*) SORT(.ctors.*))
 *(.init_array EXCLUDE_FILE(*crtend?.o *crtend.o *crtbegin?.o *crtbegin.o) .ctors)
 .init_array    0x0000000000605d90        0x8 /usr/lib/gcc/x86_64-linux-gnu/4.8/crtbegin.o
                0x0000000000605d98                PROVIDE (__init_array_end, .)

.fini_array     0x0000000000605d98        0x8
                0x0000000000605d98                PROVIDE (__fini_array_start, .)
 *(SORT(.fini_array.*) SORT(.dtors.*))
 *(.fini_array EXCLUDE_FILE(*crtend?.o *crtend.o *crtbegin?.o *crtbegin.o) .dtors)
 .fini_array    0x0000000000605d98        0x8 /usr/lib/gcc/x86_64-linux-gnu/4.8/crtbegin.o
                0x0000000000605da0                PROVIDE (__fini_array_end, .)

.ctors
 *crtbegin.o(.ctors)
 *crtbegin?.o(.ctors)
 *(EXCLUDE_FILE(*crtend?.o *crtend.o) .ctors)
 *(SORT(.ctors.*))
 *(.ctors)

.dtors
 *crtbegin.o(.dtors)
 *crtbegin?.o(.dtors)
 *(EXCLUDE_FILE(*crtend?.o *crtend.o) .dtors)
 *(SORT(.dtors.*))
 *(.dtors)

.jcr            0x0000000000605da0        0x8
 *(.jcr)
 .jcr           0x0000000000605da0        0x0 /usr/lib/gcc/x86_64-linux-gnu/4.8/crtbegin.o
 .jcr           0x0000000000605da0        0x8 /usr/lib/gcc/x86_64-linux-gnu/4.8/crtend.o

.data.rel.ro
 *(.data.rel.ro.local* .gnu.linkonce.d.rel.ro.local.*)
 *(.data.rel.ro .data.rel.ro.* .gnu.linkonce.d.rel.ro.*)

.dynamic        0x0000000000605da8      0x230
 *(.dynamic)
 .dynamic       0x0000000000605da8      0x230 /usr/lib/gcc/x86_64-linux-gnu/4.8/../../../x86_64-linux-gnu/crt1.o
                0x0000000000605da8                _DYNAMIC

.got            0x0000000000605fd8       0x28
 *(.got)
 .got           0x0000000000605fd8       0x28 /usr/lib/gcc/x86_64-linux-gnu/4.8/../../../x86_64-linux-gnu/crt1.o
 *(.igot)
                0x0000000000606fe8                . = DATA_SEGMENT_RELRO_END (., (SIZEOF (.got.plt) >= 0x18)?0x18:0x0)

.got.plt        0x0000000000606000      0x200
 *(.got.plt)
 .got.plt       0x0000000000606000      0x200 /usr/lib/gcc/x86_64-linux-gnu/4.8/../../../x86_64-linux-gnu/crt1.o
                0x0000000000606000                _GLOBAL_OFFSET_TABLE_
 *(.igot.plt)
 .igot.plt      0x0000000000000000        0x0 /usr/lib/gcc/x86_64-linux-gnu/4.8/../../../x86_64-linux-gnu/crt1.o

.data           0x0000000000606200       0x22
 *(.data .data.* .gnu.linkonce.d.*)
 .data          0x0000000000606200       0x22 /home/heratom/Firefly-project/out/arsdk-native/build/BebopPilotingNewAPI/obj/BebopPiloting.c.o
                0x0000000000606200                gIHMRun

.tm_clone_table
                0x0000000000606228        0x0
 .tm_clone_table
                0x0000000000606228        0x0 /usr/lib/gcc/x86_64-linux-gnu/4.8/crtbegin.o
 .tm_clone_table
                0x0000000000606228        0x0 /usr/lib/gcc/x86_64-linux-gnu/4.8/crtend.o

.data1
 *(.data1)
                0x0000000000606228                _edata = .
                0x0000000000606228                PROVIDE (edata, .)
                0x0000000000606228                . = .
                0x0000000000606228                __bss_start = .

.bss            0x0000000000606240      0x8e0
 *(.dynbss)
 .dynbss        0x0000000000000000        0x0 /usr/lib/gcc/x86_64-linux-gnu/4.8/../../../x86_64-linux-gnu/crt1.o
 *(.bss .bss.* .gnu.linkonce.b.*)
 .bss           0x0000000000606240        0x1 /usr/lib/gcc/x86_64-linux-gnu/4.8/crtbegin.o
 *fill*         0x0000000000606241       0x1f 
 .bss           0x0000000000606260       0xa0 /home/heratom/Firefly-project/out/arsdk-native/build/BebopPilotingNewAPI/obj/BebopPiloting.c.o
                0x0000000000606260                isBebop2
                0x0000000000606264                frameNb
                0x0000000000606268                videoOut
                0x0000000000606270                ihm
 *(COMMON)
 COMMON         0x0000000000606300      0x820 /home/heratom/Firefly-project/out/arsdk-native/build/BebopPilotingNewAPI/obj/BebopPiloting.c.o
                0x0000000000606300                stateSem
                0x0000000000606320                gErrorStr
                0x0000000000606b20                . = ALIGN ((. != 0x0)?0x8:0x1)

.lbss
 *(.dynlbss)
 *(.lbss .lbss.* .gnu.linkonce.lb.*)
 *(LARGE_COMMON)
                0x0000000000606b20                . = ALIGN (0x8)
                0x0000000000606b20                . = SEGMENT_START ("ldata-segment", .)

.lrodata
 *(.lrodata .lrodata.* .gnu.linkonce.lr.*)

.ldata          0x0000000000a06b20        0x0
 *(.ldata .ldata.* .gnu.linkonce.l.*)
                0x0000000000a06b20                . = ALIGN ((. != 0x0)?0x8:0x1)
                0x0000000000a06b20                . = ALIGN (0x8)
                0x0000000000a06b20                _end = .
                0x0000000000a06b20                PROVIDE (end, .)
                0x0000000000a06b20                . = DATA_SEGMENT_END (.)

.stab
 *(.stab)

.stabstr
 *(.stabstr)

.stab.excl
 *(.stab.excl)

.stab.exclstr
 *(.stab.exclstr)

.stab.index
 *(.stab.index)

.stab.indexstr
 *(.stab.indexstr)

.comment        0x0000000000000000       0x4f
 *(.comment)
 .comment       0x0000000000000000       0x2b /usr/lib/gcc/x86_64-linux-gnu/4.8/crtbegin.o
                                         0x2c (size before relaxing)
 .comment       0x0000000000000000       0x2c /home/heratom/Firefly-project/out/arsdk-native/build/BebopPilotingNewAPI/obj/ihm.c.o
 .comment       0x0000000000000000       0x2c /home/heratom/Firefly-project/out/arsdk-native/build/BebopPilotingNewAPI/obj/BebopPiloting.c.o
 .comment       0x000000000000002b       0x24 /usr/lib/x86_64-linux-gnu/libc_nonshared.a(elf-init.oS)
                                         0x25 (size before relaxing)
 .comment       0x0000000000000000       0x2c /usr/lib/gcc/x86_64-linux-gnu/4.8/crtend.o

.debug
 *(.debug)

.line
 *(.line)

.debug_srcinfo
 *(.debug_srcinfo)

.debug_sfnames
 *(.debug_sfnames)

.debug_aranges  0x0000000000000000      0x140
 *(.debug_aranges)
 .debug_aranges
                0x0000000000000000       0x90 /home/heratom/Firefly-project/out/arsdk-native/build/BebopPilotingNewAPI/obj/ihm.c.o
 .debug_aranges
                0x0000000000000090       0xb0 /home/heratom/Firefly-project/out/arsdk-native/build/BebopPilotingNewAPI/obj/BebopPiloting.c.o

.debug_pubnames
 *(.debug_pubnames)

.debug_info     0x0000000000000000     0x8aa6
 *(.debug_info .gnu.linkonce.wi.*)
 .debug_info    0x0000000000000000      0xadf /home/heratom/Firefly-project/out/arsdk-native/build/BebopPilotingNewAPI/obj/ihm.c.o
 .debug_info    0x0000000000000adf     0x7fc7 /home/heratom/Firefly-project/out/arsdk-native/build/BebopPilotingNewAPI/obj/BebopPiloting.c.o

.debug_abbrev   0x0000000000000000      0x7bf
 *(.debug_abbrev)
 .debug_abbrev  0x0000000000000000      0x2b2 /home/heratom/Firefly-project/out/arsdk-native/build/BebopPilotingNewAPI/obj/ihm.c.o
 .debug_abbrev  0x00000000000002b2      0x50d /home/heratom/Firefly-project/out/arsdk-native/build/BebopPilotingNewAPI/obj/BebopPiloting.c.o

.debug_line     0x0000000000000000      0xc11
 *(.debug_line .debug_line.* .debug_line_end)
 .debug_line    0x0000000000000000      0x277 /home/heratom/Firefly-project/out/arsdk-native/build/BebopPilotingNewAPI/obj/ihm.c.o
 .debug_line    0x0000000000000277      0x99a /home/heratom/Firefly-project/out/arsdk-native/build/BebopPilotingNewAPI/obj/BebopPiloting.c.o

.debug_frame
 *(.debug_frame)

.debug_str      0x0000000000000000     0xe9c0
 *(.debug_str)
 .debug_str     0x0000000000000000      0x6a8 /home/heratom/Firefly-project/out/arsdk-native/build/BebopPilotingNewAPI/obj/ihm.c.o
                                        0x702 (size before relaxing)
 .debug_str     0x00000000000006a8     0xe318 /home/heratom/Firefly-project/out/arsdk-native/build/BebopPilotingNewAPI/obj/BebopPiloting.c.o
                                       0xea01 (size before relaxing)

.debug_loc      0x0000000000000000     0x2908
 *(.debug_loc)
 .debug_loc     0x0000000000000000      0x237 /home/heratom/Firefly-project/out/arsdk-native/build/BebopPilotingNewAPI/obj/ihm.c.o
 .debug_loc     0x0000000000000237     0x26d1 /home/heratom/Firefly-project/out/arsdk-native/build/BebopPilotingNewAPI/obj/BebopPiloting.c.o

.debug_macinfo
 *(.debug_macinfo)

.debug_weaknames
 *(.debug_weaknames)

.debug_funcnames
 *(.debug_funcnames)

.debug_typenames
 *(.debug_typenames)

.debug_varnames
 *(.debug_varnames)

.debug_pubtypes
 *(.debug_pubtypes)

.debug_ranges   0x0000000000000000      0x4e0
 *(.debug_ranges)
 .debug_ranges  0x0000000000000000       0x80 /home/heratom/Firefly-project/out/arsdk-native/build/BebopPilotingNewAPI/obj/ihm.c.o
 .debug_ranges  0x0000000000000080      0x460 /home/heratom/Firefly-project/out/arsdk-native/build/BebopPilotingNewAPI/obj/BebopPiloting.c.o

.debug_macro
 *(.debug_macro)

.gnu.attributes
 *(.gnu.attributes)

/DISCARD/
 *(.note.GNU-stack)
 *(.gnu_debuglink)
 *(.gnu.lto_*)
OUTPUT(/home/heratom/Firefly-project/out/arsdk-native/build/BebopPilotingNewAPI/BebopPilotingNewAPI elf64-x86-64)
